Microchip MPLAB XC8 Compiler V2.10 ()

Linker command line:

-W-3 --edf=C:\Program Files (x86)\Microchip\xc8\v2.10\pic\dat\en_msgs.txt \
  -cs -h+dist/default/production\Dew_Controller.X.production.sym \
  --cmf=dist/default/production\Dew_Controller.X.production.cmf -z \
  -Q16F15356 -oC:\Users\Ondre\AppData\Local\Temp\sfdc.2 \
  --defsym=__MPLAB_BUILD=1 \
  -Mdist/default/production/Dew_Controller.X.production.map -E1 -ver=XC8 \
  --acfsm=1493 -ASTACK=02200h-02749h -pstack=STACK -ACODE=00h-07FFhx8 \
  -ASTRCODE=00h-03FFFh -ASTRING=00h-0FFhx64 -ACONST=00h-0FFhx64 \
  -AENTRY=00h-0FFhx64 -ACOMMON=070h-07Fh -ABANK0=020h-06Fh \
  -ABANK1=0A0h-0EFh -ABANK2=0120h-016Fh -ABANK3=01A0h-01EFh \
  -ABANK4=0220h-026Fh -ABANK5=02A0h-02EFh -ABANK6=0320h-036Fh \
  -ABANK7=03A0h-03EFh -ABANK8=0420h-046Fh -ABANK9=04A0h-04EFh \
  -ABANK10=0520h-056Fh -ABANK11=05A0h-05EFh -ABANK12=0620h-066Fh \
  -ABANK13=06A0h-06EFh -ABANK14=0720h-076Fh -ABANK15=07A0h-07EFh \
  -ABANK16=0820h-086Fh -ABANK17=08A0h-08EFh -ABANK18=0920h-096Fh \
  -ABANK19=09A0h-09EFh -ABANK20=0A20h-0A6Fh -ABANK21=0AA0h-0AEFh \
  -ABANK22=0B20h-0B6Fh -ABANK23=0BA0h-0BEFh -ABANK24=0C20h-0C6Fh \
  -ABANK25=0CA0h-0CBFh -ABIGRAM=02000h-027EFh \
  -ARAM=020h-06Fh,0A0h-0EFh,0120h-016Fh,01A0h-01EFh,0220h-026Fh,02A0h-02EFh,0320h-036Fh,03A0h-03EFh,0420h-046Fh,04A0h-04EFh,0520h-056Fh,05A0h-05EFh,0620h-066Fh,06A0h-06EFh,0720h-076Fh,07A0h-07EFh,0820h-086Fh,08A0h-08EFh,0920h-096Fh,09A0h-09EFh,0A20h-0A6Fh,0AA0h-0AEFh,0B20h-0B6Fh,0BA0h-0BEFh,0C20h-0C6Fh,0CA0h-0CBFh \
  -AABS1=020h-07Fh,0A0h-0EFh,0120h-016Fh,01A0h-01EFh,0220h-026Fh,02A0h-02EFh,0320h-036Fh,03A0h-03EFh,0420h-046Fh,04A0h-04EFh,0520h-056Fh,05A0h-05EFh,0620h-066Fh,06A0h-06EFh,0720h-076Fh,07A0h-07EFh,0820h-086Fh,08A0h-08EFh,0920h-096Fh,09A0h-09EFh,0A20h-0A6Fh,0AA0h-0AEFh,0B20h-0B6Fh,0BA0h-0BEFh,0C20h-0C6Fh,0CA0h-0CBFh \
  -ASFR0=00h-01Fh -ASFR1=080h-09Fh -ASFR2=0100h-011Fh -ASFR3=0180h-019Fh \
  -ASFR4=0200h-021Fh -ASFR5=0280h-029Fh -ASFR6=0300h-031Fh \
  -ASFR7=0380h-039Fh -ASFR8=0400h-041Fh -ASFR9=0480h-049Fh \
  -ASFR10=0500h-051Fh -ASFR11=0580h-059Fh -ASFR12=0600h-061Fh \
  -ASFR13=0680h-069Fh -ASFR14=0700h-071Fh -ASFR15=0780h-079Fh \
  -ASFR16=0800h-081Fh -ASFR17=0880h-089Fh -ASFR18=0900h-091Fh \
  -ASFR19=0980h-099Fh -ASFR20=0A00h-0A1Fh -ASFR21=0A80h-0A9Fh \
  -ASFR22=0B00h-0B1Fh -ASFR23=0B80h-0B9Fh -ASFR24=0C00h-0C1Fh \
  -ASFR25=0C80h-0C9Fh -ASFR26=0D00h-0D6Fh -ASFR27=0D80h-0DEFh \
  -ASFR28=0E00h-0E6Fh -ASFR29=0E80h-0EEFh -ASFR30=0F00h-0F6Fh \
  -ASFR31=0F80h-0FEFh -ASFR32=01000h-0106Fh -ASFR33=01080h-010EFh \
  -ASFR34=01100h-0116Fh -ASFR35=01180h-011EFh -ASFR36=01200h-0126Fh \
  -ASFR37=01280h-012EFh -ASFR38=01300h-0136Fh -ASFR39=01380h-013EFh \
  -ASFR40=01400h-0146Fh -ASFR41=01480h-014EFh -ASFR42=01500h-0156Fh \
  -ASFR43=01580h-015EFh -ASFR44=01600h-0166Fh -ASFR45=01680h-016EFh \
  -ASFR46=01700h-0176Fh -ASFR47=01780h-017EFh -ASFR48=01800h-0186Fh \
  -ASFR49=01880h-018EFh -ASFR50=01900h-0196Fh -ASFR51=01980h-019EFh \
  -ASFR52=01A00h-01A6Fh -ASFR53=01A80h-01AEFh -ASFR54=01B00h-01B6Fh \
  -ASFR55=01B80h-01BEFh -ASFR56=01C00h-01C6Fh -ASFR57=01C80h-01CEFh \
  -ASFR58=01D00h-01D6Fh -ASFR59=01D80h-01DEFh -ASFR60=01E00h-01E6Fh \
  -ASFR61=01E80h-01EEFh -ASFR62=01F00h-01F6Fh -ASFR63=01F80h-01FEFh \
  -preset_vec=00h,intentry=04h,init,end_init -ppowerup=CODE -pcinit=CODE \
  -pfunctab=ENTRY -ACONFIG=08007h-0800Bh -pconfig=CONFIG -DCONFIG=2 \
  -AIDLOC=08000h-08003h -pidloc=IDLOC -DIDLOC=2 -DCODE=2 -DSTRCODE=2 \
  -DSTRING=2 -DCONST=2 -DENTRY=2 -k \
  C:\Users\Ondre\AppData\Local\Temp\sfdc.o \
  dist/default/production\Dew_Controller.X.production.o 

Object code version is 3.11

Machine type is 16F15356



                Name                               Link     Load   Length Selector   Space Scale
C:\Users\Ondre\AppData\Local\Temp\sfdc.o
                end_init                             7A       7A        2        8       0
                reset_vec                             0        0        2        0       0
                config                             8007     8007        5    1000E       0
dist/default/production\Dew_Controller.X.production.o
                cinit                                7C       7C       6A        8       0
                intentry                              4        4       76        8       0
                text86                             30CA     30CA        3     6194       0
                text85                             1800     1800        3     280A       0
                text84                             310B     310B        A     6216       0
                text83                             35B8     35B8       48     6B70       0
                text82                             34A4     34A4       43     6948       0
                text81                             32F7     32F7       31     65EE       0
                text80                             3691     3691       4E     6D22       0
                text78                             30F9     30F9        9     61F2       0
                text77                             3465     3465       3F     68CA       0
                text76                             317E     317E       17     62FC       0
                text75                             31E6     31E6       1F     63CC       0
                text74                             3115     3115        A     622A       0
                text73                             2AF3     2AF3       8B     55E6       0
                text72                             3129     3129        B     6252       0
                text71                             3245     3245       27     648A       0
                text70                             1007     1007      1D2     200E       0
                text69                             3205     3205       20     640A       0
                text68                             11D9     11D9      22C     23B2       0
                text67                              592      592      25F        8       0
                text66                             335A     335A       35     66B4       0
                text65                             31AD     31AD       1C     635A       0
                text64                               E6       E6      4AC        8       0
                text63                             2A77     2A77       7C     54EE       0
                text62                             2B7E     2B7E       96     56FC       0
                text61                             36DF     36DF       52     6DBE       0
                text60                             326C     326C       2C     64D8       0
                text59                             3731     3731       66     6E62       0
                text58                             2002     2002       12     4004       0
                text57                             338F     338F       35     671E       0
                text56                             33C4     33C4       35     6788       0
                text55                             342E     342E       37     685C       0
                text54                             3298     3298       2F     6530       0
                text53                             1A85     1A85      1BC     350A       0
                text52                              BC8      BC8      438     1790       0
                text51                             3648     3648       49     6C90       0
                text50                             32C7     32C7       30     658E       0
                text49                             3797     3797       69     6F2E       0
                text48                             352B     352B       46     6A56       0
                text47                             33F9     33F9       35     67F2       0
                text46                             31C9     31C9       1D     6392       0
                text45                             1000     1000        7     1790       0
                text44                             3571     3571       47     6AE2       0
                text43                             30D9     30D9        8     61B2       0
                text42                             1405     1405      3FB     280A       0
                text41                                2        2        2        0       0
                text40                             316D     316D       11     62DA       0
                text39                             2802     2802       56     5004       0
                text38                             3134     3134        B     6268       0
                text37                             3102     3102        9     6204       0
                text36                             311F     311F        A     623E       0
                text35                             24D9     24D9      184     49B2       0
                text34                             2C14     2C14       AC     5828       0
                text33                             18CF     18CF      1B6     319E       0
                text32                             2EEC     2EEC      114     5DD8       0
                text31                             3600     3600       48     6C00       0
                text30                             3328     3328       32     6650       0
                text29                             21F3     21F3      167     43E6       0
                text28                             2858     2858       69     50B0       0
                text27                             30CD     30CD        4     619A       0
                text26                             30D1     30D1        4     61A2       0
                text25                             313F     313F        B     627E       0
                text24                             28C1     28C1       6B     5182       0
                text23                              802      802       32     1004       0
                text22                             1807     1807       C8     300E       0
                text21                             34E7     34E7       44     69CE       0
                text20                             2014     2014       96     4028       0
                text19                             314A     314A        B     6294       0
                text18                             1E1C     1E1C      1E4     3C38       0
                text17                              913      913      2B5     1226       0
                text16                             265D     265D      1A3     4CBA       0
                text15                             235A     235A      17F     46B4       0
                text14                             2CC0     2CC0       AD     5980       0
                text13                             2D6D     2D6D       BA     5ADA       0
                text12                             292C     292C       6E     5258       0
                text11                             299A     299A       6E     5334       0
                text10                             2A08     2A08       6F     5410       0
                text9                               834      834       DF     1068       0
                text8                              30D5     30D5        4     61AA       0
                text7                              30E1     30E1        8     61C2       0
                text6                              1803     1803        4     3006       0
                text5                              30E9     30E9        8     61D2       0
                text4                              1C41     1C41      1DB     3882       0
                text3                               7F1      7F1        E        8       0
                text2                              3195     3195       18     632A       0
                text1                              20AA     20AA      149     4154       0
                maintext                           2E27     2E27       C5     5C4E       0
                cstackBANK0                          20       20       48       20       1
                cstackCOMMON                         70       70        C       70       1
                cstackBANK1                          A0       A0       4D       A0       1
                cstackBANK2                         120      120       43      120       1
                cstackBANK3                         1A0      1A0       40      1A0       1
                cstackBANK4                         249      249       17      220       1
                clrtext                            3155     3155        C     62AA       0
                inittext                           3161     3161        C     62C2       0
                dataBANK6                           320      320       20      320       1
                bssBANK5                            2A0      2A0       42      2A0       1
                dataBANK4                           260      260        8      220       1
                bssBANK4                            220      220       29      220       1
                dataBANK3                           1EF      1EF        1      1A0       1
                bssBANK3                            1E0      1E0        F      1A0       1
                bssBANK2                            163      163        D      120       1
                dataBANK1                            EF       EF        1       A0       1
                bssBANK1                             ED       ED        2       A0       1
                bssBANK0                             68       68        4       20       1
                bssCOMMON                            7C       7C        2       70       1
                stringtext72                       3B98     3B98        2     7000       0
                stringtext71                       3B95     3B95        3     7000       0
                stringtext70                       3B92     3B92        3     7000       0
                stringtext69                       3B8F     3B8F        3     7000       0
                stringtext68                       3B8C     3B8C        3     7000       0
                stringtext67                       3B89     3B89        3     7000       0
                stringtext66                       3B86     3B86        3     7000       0
                stringtext65                       3B82     3B82        4     7000       0
                stringtext64                       3B7E     3B7E        4     7000       0
                stringtext63                       3B7A     3B7A        4     7000       0
                stringtext62                       3B76     3B76        4     7000       0
                stringtext61                       3B70     3B70        6     7000       0
                stringtext60                       3B69     3B69        7     7000       0
                stringtext59                       3B62     3B62        7     7000       0
                stringtext58                       3B5B     3B5B        7     7000       0
                stringtext57                       3B54     3B54        7     7000       0
                stringtext56                       3B4D     3B4D        7     7000       0
                stringtext55                       3B45     3B45        8     7000       0
                stringtext54                       3B3D     3B3D        8     7000       0
                stringtext53                       3B35     3B35        8     7000       0
                stringtext52                       3B2D     3B2D        8     7000       0
                stringtext51                       3B25     3B25        8     7000       0
                stringtext50                       3B1D     3B1D        8     7000       0
                stringtext49                       3B15     3B15        8     7000       0
                stringtext48                       3B0C     3B0C        9     7000       0
                stringtext47                       3B03     3B03        9     7000       0
                stringtext46                       3AFA     3AFA        9     7000       0
                stringtext45                       3AF0     3AF0        A     7000       0
                stringtext44                       3AE4     3AE4        C     7000       0
                stringtext43                       3AD7     3AD7        D     7000       0
                stringtext42                       3ACA     3ACA        D     7000       0
                stringtext41                       3ABD     3ABD        D     7000       0
                stringtext40                       3AB0     3AB0        D     7000       0
                stringtext39                       3AA3     3AA3        D     7000       0
                stringtext38                       3A96     3A96        D     7000       0
                stringtext37                       3A89     3A89        D     7000       0
                stringtext36                       3A7C     3A7C        D     7000       0
                stringtext35                       3A6F     3A6F        D     7000       0
                stringtext34                       3A62     3A62        D     7000       0
                stringtext33                       3A55     3A55        D     7000       0
                stringtext32                       3A48     3A48        D     7000       0
                stringtext31                       3A3B     3A3B        D     7000       0
                stringtext30                       3A2E     3A2E        D     7000       0
                stringtext29                       3A21     3A21        D     7000       0
                stringtext28                       3A14     3A14        D     7000       0
                stringtext27                       3A07     3A07        D     7000       0
                stringtext26                       39FA     39FA        D     7000       0
                stringtext25                       39ED     39ED        D     7000       0
                stringtext24                       39E0     39E0        D     7000       0
                stringtext23                       39D3     39D3        D     7000       0
                stringtext22                       39C6     39C6        D     7000       0
                stringtext21                       39B9     39B9        D     7000       0
                stringtext20                       39AC     39AC        D     7000       0
                stringtext19                       399F     399F        D     7000       0
                stringtext18                       3992     3992        D     7000       0
                stringtext17                       3985     3985        D     7000       0
                stringtext16                       3978     3978        D     7000       0
                stringtext15                       396B     396B        D     7000       0
                stringtext14                       395E     395E        D     7000       0
                stringtext13                       3951     3951        D     7000       0
                stringtext12                       3944     3944        D     7000       0
                stringtext11                       3937     3937        D     7000       0
                stringtext10                       392A     392A        D     7000       0
                stringtext9                        391D     391D        D     7000       0
                stringtext8                        3910     3910        D     7000       0
                stringtext7                        3903     3903        D     7000       0
                stringtext6                        38F6     38F6        D     7000       0
                stringtext5                        38E9     38E9        D     7000       0
                stringtext4                        38A8     38A8       25     7000       0
                stringtext3                        3854     3854       54     7000       0
                stringtext2                        38CD     38CD       1C     7000       0
                stringtext1                        3800     3800       54     7000       0
                idataBANK6                         3225     3225       20     644A       0
                idataBANK4                         30F1     30F1        8     61E2       0
                idataBANK3                          801      801        1     1002       0
                idataBANK1                          7FF      7FF        1        8       0

TOTAL           Name                               Link     Load   Length     Space
        CLASS   STACK          

        CLASS   CODE           
                end_init                             7A       7A        2         0
                cinit                                7C       7C       6A         0
                intentry                              4        4       76         0
                reset_vec                             0        0        2         0
                text86                             30CA     30CA        3         0
                text85                             1800     1800        3         0
                text84                             310B     310B        A         0
                text83                             35B8     35B8       48         0
                text82                             34A4     34A4       43         0
                text81                             32F7     32F7       31         0
                text80                             3691     3691       4E         0
                text78                             30F9     30F9        9         0
                text77                             3465     3465       3F         0
                text76                             317E     317E       17         0
                text75                             31E6     31E6       1F         0
                text74                             3115     3115        A         0
                text73                             2AF3     2AF3       8B         0
                text72                             3129     3129        B         0
                text71                             3245     3245       27         0
                text70                             1007     1007      1D2         0
                text69                             3205     3205       20         0
                text68                             11D9     11D9      22C         0
                text67                              592      592      25F         0
                text66                             335A     335A       35         0
                text65                             31AD     31AD       1C         0
                text64                               E6       E6      4AC         0
                text63                             2A77     2A77       7C         0
                text62                             2B7E     2B7E       96         0
                text61                             36DF     36DF       52         0
                text60                             326C     326C       2C         0
                text59                             3731     3731       66         0
                text58                             2002     2002       12         0
                text57                             338F     338F       35         0
                text56                             33C4     33C4       35         0
                text55                             342E     342E       37         0
                text54                             3298     3298       2F         0
                text53                             1A85     1A85      1BC         0
                text52                              BC8      BC8      438         0
                text51                             3648     3648       49         0
                text50                             32C7     32C7       30         0
                text49                             3797     3797       69         0
                text48                             352B     352B       46         0
                text47                             33F9     33F9       35         0
                text46                             31C9     31C9       1D         0
                text45                             1000     1000        7         0
                text44                             3571     3571       47         0
                text43                             30D9     30D9        8         0
                text42                             1405     1405      3FB         0
                text41                                2        2        2         0
                text40                             316D     316D       11         0
                text39                             2802     2802       56         0
                text38                             3134     3134        B         0
                text37                             3102     3102        9         0
                text36                             311F     311F        A         0
                text35                             24D9     24D9      184         0
                text34                             2C14     2C14       AC         0
                text33                             18CF     18CF      1B6         0
                text32                             2EEC     2EEC      114         0
                text31                             3600     3600       48         0
                text30                             3328     3328       32         0
                text29                             21F3     21F3      167         0
                text28                             2858     2858       69         0
                text27                             30CD     30CD        4         0
                text26                             30D1     30D1        4         0
                text25                             313F     313F        B         0
                text24                             28C1     28C1       6B         0
                text23                              802      802       32         0
                text22                             1807     1807       C8         0
                text21                             34E7     34E7       44         0
                text20                             2014     2014       96         0
                text19                             314A     314A        B         0
                text18                             1E1C     1E1C      1E4         0
                text17                              913      913      2B5         0
                text16                             265D     265D      1A3         0
                text15                             235A     235A      17F         0
                text14                             2CC0     2CC0       AD         0
                text13                             2D6D     2D6D       BA         0
                text12                             292C     292C       6E         0
                text11                             299A     299A       6E         0
                text10                             2A08     2A08       6F         0
                text9                               834      834       DF         0
                text8                              30D5     30D5        4         0
                text7                              30E1     30E1        8         0
                text6                              1803     1803        4         0
                text5                              30E9     30E9        8         0
                text4                              1C41     1C41      1DB         0
                text3                               7F1      7F1        E         0
                text2                              3195     3195       18         0
                text1                              20AA     20AA      149         0
                maintext                           2E27     2E27       C5         0
                clrtext                            3155     3155        C         0
                inittext                           3161     3161        C         0
                idataBANK6                         3225     3225       20         0
                idataBANK4                         30F1     30F1        8         0
                idataBANK3                          801      801        1         0
                idataBANK1                          7FF      7FF        1         0

        CLASS   STRCODE        
                stringtext72                       3B98     3B98        2         0
                stringtext71                       3B95     3B95        3         0
                stringtext70                       3B92     3B92        3         0
                stringtext69                       3B8F     3B8F        3         0
                stringtext68                       3B8C     3B8C        3         0
                stringtext67                       3B89     3B89        3         0
                stringtext66                       3B86     3B86        3         0
                stringtext65                       3B82     3B82        4         0
                stringtext64                       3B7E     3B7E        4         0
                stringtext63                       3B7A     3B7A        4         0
                stringtext62                       3B76     3B76        4         0
                stringtext61                       3B70     3B70        6         0
                stringtext60                       3B69     3B69        7         0
                stringtext59                       3B62     3B62        7         0
                stringtext58                       3B5B     3B5B        7         0
                stringtext57                       3B54     3B54        7         0
                stringtext56                       3B4D     3B4D        7         0
                stringtext55                       3B45     3B45        8         0
                stringtext54                       3B3D     3B3D        8         0
                stringtext53                       3B35     3B35        8         0
                stringtext52                       3B2D     3B2D        8         0
                stringtext51                       3B25     3B25        8         0
                stringtext50                       3B1D     3B1D        8         0
                stringtext49                       3B15     3B15        8         0
                stringtext48                       3B0C     3B0C        9         0
                stringtext47                       3B03     3B03        9         0
                stringtext46                       3AFA     3AFA        9         0
                stringtext45                       3AF0     3AF0        A         0
                stringtext44                       3AE4     3AE4        C         0
                stringtext43                       3AD7     3AD7        D         0
                stringtext42                       3ACA     3ACA        D         0
                stringtext41                       3ABD     3ABD        D         0
                stringtext40                       3AB0     3AB0        D         0
                stringtext39                       3AA3     3AA3        D         0
                stringtext38                       3A96     3A96        D         0
                stringtext37                       3A89     3A89        D         0
                stringtext36                       3A7C     3A7C        D         0
                stringtext35                       3A6F     3A6F        D         0
                stringtext34                       3A62     3A62        D         0
                stringtext33                       3A55     3A55        D         0
                stringtext32                       3A48     3A48        D         0
                stringtext31                       3A3B     3A3B        D         0
                stringtext30                       3A2E     3A2E        D         0
                stringtext29                       3A21     3A21        D         0
                stringtext28                       3A14     3A14        D         0
                stringtext27                       3A07     3A07        D         0
                stringtext26                       39FA     39FA        D         0
                stringtext25                       39ED     39ED        D         0
                stringtext24                       39E0     39E0        D         0
                stringtext23                       39D3     39D3        D         0
                stringtext22                       39C6     39C6        D         0
                stringtext21                       39B9     39B9        D         0
                stringtext20                       39AC     39AC        D         0
                stringtext19                       399F     399F        D         0
                stringtext18                       3992     3992        D         0
                stringtext17                       3985     3985        D         0
                stringtext16                       3978     3978        D         0
                stringtext15                       396B     396B        D         0
                stringtext14                       395E     395E        D         0
                stringtext13                       3951     3951        D         0
                stringtext12                       3944     3944        D         0
                stringtext11                       3937     3937        D         0
                stringtext10                       392A     392A        D         0
                stringtext9                        391D     391D        D         0
                stringtext8                        3910     3910        D         0
                stringtext7                        3903     3903        D         0
                stringtext6                        38F6     38F6        D         0
                stringtext5                        38E9     38E9        D         0
                stringtext4                        38A8     38A8       25         0
                stringtext3                        3854     3854       54         0
                stringtext2                        38CD     38CD       1C         0
                stringtext1                        3800     3800       54         0

        CLASS   STRING         

        CLASS   CONST          

        CLASS   ENTRY          

        CLASS   COMMON         
                cstackCOMMON                         70       70        C         1
                bssCOMMON                            7C       7C        2         1

        CLASS   BANK0          
                cstackBANK0                          20       20       48         1
                bssBANK0                             68       68        4         1

        CLASS   BANK1          
                cstackBANK1                          A0       A0       4D         1
                dataBANK1                            EF       EF        1         1
                bssBANK1                             ED       ED        2         1

        CLASS   BANK2          
                cstackBANK2                         120      120       43         1
                bssBANK2                            163      163        D         1

        CLASS   BANK3          
                cstackBANK3                         1A0      1A0       40         1
                dataBANK3                           1EF      1EF        1         1
                bssBANK3                            1E0      1E0        F         1

        CLASS   BANK4          
                cstackBANK4                         249      249       17         1
                dataBANK4                           260      260        8         1
                bssBANK4                            220      220       29         1

        CLASS   BANK5          
                bssBANK5                            2A0      2A0       42         1

        CLASS   BANK6          
                dataBANK6                           320      320       20         1

        CLASS   BANK7          

        CLASS   BANK8          

        CLASS   BANK9          

        CLASS   BANK10         

        CLASS   BANK11         

        CLASS   BANK12         

        CLASS   BANK13         

        CLASS   BANK14         

        CLASS   BANK15         

        CLASS   BANK16         

        CLASS   BANK17         

        CLASS   BANK18         

        CLASS   BANK19         

        CLASS   BANK20         

        CLASS   BANK21         

        CLASS   BANK22         

        CLASS   BANK23         

        CLASS   BANK24         

        CLASS   BANK25         

        CLASS   BIGRAM         

        CLASS   RAM            

        CLASS   ABS1           
                abs_s1                               7E       7E        2         1
                abs_s1                              BBA      BBA       36         1
                abs_s1                              C20      C20       50         1
                abs_s1                              CA0      CA0       20         1
                abs_s1                             274A     274A        0         1

        CLASS   SFR0           

        CLASS   SFR1           

        CLASS   SFR2           

        CLASS   SFR3           

        CLASS   SFR4           

        CLASS   SFR5           

        CLASS   SFR6           

        CLASS   SFR7           

        CLASS   SFR8           

        CLASS   SFR9           

        CLASS   SFR10          

        CLASS   SFR11          

        CLASS   SFR12          

        CLASS   SFR13          

        CLASS   SFR14          

        CLASS   SFR15          

        CLASS   SFR16          

        CLASS   SFR17          

        CLASS   SFR18          

        CLASS   SFR19          

        CLASS   SFR20          

        CLASS   SFR21          

        CLASS   SFR22          

        CLASS   SFR23          

        CLASS   SFR24          

        CLASS   SFR25          

        CLASS   SFR26          

        CLASS   SFR27          

        CLASS   SFR28          

        CLASS   SFR29          

        CLASS   SFR30          

        CLASS   SFR31          

        CLASS   SFR32          

        CLASS   SFR33          

        CLASS   SFR34          

        CLASS   SFR35          

        CLASS   SFR36          

        CLASS   SFR37          

        CLASS   SFR38          

        CLASS   SFR39          

        CLASS   SFR40          

        CLASS   SFR41          

        CLASS   SFR42          

        CLASS   SFR43          

        CLASS   SFR44          

        CLASS   SFR45          

        CLASS   SFR46          

        CLASS   SFR47          

        CLASS   SFR48          

        CLASS   SFR49          

        CLASS   SFR50          

        CLASS   SFR51          

        CLASS   SFR52          

        CLASS   SFR53          

        CLASS   SFR54          

        CLASS   SFR55          

        CLASS   SFR56          

        CLASS   SFR57          

        CLASS   SFR58          

        CLASS   SFR59          

        CLASS   SFR60          

        CLASS   SFR61          

        CLASS   SFR62          

        CLASS   SFR63          

        CLASS   CONFIG         
                config                             8007     8007        5         0

        CLASS   IDLOC          

        CLASS   BANK63         

        CLASS   BANK62         

        CLASS   BANK61         

        CLASS   BANK60         

        CLASS   BANK59         

        CLASS   BANK58         

        CLASS   BANK57         

        CLASS   BANK56         

        CLASS   BANK55         

        CLASS   BANK54         

        CLASS   BANK53         

        CLASS   BANK52         

        CLASS   BANK51         

        CLASS   BANK50         

        CLASS   BANK49         

        CLASS   BANK48         

        CLASS   BANK47         

        CLASS   BANK46         

        CLASS   BANK45         

        CLASS   BANK44         

        CLASS   BANK43         

        CLASS   BANK42         

        CLASS   BANK41         

        CLASS   BANK40         

        CLASS   BANK39         

        CLASS   BANK38         

        CLASS   BANK37         

        CLASS   BANK36         

        CLASS   BANK35         

        CLASS   BANK34         

        CLASS   BANK33         

        CLASS   BANK32         

        CLASS   BANK31         

        CLASS   BANK30         

        CLASS   BANK29         

        CLASS   BANK28         

        CLASS   BANK27         

        CLASS   BANK26         

        CLASS   EEDATA         



SEGMENTS        Name                           Load    Length   Top    Selector   Space  Class     Delta

                reset_vec                      000000  000004  000004         0       0  CODE        2
                intentry                       000004  0007FC  000800         8       0  CODE        2
                cstackBANK0                    000020  00004C  00006C        20       1  BANK0       1
                cstackCOMMON                   000070  00000E  00007E        70       1  COMMON      1
                cstackBANK1                    0000A0  000050  0000F0        A0       1  BANK1       1
                cstackBANK2                    000120  000050  000170       120       1  BANK2       1
                cstackBANK3                    0001A0  000050  0001F0       1A0       1  BANK3       1
                bssBANK4                       000220  000048  000268       220       1  BANK4       1
                bssBANK5                       0002A0  000042  0002E2       2A0       1  BANK5       1
                dataBANK6                      000320  000020  000340       320       1  BANK6       1
                idataBANK3                     000801  000001  000802      1002       0  CODE        2
                text23                         000802  000032  000834      1004       0  CODE        2
                text9                          000834  0000DF  000913      1068       0  CODE        2
                text17                         000913  0002B5  000BC8      1226       0  CODE        2
                text52                         000BC8  00043F  001007      1790       0  CODE        2
                text70                         001007  0001D2  0011D9      200E       0  CODE        2
                text68                         0011D9  00022C  001405      23B2       0  CODE        2
                text42                         001405  0003FE  001803      280A       0  CODE        2
                text6                          001803  000004  001807      3006       0  CODE        2
                text22                         001807  0000C8  0018CF      300E       0  CODE        2
                text33                         0018CF  0001B6  001A85      319E       0  CODE        2
                text53                         001A85  0001BC  001C41      350A       0  CODE        2
                text4                          001C41  0001DB  001E1C      3882       0  CODE        2
                text18                         001E1C  0001E4  002000      3C38       0  CODE        2
                text58                         002002  000012  002014      4004       0  CODE        2
                text20                         002014  000096  0020AA      4028       0  CODE        2
                text1                          0020AA  000149  0021F3      4154       0  CODE        2
                text29                         0021F3  000167  00235A      43E6       0  CODE        2
                text15                         00235A  00017F  0024D9      46B4       0  CODE        2
                text35                         0024D9  000184  00265D      49B2       0  CODE        2
                text16                         00265D  0001A3  002800      4CBA       0  CODE        2
                text39                         002802  000056  002858      5004       0  CODE        2
                text28                         002858  000069  0028C1      50B0       0  CODE        2
                text24                         0028C1  00006B  00292C      5182       0  CODE        2
                text12                         00292C  00006E  00299A      5258       0  CODE        2
                text11                         00299A  00006E  002A08      5334       0  CODE        2
                text10                         002A08  00006F  002A77      5410       0  CODE        2
                text63                         002A77  00007C  002AF3      54EE       0  CODE        2
                text73                         002AF3  00008B  002B7E      55E6       0  CODE        2
                text62                         002B7E  000096  002C14      56FC       0  CODE        2
                text34                         002C14  0000AC  002CC0      5828       0  CODE        2
                text14                         002CC0  0000AD  002D6D      5980       0  CODE        2
                text13                         002D6D  0000BA  002E27      5ADA       0  CODE        2
                maintext                       002E27  0000C5  002EEC      5C4E       0  CODE        2
                text32                         002EEC  000114  003000      5DD8       0  CODE        2
                text86                         0030CA  000003  0030CD      6194       0  CODE        2
                text27                         0030CD  000004  0030D1      619A       0  CODE        2
                text26                         0030D1  000004  0030D5      61A2       0  CODE        2
                text8                          0030D5  000004  0030D9      61AA       0  CODE        2
                text43                         0030D9  000008  0030E1      61B2       0  CODE        2
                text7                          0030E1  000008  0030E9      61C2       0  CODE        2
                text5                          0030E9  000008  0030F1      61D2       0  CODE        2
                idataBANK4                     0030F1  000008  0030F9      61E2       0  CODE        2
                text78                         0030F9  000009  003102      61F2       0  CODE        2
                text37                         003102  000009  00310B      6204       0  CODE        2
                text84                         00310B  00000A  003115      6216       0  CODE        2
                text74                         003115  00000A  00311F      622A       0  CODE        2
                text36                         00311F  00000A  003129      623E       0  CODE        2
                text72                         003129  00000B  003134      6252       0  CODE        2
                text38                         003134  00000B  00313F      6268       0  CODE        2
                text25                         00313F  00000B  00314A      627E       0  CODE        2
                text19                         00314A  00000B  003155      6294       0  CODE        2
                clrtext                        003155  00000C  003161      62AA       0  CODE        2
                inittext                       003161  00000C  00316D      62C2       0  CODE        2
                text40                         00316D  000011  00317E      62DA       0  CODE        2
                text76                         00317E  000017  003195      62FC       0  CODE        2
                text2                          003195  000018  0031AD      632A       0  CODE        2
                text65                         0031AD  00001C  0031C9      635A       0  CODE        2
                text46                         0031C9  00001D  0031E6      6392       0  CODE        2
                text75                         0031E6  00001F  003205      63CC       0  CODE        2
                text69                         003205  000020  003225      640A       0  CODE        2
                idataBANK6                     003225  000020  003245      644A       0  CODE        2
                text71                         003245  000027  00326C      648A       0  CODE        2
                text60                         00326C  00002C  003298      64D8       0  CODE        2
                text54                         003298  00002F  0032C7      6530       0  CODE        2
                text50                         0032C7  000030  0032F7      658E       0  CODE        2
                text81                         0032F7  000031  003328      65EE       0  CODE        2
                text30                         003328  000032  00335A      6650       0  CODE        2
                text66                         00335A  000035  00338F      66B4       0  CODE        2
                text57                         00338F  000035  0033C4      671E       0  CODE        2
                text56                         0033C4  000035  0033F9      6788       0  CODE        2
                text47                         0033F9  000035  00342E      67F2       0  CODE        2
                text55                         00342E  000037  003465      685C       0  CODE        2
                text77                         003465  00003F  0034A4      68CA       0  CODE        2
                text82                         0034A4  000043  0034E7      6948       0  CODE        2
                text21                         0034E7  000044  00352B      69CE       0  CODE        2
                text48                         00352B  000046  003571      6A56       0  CODE        2
                text44                         003571  000047  0035B8      6AE2       0  CODE        2
                text83                         0035B8  000048  003600      6B70       0  CODE        2
                text31                         003600  000048  003648      6C00       0  CODE        2
                text51                         003648  000049  003691      6C90       0  CODE        2
                text80                         003691  00004E  0036DF      6D22       0  CODE        2
                text61                         0036DF  000052  003731      6DBE       0  CODE        2
                text59                         003731  000066  003797      6E62       0  CODE        2
                text49                         003797  000069  003800      6F2E       0  CODE        2
                stringtext1                    003800  00039A  003B9A      7000       0  STRCODE     2
                config                         008007  000005  00800C     1000E       0  CONFIG      2


UNUSED ADDRESS RANGES

        Name                Unused          Largest block    Delta
        BANK0            0006C-0006F               4           1
        BANK10           00520-0056F              50           1
        BANK11           005A0-005EF              50           1
        BANK12           00620-0066F              50           1
        BANK13           006A0-006EF              50           1
        BANK14           00720-0076F              50           1
        BANK15           007A0-007EF              50           1
        BANK16           00820-0086F              50           1
        BANK17           008A0-008EF              50           1
        BANK18           00920-0096F              50           1
        BANK19           009A0-009EF              50           1
        BANK20           00A20-00A6F              50           1
        BANK21           00AA0-00AEF              50           1
        BANK22           00B20-00B6F              50           1
        BANK23           00BA0-00BB9              1A           1
        BANK4            00268-0026F               8           1
        BANK5            002E2-002EF               E           1
        BANK6            00340-0036F              30           1
        BANK7            003A0-003EF              50           1
        BANK8            00420-0046F              50           1
        BANK9            004A0-004EF              50           1
        BIGRAM           02000-027EF             7F0           1
        CODE             00800-00800               1           2
                         02000-02001               2
                         02800-02801               2
                         03000-030C9              CA
                         03B9A-03FFF             466
        CONST            00800-00800               1           2
                         02000-02001               2
                         02800-02801               2
                         03000-030C9              CA
                         03B9A-03FFF             100
        ENTRY            00800-00800               1           2
                         02000-02001               2
                         02800-02801               2
                         03000-030C9              CA
                         03B9A-03FFF             100
        IDLOC            08000-08003               4           2
        RAM              0006C-0006F               4           1
                         00268-0026F               8
                         002E2-002EF               E
                         00340-0036F              30
                         003A0-003EF              50
                         00420-0046F              50
                         004A0-004EF              50
                         00520-0056F              50
                         005A0-005EF              50
                         00620-0066F              50
                         006A0-006EF              50
                         00720-0076F              50
                         007A0-007EF              50
                         00820-0086F              50
                         008A0-008EF              50
                         00920-0096F              50
                         009A0-009EF              50
                         00A20-00A6F              50
                         00AA0-00AEF              50
                         00B20-00B6F              50
                         00BA0-00BB9              1A
        SFR0             00000-0001F              20           1
        SFR1             00080-0009F              20           1
        SFR10            00500-0051F              20           1
        SFR11            00580-0059F              20           1
        SFR12            00600-0061F              20           1
        SFR13            00680-0069F              20           1
        SFR14            00700-0071F              20           1
        SFR15            00780-0079F              20           1
        SFR16            00800-0081F              20           1
        SFR17            00880-0089F              20           1
        SFR18            00900-0091F              20           1
        SFR19            00980-0099F              20           1
        SFR2             00100-0011F              20           1
        SFR20            00A00-00A1F              20           1
        SFR21            00A80-00A9F              20           1
        SFR22            00B00-00B1F              20           1
        SFR23            00B80-00B9F              20           1
        SFR24            00C00-00C1F              20           1
        SFR25            00C80-00C9F              20           1
        SFR26            00D00-00D6F              70           1
        SFR27            00D80-00DEF              70           1
        SFR28            00E00-00E6F              70           1
        SFR29            00E80-00EEF              70           1
        SFR3             00180-0019F              20           1
        SFR30            00F00-00F6F              70           1
        SFR31            00F80-00FEF              70           1
        SFR32            01000-0106F              70           1
        SFR33            01080-010EF              70           1
        SFR34            01100-0116F              70           1
        SFR35            01180-011EF              70           1
        SFR36            01200-0126F              70           1
        SFR37            01280-012EF              70           1
        SFR38            01300-0136F              70           1
        SFR39            01380-013EF              70           1
        SFR4             00200-0021F              20           1
        SFR40            01400-0146F              70           1
        SFR41            01480-014EF              70           1
        SFR42            01500-0156F              70           1
        SFR43            01580-015EF              70           1
        SFR44            01600-0166F              70           1
        SFR45            01680-016EF              70           1
        SFR46            01700-0176F              70           1
        SFR47            01780-017EF              70           1
        SFR48            01800-0186F              70           1
        SFR49            01880-018EF              70           1
        SFR5             00280-0029F              20           1
        SFR50            01900-0196F              70           1
        SFR51            01980-019EF              70           1
        SFR52            01A00-01A6F              70           1
        SFR53            01A80-01AEF              70           1
        SFR54            01B00-01B6F              70           1
        SFR55            01B80-01BEF              70           1
        SFR56            01C00-01C6F              70           1
        SFR57            01C80-01CEF              70           1
        SFR58            01D00-01D6F              70           1
        SFR59            01D80-01DEF              70           1
        SFR6             00300-0031F              20           1
        SFR60            01E00-01E6F              70           1
        SFR61            01E80-01EEF              70           1
        SFR62            01F00-01F6F              70           1
        SFR63            01F80-01FEF              70           1
        SFR7             00380-0039F              20           1
        SFR8             00400-0041F              20           1
        SFR9             00480-0049F              20           1
        STACK            02200-02749             54A           1
        STRCODE          00800-00800               1           2
                         02000-02001               2
                         02800-02801               2
                         03000-030C9              CA
                         03B9A-03FFF             466
        STRING           00800-00800               1           2
                         02000-02001               2
                         02800-02801               2
                         03000-030C9              CA
                         03B9A-03FFF             100

                                  Symbol Table

?__Umul8_16                       cstackBANK0  00024
?___awdiv                         cstackBANK0  00024
?___awmod                         cstackBANK0  00024
?___fladd                         cstackBANK0  0005F
?___fldiv                         cstackBANK0  0005F
?___flmul                         cstackBANK0  00045
?___flsub                         cstackBANK1  000AC
?___fltol                         cstackBANK1  000B4
?___lmul                          cstackBANK0  00024
?___wmul                          cstackBANK0  00031
?___xxtofl                        cstackBANK0  00037
?_ema                             cstackBANK0  00030
?_getAnalogValue                  cstackBANK0  00024
?_getStateFunc                    cstackBANK0  00037
?_sortCur                         cstackBANK1  000BF
?_sortDC                          cstackBANK1  000BF
?_sortDCRev                       cstackBANK1  000BF
?_timeNow                         cstackBANK0  00024
?_timeSince                       cstackBANK0  00028
?i1_timeNow                       cstackCOMMON 00070
OLED_command@value                cstackBANK0  0002A
OLED_loadSpecialChars@F7985       dataBANK6    00320
OLED_loadSpecialChars@n           cstackBANK0  0004C
OLED_loadSpecialChars@special     cstackBANK0  0002C
OLED_print_xy@F7980               dataBANK4    00260
OLED_print_xy@col                 cstackBANK0  00039
OLED_print_xy@row                 cstackBANK0  00031
OLED_print_xy@row_offsets         cstackBANK0  00035
OLED_print_xy@s                   cstackBANK0  00032
OLED_send@mode                    cstackBANK0  00027
OLED_send@value                   cstackBANK0  00029
OLED_setCursor@F7972              dataBANK4    00264
OLED_waitForReady@busy            cstackBANK0  00024
OLED_write4bits@value             cstackBANK0  00026
OLED_write@value                  cstackBANK0  0002A
_ADCON0bits                       (abs)        0009D
_ADCON1                           (abs)        0009E
_ADRESH                           (abs)        0009C
_ADRESL                           (abs)        0009B
_ANSELA                           (abs)        01F38
_ANSELB                           (abs)        01F43
_ANSELC                           (abs)        01F4E
_BAUD1CON                         (abs)        0011F
_INTCON                           (abs)        0000B
_INTCONbits                       (abs)        0000B
_IOCAFbits                        (abs)        01F3F
_IOCAN                            (abs)        01F3E
_IOCAP                            (abs)        01F3D
_IOCCN                            (abs)        01F54
_ISR                              intentry     00004
_LATAbits                         (abs)        00018
_LATBbits                         (abs)        00019
_LATCbits                         (abs)        0001A
_OLED_clearDisplay                text8        030D5
_OLED_command                     text74       03115
_OLED_init                        text73       02AF3
_OLED_loadSpecialChars            text71       03245
_OLED_off                         text7        030E1
_OLED_print_xy                    text30       03328
_OLED_pulseEnable                 text78       030F9
_OLED_returnHome                  text6        01803
_OLED_scrollDisplayLeft           text27       030CD
_OLED_scrollDisplayRight          text26       030D1
_OLED_send                        text76       0317E
_OLED_waitForReady                text75       031E6
_OLED_write                       text72       03129
_OLED_write4bits                  text77       03465
_OSCCON1                          (abs)        0088D
_OSCCON3bits                      (abs)        0088F
_OSCFRQ                           (abs)        00893
_PIE0                             (abs)        00716
_PIE0bits                         (abs)        00716
_PIE3                             (abs)        00719
_PIE3bits                         (abs)        00719
_PIE4                             (abs)        0071A
_PIE4bits                         (abs)        0071A
_PIR0bits                         (abs)        0070C
_PIR3bits                         (abs)        0070F
_PIR4bits                         (abs)        00710
_PORTAbits                        (abs)        0000C
_PORTCbits                        (abs)        0000E
_RC1REG                           (abs)        00119
_RC1STA                           (abs)        0011D
_RC1STAbits                       (abs)        0011D
_RC6PPS                           (abs)        01F26
_RX1DTPPSbits                     (abs)        01ECB
_SPBRGL                           (abs)        0011B
_T0CON0                           (abs)        0059E
_T0CON1                           (abs)        0059F
_T1CLK                            (abs)        00211
_T1CON                            (abs)        0020E
_TMR0                             (abs)        0059C
_TMR1                             (abs)        0020C
_TRISA                            (abs)        00012
_TRISB                            (abs)        00013
_TRISC                            (abs)        00014
_TRISCbits                        (abs)        00014
_TX1REG                           (abs)        0011A
_TX1STA                           (abs)        0011E
__CFG_BBEN$OFF                    (abs)        00000
__CFG_BBSIZE$BB512                (abs)        00000
__CFG_BOREN$ON                    (abs)        00000
__CFG_BORV$LO                     (abs)        00000
__CFG_CLKOUTEN$OFF                (abs)        00000
__CFG_CP$OFF                      (abs)        00000
__CFG_CSWEN$ON                    (abs)        00000
__CFG_FCMEN$ON                    (abs)        00000
__CFG_FEXTOSC$OFF                 (abs)        00000
__CFG_LPBOREN$OFF                 (abs)        00000
__CFG_LVP$ON                      (abs)        00000
__CFG_MCLRE$ON                    (abs)        00000
__CFG_PPS1WAY$ON                  (abs)        00000
__CFG_PWRTE$OFF                   (abs)        00000
__CFG_RSTOSC$HFINT1               (abs)        00000
__CFG_SAFEN$OFF                   (abs)        00000
__CFG_STVREN$ON                   (abs)        00000
__CFG_WDTCCS$SC                   (abs)        00000
__CFG_WDTCPS$WDTCPS_31            (abs)        00000
__CFG_WDTCWS$WDTCWS_7             (abs)        00000
__CFG_WDTE$OFF                    (abs)        00000
__CFG_WRTAPP$OFF                  (abs)        00000
__CFG_WRTB$OFF                    (abs)        00000
__CFG_WRTC$OFF                    (abs)        00000
__CFG_WRTSAF$OFF                  (abs)        00000
__CFG_ZCD$OFF                     (abs)        00000
__Habs1                           abs1         00000
__Hbank0                          bank0        00000
__Hbank1                          bank1        00000
__Hbank10                         bank10       00000
__Hbank11                         bank11       00000
__Hbank12                         bank12       00000
__Hbank13                         bank13       00000
__Hbank14                         bank14       00000
__Hbank15                         bank15       00000
__Hbank16                         bank16       00000
__Hbank17                         bank17       00000
__Hbank18                         bank18       00000
__Hbank19                         bank19       00000
__Hbank2                          bank2        00000
__Hbank20                         bank20       00000
__Hbank21                         bank21       00000
__Hbank22                         bank22       00000
__Hbank23                         bank23       00000
__Hbank24                         bank24       00000
__Hbank25                         bank25       00000
__Hbank26                         bank26       00000
__Hbank27                         bank27       00000
__Hbank28                         bank28       00000
__Hbank29                         bank29       00000
__Hbank3                          bank3        00000
__Hbank30                         bank30       00000
__Hbank31                         bank31       00000
__Hbank32                         bank32       00000
__Hbank33                         bank33       00000
__Hbank34                         bank34       00000
__Hbank35                         bank35       00000
__Hbank36                         bank36       00000
__Hbank37                         bank37       00000
__Hbank38                         bank38       00000
__Hbank39                         bank39       00000
__Hbank4                          bank4        00000
__Hbank40                         bank40       00000
__Hbank41                         bank41       00000
__Hbank42                         bank42       00000
__Hbank43                         bank43       00000
__Hbank44                         bank44       00000
__Hbank45                         bank45       00000
__Hbank46                         bank46       00000
__Hbank47                         bank47       00000
__Hbank48                         bank48       00000
__Hbank49                         bank49       00000
__Hbank5                          bank5        00000
__Hbank50                         bank50       00000
__Hbank51                         bank51       00000
__Hbank52                         bank52       00000
__Hbank53                         bank53       00000
__Hbank54                         bank54       00000
__Hbank55                         bank55       00000
__Hbank56                         bank56       00000
__Hbank57                         bank57       00000
__Hbank58                         bank58       00000
__Hbank59                         bank59       00000
__Hbank6                          bank6        00000
__Hbank60                         bank60       00000
__Hbank61                         bank61       00000
__Hbank62                         bank62       00000
__Hbank63                         bank63       00000
__Hbank7                          bank7        00000
__Hbank8                          bank8        00000
__Hbank9                          bank9        00000
__Hbigram                         bigram       00000
__HbssBANK0                       bssBANK0     00000
__HbssBANK1                       bssBANK1     00000
__HbssBANK2                       bssBANK2     00000
__HbssBANK3                       bssBANK3     00000
__HbssBANK4                       bssBANK4     00000
__HbssBANK5                       bssBANK5     00000
__HbssCOMMON                      bssCOMMON    00000
__Hcinit                          cinit        000E6
__Hclrtext                        clrtext      00000
__Hcode                           code         00000
__Hcommon                         common       00000
__Hconfig                         config       0800C
__HcstackBANK0                    cstackBANK0  00000
__HcstackBANK1                    cstackBANK1  00000
__HcstackBANK2                    cstackBANK2  00000
__HcstackBANK3                    cstackBANK3  00000
__HcstackBANK4                    cstackBANK4  00000
__HcstackCOMMON                   cstackCOMMON 00000
__HdataBANK1                      dataBANK1    00000
__HdataBANK3                      dataBANK3    00000
__HdataBANK4                      dataBANK4    00000
__HdataBANK6                      dataBANK6    00000
__Heeprom_data                    eeprom_data  00000
__Hend_init                       end_init     0007C
__Hfunctab                        functab      00000
__HidataBANK1                     idataBANK1   00000
__HidataBANK3                     idataBANK3   00000
__HidataBANK4                     idataBANK4   00000
__HidataBANK6                     idataBANK6   00000
__Hidloc                          idloc        00000
__Hinit                           init         0007A
__Hinittext                       inittext     00000
__Hintentry                       intentry     0007A
__Hmaintext                       maintext     00000
__Hpowerup                        powerup      00000
__Hram                            ram          00000
__Hreset_vec                      reset_vec    00002
__Hsfr0                           sfr0         00000
__Hsfr1                           sfr1         00000
__Hsfr10                          sfr10        00000
__Hsfr11                          sfr11        00000
__Hsfr12                          sfr12        00000
__Hsfr13                          sfr13        00000
__Hsfr14                          sfr14        00000
__Hsfr15                          sfr15        00000
__Hsfr16                          sfr16        00000
__Hsfr17                          sfr17        00000
__Hsfr18                          sfr18        00000
__Hsfr19                          sfr19        00000
__Hsfr2                           sfr2         00000
__Hsfr20                          sfr20        00000
__Hsfr21                          sfr21        00000
__Hsfr22                          sfr22        00000
__Hsfr23                          sfr23        00000
__Hsfr24                          sfr24        00000
__Hsfr25                          sfr25        00000
__Hsfr26                          sfr26        00000
__Hsfr27                          sfr27        00000
__Hsfr28                          sfr28        00000
__Hsfr29                          sfr29        00000
__Hsfr3                           sfr3         00000
__Hsfr30                          sfr30        00000
__Hsfr31                          sfr31        00000
__Hsfr32                          sfr32        00000
__Hsfr33                          sfr33        00000
__Hsfr34                          sfr34        00000
__Hsfr35                          sfr35        00000
__Hsfr36                          sfr36        00000
__Hsfr37                          sfr37        00000
__Hsfr38                          sfr38        00000
__Hsfr39                          sfr39        00000
__Hsfr4                           sfr4         00000
__Hsfr40                          sfr40        00000
__Hsfr41                          sfr41        00000
__Hsfr42                          sfr42        00000
__Hsfr43                          sfr43        00000
__Hsfr44                          sfr44        00000
__Hsfr45                          sfr45        00000
__Hsfr46                          sfr46        00000
__Hsfr47                          sfr47        00000
__Hsfr48                          sfr48        00000
__Hsfr49                          sfr49        00000
__Hsfr5                           sfr5         00000
__Hsfr50                          sfr50        00000
__Hsfr51                          sfr51        00000
__Hsfr52                          sfr52        00000
__Hsfr53                          sfr53        00000
__Hsfr54                          sfr54        00000
__Hsfr55                          sfr55        00000
__Hsfr56                          sfr56        00000
__Hsfr57                          sfr57        00000
__Hsfr58                          sfr58        00000
__Hsfr59                          sfr59        00000
__Hsfr6                           sfr6         00000
__Hsfr60                          sfr60        00000
__Hsfr61                          sfr61        00000
__Hsfr62                          sfr62        00000
__Hsfr63                          sfr63        00000
__Hsfr7                           sfr7         00000
__Hsfr8                           sfr8         00000
__Hsfr9                           sfr9         00000
__Hspace_0                        (abs)        0800C
__Hspace_1                        (abs)        00340
__Hspace_2                        (abs)        00000
__Hspace_3                        (abs)        00000
__Hstack                          stack        00000
__Hstrings                        strings      00000
__Hstringtext1                    stringtext1  00000
__Hstringtext10                   stringtext10 00000
__Hstringtext11                   stringtext11 00000
__Hstringtext12                   stringtext12 00000
__Hstringtext13                   stringtext13 00000
__Hstringtext14                   stringtext14 00000
__Hstringtext15                   stringtext15 00000
__Hstringtext16                   stringtext16 00000
__Hstringtext17                   stringtext17 00000
__Hstringtext18                   stringtext18 00000
__Hstringtext19                   stringtext19 00000
__Hstringtext2                    stringtext2  00000
__Hstringtext20                   stringtext20 00000
__Hstringtext21                   stringtext21 00000
__Hstringtext22                   stringtext22 00000
__Hstringtext23                   stringtext23 00000
__Hstringtext24                   stringtext24 00000
__Hstringtext25                   stringtext25 00000
__Hstringtext26                   stringtext26 00000
__Hstringtext27                   stringtext27 00000
__Hstringtext28                   stringtext28 00000
__Hstringtext29                   stringtext29 00000
__Hstringtext3                    stringtext3  00000
__Hstringtext30                   stringtext30 00000
__Hstringtext31                   stringtext31 00000
__Hstringtext32                   stringtext32 00000
__Hstringtext33                   stringtext33 00000
__Hstringtext34                   stringtext34 00000
__Hstringtext35                   stringtext35 00000
__Hstringtext36                   stringtext36 00000
__Hstringtext37                   stringtext37 00000
__Hstringtext38                   stringtext38 00000
__Hstringtext39                   stringtext39 00000
__Hstringtext4                    stringtext4  00000
__Hstringtext40                   stringtext40 00000
__Hstringtext41                   stringtext41 00000
__Hstringtext42                   stringtext42 00000
__Hstringtext43                   stringtext43 00000
__Hstringtext44                   stringtext44 00000
__Hstringtext45                   stringtext45 00000
__Hstringtext46                   stringtext46 00000
__Hstringtext47                   stringtext47 00000
__Hstringtext48                   stringtext48 00000
__Hstringtext49                   stringtext49 00000
__Hstringtext5                    stringtext5  00000
__Hstringtext50                   stringtext50 00000
__Hstringtext51                   stringtext51 00000
__Hstringtext52                   stringtext52 00000
__Hstringtext53                   stringtext53 00000
__Hstringtext54                   stringtext54 00000
__Hstringtext55                   stringtext55 00000
__Hstringtext56                   stringtext56 00000
__Hstringtext57                   stringtext57 00000
[...]
      Temps:          1       0       0       0       0       0       0       0       0       0       0       0       0       0       0       0       0       0       0       0       0       0       0       0       0       0       0
      Totals:         1       0       0       0       0       0       0       0       0       0       0       0       0       0       0       0       0       0       0       0       0       0       0       0       0       0       0
Total ram usage:        1 bytes
 Hardware stack levels used:    1
 Hardware stack levels required when called:    1
 This function calls:
		_strncpy
 This function is called by:
		_ISR
 This function uses a non-reentrant model


 *************** function _strncpy *****************
 Defined at:
		line 3 in file "C:\Program Files (x86)\Microchip\xc8\v2.10\pic\sources\c99\common\strncpy.c"
 Parameters:    Size  Location     Type
  d               1    wreg     PTR unsigned char 
		 -> dataPacket(15), 
  s               1    0[COMMON] PTR const unsigned char 
		 -> uartReceiveISR@buffer(20), 
  n               2    1[COMMON] unsigned int 
 Auto vars:     Size  Location     Type
  d               1    4[COMMON] PTR unsigned char 
		 -> dataPacket(15), 
  cp              1    5[COMMON] PTR unsigned char 
		 -> dataPacket(15), 
 Return value:  Size  Location     Type
                  1    wreg      PTR unsigned char 
 Registers used:
		wreg, fsr0l, fsr0h, fsr1l, fsr1h, status,2, status,0
 Tracked objects:
		On entry : 
		On exit  : 
		Unchanged: 
 Data sizes:     COMMON   BANK0   BANK1   BANK2   BANK3   BANK4   BANK5   BANK6   BANK7   BANK8   BANK9  BANK10  BANK11  BANK12  BANK13  BANK14  BANK15  BANK16  BANK17  BANK18  BANK19  BANK20  BANK21  BANK22  BANK23  BANK24  BANK25
      Params:         3       0       0       0       0       0       0       0       0       0       0       0       0       0       0       0       0       0       0       0       0       0       0       0       0       0       0
      Locals:         2       0       0       0       0       0       0       0       0       0       0       0       0       0       0       0       0       0       0       0       0       0       0       0       0       0       0
      Temps:          1       0       0       0       0       0       0       0       0       0       0       0       0       0       0       0       0       0       0       0       0       0       0       0       0       0       0
      Totals:         6       0       0       0       0       0       0       0       0       0       0       0       0       0       0       0       0       0       0       0       0       0       0       0       0       0       0
Total ram usage:        6 bytes
 Hardware stack levels used:    1
 This function calls:
		Nothing
 This function is called by:
		_uartReceiveISR
 This function uses a non-reentrant model


 *************** function _rotISR *****************
 Defined at:
		line 34 in file "inputs.c"
 Parameters:    Size  Location     Type
		None
 Auto vars:     Size  Location     Type
  input           1   11[COMMON] unsigned char 
 Return value:  Size  Location     Type
                  1    wreg      void 
 Registers used:
		wreg, fsr0l, fsr0h, status,2, status,0, pclath, cstack
 Tracked objects:
		On entry : 
		On exit  : 
		Unchanged: 
 Data sizes:     COMMON   BANK0   BANK1   BANK2   BANK3   BANK4   BANK5   BANK6   BANK7   BANK8   BANK9  BANK10  BANK11  BANK12  BANK13  BANK14  BANK15  BANK16  BANK17  BANK18  BANK19  BANK20  BANK21  BANK22  BANK23  BANK24  BANK25
      Params:         0       0       0       0       0       0       0       0       0       0       0       0       0       0       0       0       0       0       0       0       0       0       0       0       0       0       0
      Locals:         1       0       0       0       0       0       0       0       0       0       0       0       0       0       0       0       0       0       0       0       0       0       0       0       0       0       0
      Temps:          7       0       0       0       0       0       0       0       0       0       0       0       0       0       0       0       0       0       0       0       0       0       0       0       0       0       0
      Totals:         8       0       0       0       0       0       0       0       0       0       0       0       0       0       0       0       0       0       0       0       0       0       0       0       0       0       0
Total ram usage:        8 bytes
 Hardware stack levels used:    1
 Hardware stack levels required when called:    1
 This function calls:
		i1_timeNow
 This function is called by:
		_ISR
 This function uses a non-reentrant model


 *************** function _pushButtonISR *****************
 Defined at:
		line 54 in file "inputs.c"
 Parameters:    Size  Location     Type
		None
 Auto vars:     Size  Location     Type
  time            1    5[COMMON] unsigned char 
 Return value:  Size  Location     Type
                  1    wreg      void 
 Registers used:
		wreg, status,2, status,0, pclath, cstack
 Tracked objects:
		On entry : 
		On exit  : 
		Unchanged: 
 Data sizes:     COMMON   BANK0   BANK1   BANK2   BANK3   BANK4   BANK5   BANK6   BANK7   BANK8   BANK9  BANK10  BANK11  BANK12  BANK13  BANK14  BANK15  BANK16  BANK17  BANK18  BANK19  BANK20  BANK21  BANK22  BANK23  BANK24  BANK25
      Params:         0       0       0       0       0       0       0       0       0       0       0       0       0       0       0       0       0       0       0       0       0       0       0       0       0       0       0
      Locals:         1       0       0       0       0       0       0       0       0       0       0       0       0       0       0       0       0       0       0       0       0       0       0       0       0       0       0
      Temps:          1       0       0       0       0       0       0       0       0       0       0       0       0       0       0       0       0       0       0       0       0       0       0       0       0       0       0
      Totals:         2       0       0       0       0       0       0       0       0       0       0       0       0       0       0       0       0       0       0       0       0       0       0       0       0       0       0
Total ram usage:        2 bytes
 Hardware stack levels used:    1
 Hardware stack levels required when called:    1
 This function calls:
		_get10msTick
		_reset10msTick
		i1_timeNow
 This function is called by:
		_ISR
 This function uses a non-reentrant model


 *************** function i1_timeNow *****************
 Defined at:
		line 13 in file "interrupt.c"
 Parameters:    Size  Location     Type
		None
 Auto vars:     Size  Location     Type
		None
 Return value:  Size  Location     Type
                  4    0[COMMON] unsigned long 
 Registers used:
		wreg
 Tracked objects:
		On entry : 
		On exit  : 
		Unchanged: 
 Data sizes:     COMMON   BANK0   BANK1   BANK2   BANK3   BANK4   BANK5   BANK6   BANK7   BANK8   BANK9  BANK10  BANK11  BANK12  BANK13  BANK14  BANK15  BANK16  BANK17  BANK18  BANK19  BANK20  BANK21  BANK22  BANK23  BANK24  BANK25
      Params:         4       0       0       0       0       0       0       0       0       0       0       0       0       0       0       0       0       0       0       0       0       0       0       0       0       0       0
      Locals:         0       0       0       0       0       0       0       0       0       0       0       0       0       0       0       0       0       0       0       0       0       0       0       0       0       0       0
      Temps:          0       0       0       0       0       0       0       0       0       0       0       0       0       0       0       0       0       0       0       0       0       0       0       0       0       0       0
      Totals:         4       0       0       0       0       0       0       0       0       0       0       0       0       0       0       0       0       0       0       0       0       0       0       0       0       0       0
Total ram usage:        4 bytes
 Hardware stack levels used:    1
 This function calls:
		Nothing
 This function is called by:
		_rotISR
		_pushButtonISR
 This function uses a non-reentrant model


 *************** function _reset10msTick *****************
 Defined at:
		line 41 in file "interrupt.c"
 Parameters:    Size  Location     Type
		None
 Auto vars:     Size  Location     Type
		None
 Return value:  Size  Location     Type
                  1    wreg      void 
 Registers used:
		status,2
 Tracked objects:
		On entry : 
		On exit  : 
		Unchanged: 
 Data sizes:     COMMON   BANK0   BANK1   BANK2   BANK3   BANK4   BANK5   BANK6   BANK7   BANK8   BANK9  BANK10  BANK11  BANK12  BANK13  BANK14  BANK15  BANK16  BANK17  BANK18  BANK19  BANK20  BANK21  BANK22  BANK23  BANK24  BANK25
      Params:         0       0       0       0       0       0       0       0       0       0       0       0       0       0       0       0       0       0       0       0       0       0       0       0       0       0       0
      Locals:         0       0       0       0       0       0       0       0       0       0       0       0       0       0       0       0       0       0       0       0       0       0       0       0       0       0       0
      Temps:          0       0       0       0       0       0       0       0       0       0       0       0       0       0       0       0       0       0       0       0       0       0       0       0       0       0       0
      Totals:         0       0       0       0       0       0       0       0       0       0       0       0       0       0       0       0       0       0       0       0       0       0       0       0       0       0       0
Total ram usage:        0 bytes
 Hardware stack levels used:    1
 This function calls:
		Nothing
 This function is called by:
		_pushButtonISR
 This function uses a non-reentrant model


 *************** function _get10msTick *****************
 Defined at:
		line 33 in file "interrupt.c"
 Parameters:    Size  Location     Type
		None
 Auto vars:     Size  Location     Type
		None
 Return value:  Size  Location     Type
                  1    wreg      unsigned char 
 Registers used:
		wreg
 Tracked objects:
		On entry : 
		On exit  : 
		Unchanged: 
 Data sizes:     COMMON   BANK0   BANK1   BANK2   BANK3   BANK4   BANK5   BANK6   BANK7   BANK8   BANK9  BANK10  BANK11  BANK12  BANK13  BANK14  BANK15  BANK16  BANK17  BANK18  BANK19  BANK20  BANK21  BANK22  BANK23  BANK24  BANK25
      Params:         0       0       0       0       0       0       0       0       0       0       0       0       0       0       0       0       0       0       0       0       0       0       0       0       0       0       0
      Locals:         0       0       0       0       0       0       0       0       0       0       0       0       0       0       0       0       0       0       0       0       0       0       0       0       0       0       0
      Temps:          0       0       0       0       0       0       0       0       0       0       0       0       0       0       0       0       0       0       0       0       0       0       0       0       0       0       0
      Totals:         0       0       0       0       0       0       0       0       0       0       0       0       0       0       0       0       0       0       0       0       0       0       0       0       0       0       0
Total ram usage:        0 bytes
 Hardware stack levels used:    1
 This function calls:
		Nothing
 This function is called by:
		_pushButtonISR
 This function uses a non-reentrant model



MODULE INFORMATION

Module		Function		Class		Link	Load	Size
C:\Program Files (x86)\Microchip\xc8\v2.10\pic\sources\c99\common\fleq.c
		___fleq        		CODE           	3648	0000	74

C:\Program Files (x86)\Microchip\xc8\v2.10\pic\sources\c99\common\fleq.c estimated size: 74

C:\Program Files (x86)\Microchip\xc8\v2.10\pic\sources\c99\common\Umul32.c
		___lmul        		CODE           	32C7	0000	49

C:\Program Files (x86)\Microchip\xc8\v2.10\pic\sources\c99\common\Umul32.c estimated size: 49

uart.c
		_uartSendByte  		CODE           	311F	0000	11
		_uartReset     		CODE           	3102	0000	10
		_uartReceiveISR		CODE           	3691	0000	79
		_getDataPacket 		CODE           	0002	0000	3
		_uartIsDataReady		CODE           	3134	0000	12

uart.c estimated size: 115

C:\Program Files (x86)\Microchip\xc8\v2.10\pic\sources\c99\common\xxtofl.c
		___xxtofl      		CODE           	2B7E	0000	151

C:\Program Files (x86)\Microchip\xc8\v2.10\pic\sources\c99\common\xxtofl.c estimated size: 151

C:\Program Files (x86)\Microchip\xc8\v2.10\pic\sources\c99\common\awdiv.c
		___awdiv       		CODE           	36DF	0000	83

C:\Program Files (x86)\Microchip\xc8\v2.10\pic\sources\c99\common\awdiv.c estimated size: 83

C:\Program Files (x86)\Microchip\xc8\v2.10\pic\sources\c99\common\fltol.c
		___fltol       		CODE           	3731	0000	103

C:\Program Files (x86)\Microchip\xc8\v2.10\pic\sources\c99\common\fltol.c estimated size: 103

io.c
		_setChannelSwitch		CODE           	3571	0000	72
		_setLoadSwitch 		CODE           	30D9	0000	9
		_getAnalogValue		CODE           	31C9	0000	30
		_getLoadSwitchFault		CODE           	1000	0000	8
		_setOLEDPower  		CODE           	30E9	0000	9

io.c estimated size: 128

C:\Program Files (x86)\Microchip\xc8\v2.10\pic\sources\c99\common\sprcmul.c
		___flmul       		CODE           	11D9	0000	557

C:\Program Files (x86)\Microchip\xc8\v2.10\pic\sources\c99\common\sprcmul.c estimated size: 557

C:\Program Files (x86)\Microchip\xc8\v2.10\pic\sources\c99\common\Umul8.c
		___bmul        		CODE           	2002	0000	19

C:\Program Files (x86)\Microchip\xc8\v2.10\pic\sources\c99\common\Umul8.c estimated size: 19

C:\Program Files (x86)\Microchip\xc8\v2.10\pic\sources\c99\common\strncpy.c
		_strncpy       		CODE           	32F7	0000	50

C:\Program Files (x86)\Microchip\xc8\v2.10\pic\sources\c99\common\strncpy.c estimated size: 50

C:\Program Files (x86)\Microchip\xc8\v2.10\pic\sources\c99\common\sprcdiv.c
		___fldiv       		CODE           	1007	0000	467

C:\Program Files (x86)\Microchip\xc8\v2.10\pic\sources\c99\common\sprcdiv.c estimated size: 467

menuhelper.c
		_paging        		CODE           	28C1	0000	108
		_menu          		CODE           	0834	0000	224
		_getNextState  		CODE           	1807	0000	201
		_getStateFunc  		CODE           	34E7	0000	69
		_returnToPage  		CODE           	0802	0000	51

menuhelper.c estimated size: 653

C:\Program Files (x86)\Microchip\xc8\v2.10\pic\sources\c99\common\qsort.c
		_qsort         		CODE           	1A85	0000	445
		_swap          		CODE           	3298	0000	48

C:\Program Files (x86)\Microchip\xc8\v2.10\pic\sources\c99\common\qsort.c estimated size: 493

C:\Program Files (x86)\Microchip\xc8\v2.10\pic\sources\c99\common\flge.c
		___flge        		CODE           	2A77	0000	125

C:\Program Files (x86)\Microchip\xc8\v2.10\pic\sources\c99\common\flge.c estimated size: 125

interrupt.c
		_timeSince     		CODE           	2802	0000	87
		_reset10msTick 		CODE           	1800	0000	4
		_ISR           		CODE           	0004	0000	119
		_timeNow       		CODE           	316D	0000	18
		_get10msTick   		CODE           	30CA	0000	4

interrupt.c estimated size: 232

shared
		_transition_table		STRCODE        	38CD	0000	29
		__initialization		CODE           	007C	0000	103
		_nextStateTbl  		STRCODE        	3800	0000	85
		i1_timeNow     		CODE           	310B	0000	11
		_stateFuncTbl  		STRCODE        	3854	0000	28

shared estimated size: 256

error.c
		_removeLastError		CODE           	3195	0000	25
		_error         		CODE           	33F9	0000	54
		_viewErrorMessage		CODE           	20AA	0000	330
		_getLastError  		CODE           	07F1	0000	15

error.c estimated size: 424

C:\Program Files (x86)\Microchip\xc8\v2.10\pic\sources\c99\common\memcpy.c
		_memcpy        		CODE           	326C	0000	45

C:\Program Files (x86)\Microchip\xc8\v2.10\pic\sources\c99\common\memcpy.c estimated size: 45

C:\Program Files (x86)\Microchip\xc8\v2.10\pic\sources\c99\common\sprcadd.c
		___flsub       		CODE           	335A	0000	54
		___fladd       		CODE           	0592	0000	608

C:\Program Files (x86)\Microchip\xc8\v2.10\pic\sources\c99\common\sprcadd.c estimated size: 662

menu.c
		_channelSetup  		CODE           	265D	0000	420
		_setFudgeFactor		CODE           	2A08	0000	112
		_setLensDia    		CODE           	2CC0	0000	174
		_setSkyTemp    		CODE           	299A	0000	111
		_setDPOffset   		CODE           	292C	0000	111
		_setOutputPower		CODE           	235A	0000	384
		_setup         		CODE           	2D6D	0000	187
		_statusView    		CODE           	1E1C	0000	485
		_channelView   		CODE           	0913	0000	694

menu.c estimated size: 2678

oled.c
		_OLED_scrollDisplayRight		CODE           	30D1	0000	5
		_OLED_loadSpecialChars		CODE           	3245	0000	40
		_OLED_off      		CODE           	30E1	0000	9
		_OLED_write    		CODE           	3129	0000	12
		_OLED_command  		CODE           	3115	0000	11
		_OLED_clearDisplay		CODE           	30D5	0000	5
		_OLED_init     		CODE           	2AF3	0000	140
		_OLED_scrollDisplayLeft		CODE           	30CD	0000	5
		_OLED_write4bits		CODE           	3465	0000	64
		_OLED_waitForReady		CODE           	31E6	0000	32
		_OLED_send     		CODE           	317E	0000	24
		_OLED_print_xy 		CODE           	3328	0000	51
		_OLED_pulseEnable		CODE           	30F9	0000	10
		_OLED_returnHome		CODE           	1803	0000	5

oled.c estimated size: 413

C:\Program Files (x86)\Microchip\xc8\v2.10\pic\sources\c99\common\Umul16.c
		___wmul        		CODE           	31AD	0000	29

C:\Program Files (x86)\Microchip\xc8\v2.10\pic\sources\c99\common\Umul16.c estimated size: 29

C:\Program Files (x86)\Microchip\xc8\v2.10\pic\sources\c99\common\Umul8_16.c
		__Umul8_16     		CODE           	3205	0000	33

C:\Program Files (x86)\Microchip\xc8\v2.10\pic\sources\c99\common\Umul8_16.c estimated size: 33

common.c
		_ema           		CODE           	3797	0000	106
		_ftoa          		CODE           	21F3	0000	360
		_itoa          		CODE           	2858	0000	106

common.c estimated size: 572

C:\Program Files (x86)\Microchip\xc8\v2.10\pic\sources\c99\common\awmod.c
		___awmod       		CODE           	352B	0000	71

C:\Program Files (x86)\Microchip\xc8\v2.10\pic\sources\c99\common\awmod.c estimated size: 71

main.c
		_initGlobalData		CODE           	2EEC	0000	277
		_main          		CODE           	2E27	0000	198
		_initialize    		CODE           	3600	0000	73

main.c estimated size: 548

system.c
		_channelThing  		CODE           	0BC8	0000	1081
		_getAnalogValues		CODE           	18CF	0000	439
		_checkChannelStatus		CODE           	1405	0000	1020
		_sortDC        		CODE           	33C4	0000	54
		_calcRequiredPower		CODE           	00E6	0000	1197
		_controller    		CODE           	2C14	0000	173
		_checkSensor   		CODE           	24D9	0000	389
		_sortDCRev     		CODE           	338F	0000	54
		_sortCur       		CODE           	342E	0000	56
		_systemCheck   		CODE           	1C41	0000	476

system.c estimated size: 4939

inputs.c
		_spinInput     		CODE           	2014	0000	151
		_getRotDir     		CODE           	313F	0000	12
		_pushButtonISR 		CODE           	35B8	0000	73
		_rotISR        		CODE           	34A4	0000	68
		_getPB         		CODE           	314A	0000	12

inputs.c estimated size: 316

