Microchip MPLAB XC8 Compiler V2.10 ()

Linker command line:

-W-3 --edf=C:\Program Files (x86)\Microchip\xc8\v2.10\pic\dat\en_msgs.txt \
  -cs -h+dist/default/production\Dew_Controller.X.production.sym \
  --cmf=dist/default/production\Dew_Controller.X.production.cmf -z \
  -Q16F15356 -oC:\Users\Ondre\AppData\Local\Temp\sdag.2 \
  --defsym=__MPLAB_BUILD=1 \
  -Mdist/default/production/Dew_Controller.X.production.map -E1 -ver=XC8 \
  --acfsm=1493 -ASTACK=02122h-02742h -pstack=STACK -ACODE=00h-07FFhx8 \
  -ASTRCODE=00h-03FFFh -ASTRING=00h-0FFhx64 -ACONST=00h-0FFhx64 \
  -AENTRY=00h-0FFhx64 -ACOMMON=070h-07Fh -ABANK0=020h-06Fh \
  -ABANK1=0A0h-0EFh -ABANK2=0120h-016Fh -ABANK3=01A0h-01EFh \
  -ABANK4=0220h-026Fh -ABANK5=02A0h-02EFh -ABANK6=0320h-036Fh \
  -ABANK7=03A0h-03EFh -ABANK8=0420h-046Fh -ABANK9=04A0h-04EFh \
  -ABANK10=0520h-056Fh -ABANK11=05A0h-05EFh -ABANK12=0620h-066Fh \
  -ABANK13=06A0h-06EFh -ABANK14=0720h-076Fh -ABANK15=07A0h-07EFh \
  -ABANK16=0820h-086Fh -ABANK17=08A0h-08EFh -ABANK18=0920h-096Fh \
  -ABANK19=09A0h-09EFh -ABANK20=0A20h-0A6Fh -ABANK21=0AA0h-0AEFh \
  -ABANK22=0B20h-0B6Fh -ABANK23=0BA0h-0BEFh -ABANK24=0C20h-0C6Fh \
  -ABANK25=0CA0h-0CBFh -ABIGRAM=02000h-027EFh \
  -ARAM=020h-06Fh,0A0h-0EFh,0120h-016Fh,01A0h-01EFh,0220h-026Fh,02A0h-02EFh,0320h-036Fh,03A0h-03EFh,0420h-046Fh,04A0h-04EFh,0520h-056Fh,05A0h-05EFh,0620h-066Fh,06A0h-06EFh,0720h-076Fh,07A0h-07EFh,0820h-086Fh,08A0h-08EFh,0920h-096Fh,09A0h-09EFh,0A20h-0A6Fh,0AA0h-0AEFh,0B20h-0B6Fh,0BA0h-0BEFh,0C20h-0C6Fh,0CA0h-0CBFh \
  -AABS1=020h-07Fh,0A0h-0EFh,0120h-016Fh,01A0h-01EFh,0220h-026Fh,02A0h-02EFh,0320h-036Fh,03A0h-03EFh,0420h-046Fh,04A0h-04EFh,0520h-056Fh,05A0h-05EFh,0620h-066Fh,06A0h-06EFh,0720h-076Fh,07A0h-07EFh,0820h-086Fh,08A0h-08EFh,0920h-096Fh,09A0h-09EFh,0A20h-0A6Fh,0AA0h-0AEFh,0B20h-0B6Fh,0BA0h-0BEFh,0C20h-0C6Fh,0CA0h-0CBFh \
  -ASFR0=00h-01Fh -ASFR1=080h-09Fh -ASFR2=0100h-011Fh -ASFR3=0180h-019Fh \
  -ASFR4=0200h-021Fh -ASFR5=0280h-029Fh -ASFR6=0300h-031Fh \
  -ASFR7=0380h-039Fh -ASFR8=0400h-041Fh -ASFR9=0480h-049Fh \
  -ASFR10=0500h-051Fh -ASFR11=0580h-059Fh -ASFR12=0600h-061Fh \
  -ASFR13=0680h-069Fh -ASFR14=0700h-071Fh -ASFR15=0780h-079Fh \
  -ASFR16=0800h-081Fh -ASFR17=0880h-089Fh -ASFR18=0900h-091Fh \
  -ASFR19=0980h-099Fh -ASFR20=0A00h-0A1Fh -ASFR21=0A80h-0A9Fh \
  -ASFR22=0B00h-0B1Fh -ASFR23=0B80h-0B9Fh -ASFR24=0C00h-0C1Fh \
  -ASFR25=0C80h-0C9Fh -ASFR26=0D00h-0D6Fh -ASFR27=0D80h-0DEFh \
  -ASFR28=0E00h-0E6Fh -ASFR29=0E80h-0EEFh -ASFR30=0F00h-0F6Fh \
  -ASFR31=0F80h-0FEFh -ASFR32=01000h-0106Fh -ASFR33=01080h-010EFh \
  -ASFR34=01100h-0116Fh -ASFR35=01180h-011EFh -ASFR36=01200h-0126Fh \
  -ASFR37=01280h-012EFh -ASFR38=01300h-0136Fh -ASFR39=01380h-013EFh \
  -ASFR40=01400h-0146Fh -ASFR41=01480h-014EFh -ASFR42=01500h-0156Fh \
  -ASFR43=01580h-015EFh -ASFR44=01600h-0166Fh -ASFR45=01680h-016EFh \
  -ASFR46=01700h-0176Fh -ASFR47=01780h-017EFh -ASFR48=01800h-0186Fh \
  -ASFR49=01880h-018EFh -ASFR50=01900h-0196Fh -ASFR51=01980h-019EFh \
  -ASFR52=01A00h-01A6Fh -ASFR53=01A80h-01AEFh -ASFR54=01B00h-01B6Fh \
  -ASFR55=01B80h-01BEFh -ASFR56=01C00h-01C6Fh -ASFR57=01C80h-01CEFh \
  -ASFR58=01D00h-01D6Fh -ASFR59=01D80h-01DEFh -ASFR60=01E00h-01E6Fh \
  -ASFR61=01E80h-01EEFh -ASFR62=01F00h-01F6Fh -ASFR63=01F80h-01FEFh \
  -preset_vec=00h,intentry=04h,init,end_init -ppowerup=CODE -pcinit=CODE \
  -pfunctab=ENTRY -ACONFIG=08007h-0800Bh -pconfig=CONFIG -DCONFIG=2 \
  -AIDLOC=08000h-08003h -pidloc=IDLOC -DIDLOC=2 -DCODE=2 -DSTRCODE=2 \
  -DSTRING=2 -DCONST=2 -DENTRY=2 -k \
  C:\Users\Ondre\AppData\Local\Temp\sdag.o \
  dist/default/production\Dew_Controller.X.production.o 

Object code version is 3.11

Machine type is 16F15356



                Name                               Link     Load   Length Selector   Space Scale
C:\Users\Ondre\AppData\Local\Temp\sdag.o
                end_init                             68       68        2        8       0
                reset_vec                             0        0        2        0       0
                config                             8007     8007        5    1000E       0
dist/default/production\Dew_Controller.X.production.o
                cinit                                6A       6A       4B        8       0
                intentry                              4        4       64        8       0
                text72                             2177     2177        3     42EE       0
                text71                             217A     217A        3     42F4       0
                text70                             22F9     22F9       2E     45F2       0
                text69                             23EC     23EC       38     47D8       0
                text68                             2357     2357       31     46AE       0
                text67                             24A7     24A7       45     494E       0
                text65                             2195     2195        9     432A       0
                text64                             2424     2424       3F     4848       0
                text63                              7E8      7E8       17        8       0
                text62                             224A     224A       1F     4494       0
                text61                             219E     219E        A     433C       0
                text60                             1A6E     1A6E       8B     34DC       0
                text59                             21BC     21BC        B     4378       0
                text58                             22A8     22A8       27     4550       0
                text57                             1374     1374      17A     26E8       0
                text56                             2288     2288       20     4510       0
                text55                              502      502      22C        8       0
                text54                              C1B      C1B      1E2     1836       0
                text53                             2269     2269       1F     44D2       0
                text52                               B5       B5      44D        8       0
                text51                             19F2     19F2       7C     33E4       0
                text50                             1015     1015       96     202A       0
                text49                              800      800        2     1000       0
                text48                             2200     2200       11     4400       0
                text47                             2615     2615       56     4C2A       0
                text46                             21C7     21C7        B     438E       0
                text45                             2185     2185        8     430A       0
                text44                             21A8     21A8        A     4350       0
                text43                             1208     1208      16C     2410       0
                text42                             1980     1980       72     3300       0
                text41                             222D     222D       1D     445A       0
                text40                             2327     2327       30     464E       0
                text39                             26C3     26C3       69     4D86       0
                text38                              7FF      7FF        1        8       0
                text37                             22CF     22CF       2A     459E       0
                text36                              A5F      A5F      1BC     14BE       0
                text35                             1CAB     1CAB      108     3956       0
                text34                             2532     2532       48     4A64       0
                text33                             2388     2388       32     4710       0
                text32                             257A     257A       49     4AF4       0
                text31                             2211     2211       1C     4422       0
                text30                             14EE     14EE      186     29DC       0
                text29                             25C3     25C3       52     4B86       0
                text28                             24EC     24EC       46     49D8       0
                text27                             272C     272C       69     4E58       0
                text26                             217D     217D        4     42FA       0
                text25                             2181     2181        4     4302       0
                text24                             21D2     21D2        B     43A4       0
                text23                             2795     2795       6B     4F2A       0
                text22                             23BA     23BA       32     4774       0
                text21                              806      806       12     100C       0
                text20                             1C16     1C16       95     382C       0
                text19                             21DD     21DD        B     43BA       0
                text18                             2463     2463       44     48C6       0
                text17                             1000     1000        4     1BFA       0
                text16                              802      802        4     1004       0
                text15                             1004     1004       11     2008       0
                text14                              818      818       B3     1030       0
                text13                              8CB      8CB      194     1196       0
                text12                              DFD      DFD      203     1BFA       0
                text11                             1ED4     1ED4      12C     3DA8       0
                text10                             1DB3     1DB3      121     3B66       0
                text9                              1AF9     1AF9       8B     35F2       0
                text8                               72E      72E       BA        8       0
                text7                              18A2     18A2       6F     3144       0
                text6                              1834     1834       6E     3068       0
                text5                              1911     1911       6F     3222       0
                text4                              266B     266B       58     4CD6       0
                text3                              21B2     21B2        A     4364       0
                text2                              1674     1674      18C     2CE8       0
                text1                              10AB     10AB      15D     2156       0
                maintext                           1B84     1B84       92     3708       0
                cstackBANK0                          20       20       50       20       1
                cstackCOMMON                         70       70        C       70       1
                cstackBANK1                          A0       A0       3E       A0       1
                clrtext                            21E8     21E8        C     43D0       0
                inittext                           21F4     21F4        C     43E8       0
                dataBANK3                           1A0      1A0       32      1A0       1
                dataBANK2                           163      163        8      120       1
                bssBANK2                            120      120       43      120       1
                dataBANK1                            EE       EE        2       A0       1
                bssBANK1                             DE       DE       10       A0       1
                bssCOMMON                            7C       7C        2       70       1
                stringtext42                       2A00     2A00        2     5000       0
                stringtext41                       29FE     29FE        2     5000       0
                stringtext40                       29FB     29FB        3     5000       0
                stringtext39                       29F8     29F8        3     5000       0
                stringtext38                       29F5     29F5        3     5000       0
                stringtext37                       29F2     29F2        3     5000       0
                stringtext36                       29EF     29EF        3     5000       0
                stringtext35                       29EB     29EB        4     5000       0
                stringtext34                       29E7     29E7        4     5000       0
                stringtext33                       29E3     29E3        4     5000       0
                stringtext32                       29DF     29DF        4     5000       0
                stringtext31                       29D9     29D9        6     5000       0
                stringtext30                       29D2     29D2        7     5000       0
                stringtext29                       29CB     29CB        7     5000       0
                stringtext28                       29C4     29C4        7     5000       0
                stringtext27                       29BD     29BD        7     5000       0
                stringtext26                       29B6     29B6        7     5000       0
                stringtext25                       29AE     29AE        8     5000       0
                stringtext24                       29A6     29A6        8     5000       0
                stringtext23                       299E     299E        8     5000       0
                stringtext22                       2996     2996        8     5000       0
                stringtext21                       298E     298E        8     5000       0
                stringtext20                       2986     2986        8     5000       0
                stringtext19                       297D     297D        9     5000       0
                stringtext18                       2974     2974        9     5000       0
                stringtext17                       296B     296B        9     5000       0
                stringtext16                       2961     2961        A     5000       0
                stringtext15                       2956     2956        B     5000       0
                stringtext14                       294A     294A        C     5000       0
                stringtext13                       293D     293D        D     5000       0
                stringtext12                       2930     2930        D     5000       0
                stringtext11                       2923     2923        D     5000       0
                stringtext10                       2916     2916        D     5000       0
                stringtext9                        2909     2909        D     5000       0
                stringtext8                        28FC     28FC        D     5000       0
                stringtext7                        28EF     28EF        D     5000       0
                stringtext6                        28E2     28E2        D     5000       0
                stringtext5                        28C9     28C9       19     5000       0
                stringtext4                        2888     2888       25     5000       0
                stringtext3                        2800     2800       4C     5000       0
                stringtext2                        28AD     28AD       1C     5000       0
                stringtext1                        284C     284C       3C     5000       0
                idataBANK3                         1802     1802       32     3004       0
                idataBANK2                         218D     218D        8     431A       0
                idataBANK1                            2        2        2        0       0

TOTAL           Name                               Link     Load   Length     Space
        CLASS   STACK          

        CLASS   CODE           
                end_init                             68       68        2         0
                cinit                                6A       6A       4B         0
                intentry                              4        4       64         0
                reset_vec                             0        0        2         0
                text72                             2177     2177        3         0
                text71                             217A     217A        3         0
                text70                             22F9     22F9       2E         0
                text69                             23EC     23EC       38         0
                text68                             2357     2357       31         0
                text67                             24A7     24A7       45         0
                text65                             2195     2195        9         0
                text64                             2424     2424       3F         0
                text63                              7E8      7E8       17         0
                text62                             224A     224A       1F         0
                text61                             219E     219E        A         0
                text60                             1A6E     1A6E       8B         0
                text59                             21BC     21BC        B         0
                text58                             22A8     22A8       27         0
                text57                             1374     1374      17A         0
                text56                             2288     2288       20         0
                text55                              502      502      22C         0
                text54                              C1B      C1B      1E2         0
                text53                             2269     2269       1F         0
                text52                               B5       B5      44D         0
                text51                             19F2     19F2       7C         0
                text50                             1015     1015       96         0
                text49                              800      800        2         0
                text48                             2200     2200       11         0
                text47                             2615     2615       56         0
                text46                             21C7     21C7        B         0
                text45                             2185     2185        8         0
                text44                             21A8     21A8        A         0
                text43                             1208     1208      16C         0
                text42                             1980     1980       72         0
                text41                             222D     222D       1D         0
                text40                             2327     2327       30         0
                text39                             26C3     26C3       69         0
                text38                              7FF      7FF        1         0
                text37                             22CF     22CF       2A         0
                text36                              A5F      A5F      1BC         0
                text35                             1CAB     1CAB      108         0
                text34                             2532     2532       48         0
                text33                             2388     2388       32         0
                text32                             257A     257A       49         0
                text31                             2211     2211       1C         0
                text30                             14EE     14EE      186         0
                text29                             25C3     25C3       52         0
                text28                             24EC     24EC       46         0
                text27                             272C     272C       69         0
                text26                             217D     217D        4         0
                text25                             2181     2181        4         0
                text24                             21D2     21D2        B         0
                text23                             2795     2795       6B         0
                text22                             23BA     23BA       32         0
                text21                              806      806       12         0
                text20                             1C16     1C16       95         0
                text19                             21DD     21DD        B         0
                text18                             2463     2463       44         0
                text17                             1000     1000        4         0
                text16                              802      802        4         0
                text15                             1004     1004       11         0
                text14                              818      818       B3         0
                text13                              8CB      8CB      194         0
                text12                              DFD      DFD      203         0
                text11                             1ED4     1ED4      12C         0
                text10                             1DB3     1DB3      121         0
                text9                              1AF9     1AF9       8B         0
                text8                               72E      72E       BA         0
                text7                              18A2     18A2       6F         0
                text6                              1834     1834       6E         0
                text5                              1911     1911       6F         0
                text4                              266B     266B       58         0
                text3                              21B2     21B2        A         0
                text2                              1674     1674      18C         0
                text1                              10AB     10AB      15D         0
                maintext                           1B84     1B84       92         0
                clrtext                            21E8     21E8        C         0
                inittext                           21F4     21F4        C         0
                idataBANK3                         1802     1802       32         0
                idataBANK2                         218D     218D        8         0
                idataBANK1                            2        2        2         0

        CLASS   STRCODE        
                stringtext42                       2A00     2A00        2         0
                stringtext41                       29FE     29FE        2         0
                stringtext40                       29FB     29FB        3         0
                stringtext39                       29F8     29F8        3         0
                stringtext38                       29F5     29F5        3         0
                stringtext37                       29F2     29F2        3         0
                stringtext36                       29EF     29EF        3         0
                stringtext35                       29EB     29EB        4         0
                stringtext34                       29E7     29E7        4         0
                stringtext33                       29E3     29E3        4         0
                stringtext32                       29DF     29DF        4         0
                stringtext31                       29D9     29D9        6         0
                stringtext30                       29D2     29D2        7         0
                stringtext29                       29CB     29CB        7         0
                stringtext28                       29C4     29C4        7         0
                stringtext27                       29BD     29BD        7         0
                stringtext26                       29B6     29B6        7         0
                stringtext25                       29AE     29AE        8         0
                stringtext24                       29A6     29A6        8         0
                stringtext23                       299E     299E        8         0
                stringtext22                       2996     2996        8         0
                stringtext21                       298E     298E        8         0
                stringtext20                       2986     2986        8         0
                stringtext19                       297D     297D        9         0
                stringtext18                       2974     2974        9         0
                stringtext17                       296B     296B        9         0
                stringtext16                       2961     2961        A         0
                stringtext15                       2956     2956        B         0
                stringtext14                       294A     294A        C         0
                stringtext13                       293D     293D        D         0
                stringtext12                       2930     2930        D         0
                stringtext11                       2923     2923        D         0
                stringtext10                       2916     2916        D         0
                stringtext9                        2909     2909        D         0
                stringtext8                        28FC     28FC        D         0
                stringtext7                        28EF     28EF        D         0
                stringtext6                        28E2     28E2        D         0
                stringtext5                        28C9     28C9       19         0
                stringtext4                        2888     2888       25         0
                stringtext3                        2800     2800       4C         0
                stringtext2                        28AD     28AD       1C         0
                stringtext1                        284C     284C       3C         0

        CLASS   STRING         

        CLASS   CONST          

        CLASS   ENTRY          

        CLASS   COMMON         
                cstackCOMMON                         70       70        C         1
                bssCOMMON                            7C       7C        2         1

        CLASS   BANK0          
                cstackBANK0                          20       20       50         1

        CLASS   BANK1          
                cstackBANK1                          A0       A0       3E         1
                dataBANK1                            EE       EE        2         1
                bssBANK1                             DE       DE       10         1

        CLASS   BANK2          
                dataBANK2                           163      163        8         1
                bssBANK2                            120      120       43         1

        CLASS   BANK3          
                dataBANK3                           1A0      1A0       32         1

        CLASS   BANK4          

        CLASS   BANK5          

        CLASS   BANK6          

        CLASS   BANK7          

        CLASS   BANK8          

        CLASS   BANK9          

        CLASS   BANK10         

        CLASS   BANK11         

        CLASS   BANK12         

        CLASS   BANK13         

        CLASS   BANK14         

        CLASS   BANK15         

        CLASS   BANK16         

        CLASS   BANK17         

        CLASS   BANK18         

        CLASS   BANK19         

        CLASS   BANK20         

        CLASS   BANK21         

        CLASS   BANK22         

        CLASS   BANK23         

        CLASS   BANK24         

        CLASS   BANK25         

        CLASS   BIGRAM         

        CLASS   RAM            

        CLASS   ABS1           
                abs_s1                               7E       7E        2         1
                abs_s1                              BB3      BB3       3D         1
                abs_s1                              C20      C20       50         1
                abs_s1                              CA0      CA0       20         1
                abs_s1                             2743     2743        0         1

        CLASS   SFR0           

        CLASS   SFR1           

        CLASS   SFR2           

        CLASS   SFR3           

        CLASS   SFR4           

        CLASS   SFR5           

        CLASS   SFR6           

        CLASS   SFR7           

        CLASS   SFR8           

        CLASS   SFR9           

        CLASS   SFR10          

        CLASS   SFR11          

        CLASS   SFR12          

        CLASS   SFR13          

        CLASS   SFR14          

        CLASS   SFR15          

        CLASS   SFR16          

        CLASS   SFR17          

        CLASS   SFR18          

        CLASS   SFR19          

        CLASS   SFR20          

        CLASS   SFR21          

        CLASS   SFR22          

        CLASS   SFR23          

        CLASS   SFR24          

        CLASS   SFR25          

        CLASS   SFR26          

        CLASS   SFR27          

        CLASS   SFR28          

        CLASS   SFR29          

        CLASS   SFR30          

        CLASS   SFR31          

        CLASS   SFR32          

        CLASS   SFR33          

        CLASS   SFR34          

        CLASS   SFR35          

        CLASS   SFR36          

        CLASS   SFR37          

        CLASS   SFR38          

        CLASS   SFR39          

        CLASS   SFR40          

        CLASS   SFR41          

        CLASS   SFR42          

        CLASS   SFR43          

        CLASS   SFR44          

        CLASS   SFR45          

        CLASS   SFR46          

        CLASS   SFR47          

        CLASS   SFR48          

        CLASS   SFR49          

        CLASS   SFR50          

        CLASS   SFR51          

        CLASS   SFR52          

        CLASS   SFR53          

        CLASS   SFR54          

        CLASS   SFR55          

        CLASS   SFR56          

        CLASS   SFR57          

        CLASS   SFR58          

        CLASS   SFR59          

        CLASS   SFR60          

        CLASS   SFR61          

        CLASS   SFR62          

        CLASS   SFR63          

        CLASS   CONFIG         
                config                             8007     8007        5         0

        CLASS   IDLOC          

        CLASS   BANK63         

        CLASS   BANK62         

        CLASS   BANK61         

        CLASS   BANK60         

        CLASS   BANK59         

        CLASS   BANK58         

        CLASS   BANK57         

        CLASS   BANK56         

        CLASS   BANK55         

        CLASS   BANK54         

        CLASS   BANK53         

        CLASS   BANK52         

        CLASS   BANK51         

        CLASS   BANK50         

        CLASS   BANK49         

        CLASS   BANK48         

        CLASS   BANK47         

        CLASS   BANK46         

        CLASS   BANK45         

        CLASS   BANK44         

        CLASS   BANK43         

        CLASS   BANK42         

        CLASS   BANK41         

        CLASS   BANK40         

        CLASS   BANK39         

        CLASS   BANK38         

        CLASS   BANK37         

        CLASS   BANK36         

        CLASS   BANK35         

        CLASS   BANK34         

        CLASS   BANK33         

        CLASS   BANK32         

        CLASS   BANK31         

        CLASS   BANK30         

        CLASS   BANK29         

        CLASS   BANK28         

        CLASS   BANK27         

        CLASS   BANK26         

        CLASS   EEDATA         



SEGMENTS        Name                           Load    Length   Top    Selector   Space  Class     Delta

                reset_vec                      000000  000004  000004         0       0  CODE        2
                intentry                       000004  0007FC  000800         8       0  CODE        2
                cstackBANK0                    000020  000050  000070        20       1  BANK0       1
                cstackCOMMON                   000070  00000E  00007E        70       1  COMMON      1
                cstackBANK1                    0000A0  000050  0000F0        A0       1  BANK1       1
                bssBANK2                       000120  00004B  00016B       120       1  BANK2       1
                dataBANK3                      0001A0  000032  0001D2       1A0       1  BANK3       1
                text49                         000800  000002  000802      1000       0  CODE        2
                text16                         000802  000004  000806      1004       0  CODE        2
                text21                         000806  000012  000818      100C       0  CODE        2
                text14                         000818  0000B3  0008CB      1030       0  CODE        2
                text13                         0008CB  000194  000A5F      1196       0  CODE        2
                text36                         000A5F  0001BC  000C1B      14BE       0  CODE        2
                text54                         000C1B  0001E2  000DFD      1836       0  CODE        2
                text12                         000DFD  000207  001004      1BFA       0  CODE        2
                text15                         001004  000011  001015      2008       0  CODE        2
                text50                         001015  000096  0010AB      202A       0  CODE        2
                text1                          0010AB  00015D  001208      2156       0  CODE        2
                text43                         001208  00016C  001374      2410       0  CODE        2
                text57                         001374  00017A  0014EE      26E8       0  CODE        2
                text30                         0014EE  000186  001674      29DC       0  CODE        2
                text2                          001674  00018C  001800      2CE8       0  CODE        2
                idataBANK3                     001802  000032  001834      3004       0  CODE        2
                text6                          001834  00006E  0018A2      3068       0  CODE        2
                text7                          0018A2  00006F  001911      3144       0  CODE        2
                text5                          001911  00006F  001980      3222       0  CODE        2
                text42                         001980  000072  0019F2      3300       0  CODE        2
                text51                         0019F2  00007C  001A6E      33E4       0  CODE        2
                text60                         001A6E  00008B  001AF9      34DC       0  CODE        2
                text9                          001AF9  00008B  001B84      35F2       0  CODE        2
                maintext                       001B84  000092  001C16      3708       0  CODE        2
                text20                         001C16  000095  001CAB      382C       0  CODE        2
                text35                         001CAB  000108  001DB3      3956       0  CODE        2
                text10                         001DB3  000121  001ED4      3B66       0  CODE        2
                text11                         001ED4  00012C  002000      3DA8       0  CODE        2
                text72                         002177  000003  00217A      42EE       0  CODE        2
                text71                         00217A  000003  00217D      42F4       0  CODE        2
                text26                         00217D  000004  002181      42FA       0  CODE        2
                text25                         002181  000004  002185      4302       0  CODE        2
                text45                         002185  000008  00218D      430A       0  CODE        2
                idataBANK2                     00218D  000008  002195      431A       0  CODE        2
                text65                         002195  000009  00219E      432A       0  CODE        2
                text61                         00219E  00000A  0021A8      433C       0  CODE        2
                text44                         0021A8  00000A  0021B2      4350       0  CODE        2
                text3                          0021B2  00000A  0021BC      4364       0  CODE        2
                text59                         0021BC  00000B  0021C7      4378       0  CODE        2
                text46                         0021C7  00000B  0021D2      438E       0  CODE        2
                text24                         0021D2  00000B  0021DD      43A4       0  CODE        2
                text19                         0021DD  00000B  0021E8      43BA       0  CODE        2
                clrtext                        0021E8  00000C  0021F4      43D0       0  CODE        2
                inittext                       0021F4  00000C  002200      43E8       0  CODE        2
                text48                         002200  000011  002211      4400       0  CODE        2
                text31                         002211  00001C  00222D      4422       0  CODE        2
                text41                         00222D  00001D  00224A      445A       0  CODE        2
                text62                         00224A  00001F  002269      4494       0  CODE        2
                text53                         002269  00001F  002288      44D2       0  CODE        2
                text56                         002288  000020  0022A8      4510       0  CODE        2
                text58                         0022A8  000027  0022CF      4550       0  CODE        2
                text37                         0022CF  00002A  0022F9      459E       0  CODE        2
                text70                         0022F9  00002E  002327      45F2       0  CODE        2
                text40                         002327  000030  002357      464E       0  CODE        2
                text68                         002357  000031  002388      46AE       0  CODE        2
                text33                         002388  000032  0023BA      4710       0  CODE        2
                text22                         0023BA  000032  0023EC      4774       0  CODE        2
                text69                         0023EC  000038  002424      47D8       0  CODE        2
                text64                         002424  00003F  002463      4848       0  CODE        2
                text18                         002463  000044  0024A7      48C6       0  CODE        2
                text67                         0024A7  000045  0024EC      494E       0  CODE        2
                text28                         0024EC  000046  002532      49D8       0  CODE        2
                text34                         002532  000048  00257A      4A64       0  CODE        2
                text32                         00257A  000049  0025C3      4AF4       0  CODE        2
                text29                         0025C3  000052  002615      4B86       0  CODE        2
                text47                         002615  000056  00266B      4C2A       0  CODE        2
                text4                          00266B  000058  0026C3      4CD6       0  CODE        2
                text39                         0026C3  000069  00272C      4D86       0  CODE        2
                text27                         00272C  000069  002795      4E58       0  CODE        2
                text23                         002795  00006B  002800      4F2A       0  CODE        2
                stringtext3                    002800  000202  002A02      5000       0  STRCODE     2
                config                         008007  000005  00800C     1000E       0  CONFIG      2


UNUSED ADDRESS RANGES

        Name                Unused          Largest block    Delta
        BANK10           00520-0056F              50           1
        BANK11           005A0-005EF              50           1
        BANK12           00620-0066F              50           1
        BANK13           006A0-006EF              50           1
        BANK14           00720-0076F              50           1
        BANK15           007A0-007EF              50           1
        BANK16           00820-0086F              50           1
        BANK17           008A0-008EF              50           1
        BANK18           00920-0096F              50           1
        BANK19           009A0-009EF              50           1
        BANK2            0016B-0016F               5           1
        BANK20           00A20-00A6F              50           1
        BANK21           00AA0-00AEF              50           1
        BANK22           00B20-00B6F              50           1
        BANK23           00BA0-00BB2              13           1
        BANK3            001D2-001EF              1E           1
        BANK4            00220-0026F              50           1
        BANK5            002A0-002EF              50           1
        BANK6            00320-0036F              50           1
        BANK7            003A0-003EF              50           1
        BANK8            00420-0046F              50           1
        BANK9            004A0-004EF              50           1
        BIGRAM           02000-027EF             7F0           1
        CODE             01800-01801               2           2
                         02000-02176             177
                         02A02-03FFF             800
        CONST            01800-01801               2           2
                         02000-02176             100
                         02A02-03FFF             100
        ENTRY            01800-01801               2           2
                         02000-02176             100
                         02A02-03FFF             100
        IDLOC            08000-08003               4           2
        RAM              0016B-0016F               5           1
                         001D2-001EF              1E
                         00220-0026F              50
                         002A0-002EF              50
                         00320-0036F              50
                         003A0-003EF              50
                         00420-0046F              50
                         004A0-004EF              50
                         00520-0056F              50
                         005A0-005EF              50
                         00620-0066F              50
                         006A0-006EF              50
                         00720-0076F              50
                         007A0-007EF              50
                         00820-0086F              50
                         008A0-008EF              50
                         00920-0096F              50
                         009A0-009EF              50
                         00A20-00A6F              50
                         00AA0-00AEF              50
                         00B20-00B6F              50
                         00BA0-00BB2              13
        SFR0             00000-0001F              20           1
        SFR1             00080-0009F              20           1
        SFR10            00500-0051F              20           1
        SFR11            00580-0059F              20           1
        SFR12            00600-0061F              20           1
        SFR13            00680-0069F              20           1
        SFR14            00700-0071F              20           1
        SFR15            00780-0079F              20           1
        SFR16            00800-0081F              20           1
        SFR17            00880-0089F              20           1
        SFR18            00900-0091F              20           1
        SFR19            00980-0099F              20           1
        SFR2             00100-0011F              20           1
        SFR20            00A00-00A1F              20           1
        SFR21            00A80-00A9F              20           1
        SFR22            00B00-00B1F              20           1
        SFR23            00B80-00B9F              20           1
        SFR24            00C00-00C1F              20           1
        SFR25            00C80-00C9F              20           1
        SFR26            00D00-00D6F              70           1
        SFR27            00D80-00DEF              70           1
        SFR28            00E00-00E6F              70           1
        SFR29            00E80-00EEF              70           1
        SFR3             00180-0019F              20           1
        SFR30            00F00-00F6F              70           1
        SFR31            00F80-00FEF              70           1
        SFR32            01000-0106F              70           1
        SFR33            01080-010EF              70           1
        SFR34            01100-0116F              70           1
        SFR35            01180-011EF              70           1
        SFR36            01200-0126F              70           1
        SFR37            01280-012EF              70           1
        SFR38            01300-0136F              70           1
        SFR39            01380-013EF              70           1
        SFR4             00200-0021F              20           1
        SFR40            01400-0146F              70           1
        SFR41            01480-014EF              70           1
        SFR42            01500-0156F              70           1
        SFR43            01580-015EF              70           1
        SFR44            01600-0166F              70           1
        SFR45            01680-016EF              70           1
        SFR46            01700-0176F              70           1
        SFR47            01780-017EF              70           1
        SFR48            01800-0186F              70           1
        SFR49            01880-018EF              70           1
        SFR5             00280-0029F              20           1
        SFR50            01900-0196F              70           1
        SFR51            01980-019EF              70           1
        SFR52            01A00-01A6F              70           1
        SFR53            01A80-01AEF              70           1
        SFR54            01B00-01B6F              70           1
        SFR55            01B80-01BEF              70           1
        SFR56            01C00-01C6F              70           1
        SFR57            01C80-01CEF              70           1
        SFR58            01D00-01D6F              70           1
        SFR59            01D80-01DEF              70           1
        SFR6             00300-0031F              20           1
        SFR60            01E00-01E6F              70           1
        SFR61            01E80-01EEF              70           1
        SFR62            01F00-01F6F              70           1
        SFR63            01F80-01FEF              70           1
        SFR7             00380-0039F              20           1
        SFR8             00400-0041F              20           1
        SFR9             00480-0049F              20           1
        STACK            02122-02742             621           1
        STRCODE          01800-01801               2           2
                         02000-02176             177
                         02A02-03FFF            15FE
        STRING           01800-01801               2           2
                         02000-02176             100
                         02A02-03FFF             100

                                  Symbol Table

?__Umul8_16                       cstackBANK0  00020
?___awdiv                         cstackBANK0  00020
?___awmod                         cstackBANK0  00020
?___fladd                         cstackBANK0  0004E
?___fldiv                         cstackBANK0  0004E
?___flmul                         cstackBANK0  00034
?___flsub                         cstackBANK0  00062
?___fltol                         cstackBANK0  00068
?___lmul                          cstackBANK0  00020
?___wmul                          cstackBANK0  00020
?___xxtofl                        cstackBANK0  00026
?_adcGetConversion                cstackBANK0  00020
?_ema                             cstackBANK0  0002C
?_getStateFunc                    cstackBANK0  00026
?_timeNow                         cstackBANK0  00020
?_timeSince                       cstackBANK0  00024
OLED_command@value                cstackBANK0  00026
OLED_loadSpecialChars@F7945       dataBANK3    001A0
OLED_loadSpecialChars@n           cstackBANK0  00048
OLED_loadSpecialChars@special     cstackBANK0  00028
OLED_print_xy@F7940               dataBANK2    00163
OLED_print_xy@col                 cstackBANK0  0002F
OLED_print_xy@row                 cstackBANK0  00027
OLED_print_xy@row_offsets         cstackBANK0  0002B
OLED_print_xy@s                   cstackBANK0  00028
OLED_send@mode                    cstackBANK0  00023
OLED_send@value                   cstackBANK0  00025
OLED_setCursor@F7932              dataBANK2    00167
OLED_waitForReady@busy            cstackBANK0  00020
OLED_write4bits@value             cstackBANK0  00022
OLED_write@value                  cstackBANK0  00026
_ADCON0bits                       (abs)        0009D
_ADCON1                           (abs)        0009E
_ADRESH                           (abs)        0009C
_ADRESL                           (abs)        0009B
_ANSELA                           (abs)        01F38
_ANSELB                           (abs)        01F43
_ANSELC                           (abs)        01F4E
_BAUD1CON                         (abs)        0011F
_INTCON                           (abs)        0000B
_INTCONbits                       (abs)        0000B
_IOCAFbits                        (abs)        01F3F
_IOCAN                            (abs)        01F3E
_IOCAP                            (abs)        01F3D
_IOCCN                            (abs)        01F54
_ISR                              intentry     00004
_LATAbits                         (abs)        00018
_LATBbits                         (abs)        00019
_LATCbits                         (abs)        0001A
_OLED_Off                         text3        021B2
_OLED_clearDisplay                text17       01000
_OLED_command                     text61       0219E
_OLED_init                        text60       01A6E
_OLED_loadSpecialChars            text58       022A8
_OLED_print_xy                    text33       02388
_OLED_pulseEnable                 text65       02195
_OLED_returnHome                  text16       00802
_OLED_scrollDisplayLeft           text26       0217D
_OLED_scrollDisplayRight          text25       02181
_OLED_send                        text63       007E8
_OLED_waitForReady                text62       0224A
_OLED_write                       text59       021BC
_OLED_write4bits                  text64       02424
_OSCCON1                          (abs)        0088D
_OSCCON3bits                      (abs)        0088F
_OSCFRQ                           (abs)        00893
_PIE0                             (abs)        00716
_PIE0bits                         (abs)        00716
_PIE3                             (abs)        00719
_PIE3bits                         (abs)        00719
_PIE4                             (abs)        0071A
_PIE4bits                         (abs)        0071A
_PIR0bits                         (abs)        0070C
_PIR3bits                         (abs)        0070F
_PIR4bits                         (abs)        00710
_PORTAbits                        (abs)        0000C
_PORTCbits                        (abs)        0000E
_RC1REG                           (abs)        00119
_RC1STA                           (abs)        0011D
_RC1STAbits                       (abs)        0011D
_RC6PPS                           (abs)        01F26
_RX1DTPPSbits                     (abs)        01ECB
_SPBRGL                           (abs)        0011B
_T0CON0                           (abs)        0059E
_T0CON1                           (abs)        0059F
_T1CLK                            (abs)        00211
_T1CON                            (abs)        0020E
_TMR0                             (abs)        0059C
_TMR1                             (abs)        0020C
_TRISA                            (abs)        00012
_TRISB                            (abs)        00013
_TRISC                            (abs)        00014
_TRISCbits                        (abs)        00014
_TX1REG                           (abs)        0011A
_TX1STA                           (abs)        0011E
__CFG_BBEN$OFF                    (abs)        00000
__CFG_BBSIZE$BB512                (abs)        00000
__CFG_BOREN$ON                    (abs)        00000
__CFG_BORV$LO                     (abs)        00000
__CFG_CLKOUTEN$OFF                (abs)        00000
__CFG_CP$OFF                      (abs)        00000
__CFG_CSWEN$ON                    (abs)        00000
__CFG_FCMEN$ON                    (abs)        00000
__CFG_FEXTOSC$OFF                 (abs)        00000
__CFG_LPBOREN$OFF                 (abs)        00000
__CFG_LVP$ON                      (abs)        00000
__CFG_MCLRE$ON                    (abs)        00000
__CFG_PPS1WAY$ON                  (abs)        00000
__CFG_PWRTE$OFF                   (abs)        00000
__CFG_RSTOSC$HFINT1               (abs)        00000
__CFG_SAFEN$OFF                   (abs)        00000
__CFG_STVREN$ON                   (abs)        00000
__CFG_WDTCCS$SC                   (abs)        00000
__CFG_WDTCPS$WDTCPS_31            (abs)        00000
__CFG_WDTCWS$WDTCWS_7             (abs)        00000
__CFG_WDTE$OFF                    (abs)        00000
__CFG_WRTAPP$OFF                  (abs)        00000
__CFG_WRTB$OFF                    (abs)        00000
__CFG_WRTC$OFF                    (abs)        00000
__CFG_WRTSAF$OFF                  (abs)        00000
__CFG_ZCD$OFF                     (abs)        00000
__Habs1                           abs1         00000
__Hbank0                          bank0        00000
__Hbank1                          bank1        00000
__Hbank10                         bank10       00000
__Hbank11                         bank11       00000
__Hbank12                         bank12       00000
__Hbank13                         bank13       00000
__Hbank14                         bank14       00000
__Hbank15                         bank15       00000
__Hbank16                         bank16       00000
__Hbank17                         bank17       00000
__Hbank18                         bank18       00000
__Hbank19                         bank19       00000
__Hbank2                          bank2        00000
__Hbank20                         bank20       00000
__Hbank21                         bank21       00000
__Hbank22                         bank22       00000
__Hbank23                         bank23       00000
__Hbank24                         bank24       00000
__Hbank25                         bank25       00000
__Hbank26                         bank26       00000
__Hbank27                         bank27       00000
__Hbank28                         bank28       00000
__Hbank29                         bank29       00000
__Hbank3                          bank3        00000
__Hbank30                         bank30       00000
__Hbank31                         bank31       00000
__Hbank32                         bank32       00000
__Hbank33                         bank33       00000
__Hbank34                         bank34       00000
__Hbank35                         bank35       00000
__Hbank36                         bank36       00000
__Hbank37                         bank37       00000
__Hbank38                         bank38       00000
__Hbank39                         bank39       00000
__Hbank4                          bank4        00000
__Hbank40                         bank40       00000
__Hbank41                         bank41       00000
__Hbank42                         bank42       00000
__Hbank43                         bank43       00000
__Hbank44                         bank44       00000
__Hbank45                         bank45       00000
__Hbank46                         bank46       00000
__Hbank47                         bank47       00000
__Hbank48                         bank48       00000
__Hbank49                         bank49       00000
__Hbank5                          bank5        00000
__Hbank50                         bank50       00000
__Hbank51                         bank51       00000
__Hbank52                         bank52       00000
__Hbank53                         bank53       00000
__Hbank54                         bank54       00000
__Hbank55                         bank55       00000
__Hbank56                         bank56       00000
__Hbank57                         bank57       00000
__Hbank58                         bank58       00000
__Hbank59                         bank59       00000
__Hbank6                          bank6        00000
__Hbank60                         bank60       00000
__Hbank61                         bank61       00000
__Hbank62                         bank62       00000
__Hbank63                         bank63       00000
__Hbank7                          bank7        00000
__Hbank8                          bank8        00000
__Hbank9                          bank9        00000
__Hbigram                         bigram       00000
__HbssBANK1                       bssBANK1     00000
__HbssBANK2                       bssBANK2     00000
__HbssCOMMON                      bssCOMMON    00000
__Hcinit                          cinit        000B5
__Hclrtext                        clrtext      00000
__Hcode                           code         00000
__Hcommon                         common       00000
__Hconfig                         config       0800C
__HcstackBANK0                    cstackBANK0  00000
__HcstackBANK1                    cstackBANK1  00000
__HcstackCOMMON                   cstackCOMMON 00000
__HdataBANK1                      dataBANK1    00000
__HdataBANK2                      dataBANK2    00000
__HdataBANK3                      dataBANK3    00000
__Heeprom_data                    eeprom_data  00000
__Hend_init                       end_init     0006A
__Hfunctab                        functab      00000
__HidataBANK1                     idataBANK1   00000
__HidataBANK2                     idataBANK2   00000
__HidataBANK3                     idataBANK3   00000
__Hidloc                          idloc        00000
__Hinit                           init         00068
__Hinittext                       inittext     00000
__Hintentry                       intentry     00068
__Hmaintext                       maintext     00000
__Hpowerup                        powerup      00000
__Hram                            ram          00000
__Hreset_vec                      reset_vec    00002
__Hsfr0                           sfr0         00000
__Hsfr1                           sfr1         00000
__Hsfr10                          sfr10        00000
__Hsfr11                          sfr11        00000
__Hsfr12                          sfr12        00000
__Hsfr13                          sfr13        00000
__Hsfr14                          sfr14        00000
__Hsfr15                          sfr15        00000
__Hsfr16                          sfr16        00000
__Hsfr17                          sfr17        00000
__Hsfr18                          sfr18        00000
__Hsfr19                          sfr19        00000
__Hsfr2                           sfr2         00000
__Hsfr20                          sfr20        00000
__Hsfr21                          sfr21        00000
__Hsfr22                          sfr22        00000
__Hsfr23                          sfr23        00000
__Hsfr24                          sfr24        00000
__Hsfr25                          sfr25        00000
__Hsfr26                          sfr26        00000
__Hsfr27                          sfr27        00000
__Hsfr28                          sfr28        00000
__Hsfr29                          sfr29        00000
__Hsfr3                           sfr3         00000
__Hsfr30                          sfr30        00000
__Hsfr31                          sfr31        00000
__Hsfr32                          sfr32        00000
__Hsfr33                          sfr33        00000
__Hsfr34                          sfr34        00000
__Hsfr35                          sfr35        00000
__Hsfr36                          sfr36        00000
__Hsfr37                          sfr37        00000
__Hsfr38                          sfr38        00000
__Hsfr39                          sfr39        00000
__Hsfr4                           sfr4         00000
__Hsfr40                          sfr40        00000
__Hsfr41                          sfr41        00000
__Hsfr42                          sfr42        00000
__Hsfr43                          sfr43        00000
__Hsfr44                          sfr44        00000
__Hsfr45                          sfr45        00000
__Hsfr46                          sfr46        00000
__Hsfr47                          sfr47        00000
__Hsfr48                          sfr48        00000
__Hsfr49                          sfr49        00000
__Hsfr5                           sfr5         00000
__Hsfr50                          sfr50        00000
__Hsfr51                          sfr51        00000
__Hsfr52                          sfr52        00000
__Hsfr53                          sfr53        00000
__Hsfr54                          sfr54        00000
__Hsfr55                          sfr55        00000
__Hsfr56                          sfr56        00000
__Hsfr57                          sfr57        00000
__Hsfr58                          sfr58        00000
__Hsfr59                          sfr59        00000
__Hsfr6                           sfr6         00000
__Hsfr60                          sfr60        00000
__Hsfr61                          sfr61        00000
__Hsfr62                          sfr62        00000
__Hsfr63                          sfr63        00000
__Hsfr7                           sfr7         00000
__Hsfr8                           sfr8         00000
__Hsfr9                           sfr9         00000
__Hspace_0                        (abs)        0800C
__Hspace_1                        (abs)        001D2
__Hspace_2                        (abs)        00000
__Hspace_3                        (abs)        00000
__Hstack                          stack        00000
__Hstrings                        strings      00000
__Hstringtext1                    stringtext1  00000
__Hstringtext10                   stringtext10 00000
__Hstringtext11                   stringtext11 00000
__Hstringtext12                   stringtext12 00000
__Hstringtext13                   stringtext13 00000
__Hstringtext14                   stringtext14 00000
__Hstringtext15                   stringtext15 00000
__Hstringtext16                   stringtext16 00000
__Hstringtext17                   stringtext17 00000
__Hstringtext18                   stringtext18 00000
__Hstringtext19                   stringtext19 00000
__Hstringtext2                    stringtext2  00000
__Hstringtext20                   stringtext20 00000
__Hstringtext21                   stringtext21 00000
__Hstringtext22                   stringtext22 00000
__Hstringtext23                   stringtext23 00000
__Hstringtext24                   stringtext24 00000
__Hstringtext25                   stringtext25 00000
__Hstringtext26                   stringtext26 00000
__Hstringtext27                   stringtext27 00000
__Hstringtext28                   stringtext28 00000
__Hstringtext29                   stringtext29 00000
__Hstringtext3                    stringtext3  00000
__Hstringtext30                   stringtext30 00000
__Hstringtext31                   stringtext31 00000
__Hstringtext32                   stringtext32 00000
__Hstringtext33                   stringtext33 00000
__Hstringtext34                   stringtext34 00000
__Hstringtext35                   stringtext35 00000
__Hstringtext36                   stringtext36 00000
__Hstringtext37                   stringtext37 00000
__Hstringtext38                   stringtext38 00000
__Hstringtext39                   stringtext39 00000
__Hstringtext4                    stringtext4  00000
__Hstringtext40                   stringtext40 00000
__Hstringtext41                   stringtext41 00000
__Hstringtext42                   stringtext42 00000
__Hstringtext43                   stringtext43 00000
__Hstringtext5                    stringtext5  00000
__Hstringtext6                    stringtext6  00000
__Hstringtext7                    stringtext7  00000
__Hstringtext8                    stringtext8  00000
__Hstringtext9                    stringtext9  00000
__Htext                           text         00000
__Labs1                           abs1         00000
__Lbank0                          bank0        00000
__Lbank1                          bank1        00000
__Lbank10                         bank10       00000
__Lbank11                         bank11       00000
__Lbank12                         bank12       00000
__Lbank13                         bank13       00000
__Lbank14                         bank14       00000
__Lbank15                         bank15       00000
__Lbank16                         bank16       00000
__Lbank17                         bank17       00000
__Lbank18                         bank18       00000
__Lbank19                         bank19       00000
__Lbank2                          bank2        00000
__Lbank20                         bank20       00000
__Lbank21                         bank21       00000
__Lbank22                         bank22       00000
__Lbank23                         bank23       00000
__Lbank24                         bank24       00000
__Lbank25                         bank25       00000
__Lbank26                         bank26       00000
__Lbank27                         bank27       00000
__Lbank28                         bank28       00000
__Lbank29                         bank29       00000
__Lbank3                          bank3        00000
__Lbank30                         bank30       00000
__Lbank31                         bank31       00000
__Lbank32                         bank32       00000
__Lbank33                         bank33       00000
__Lbank34                         bank34       00000
__Lbank35                         bank35       00000
__Lbank36                         bank36       00000
__Lbank37                         bank37       00000
__Lbank38                         bank38       00000
__Lbank39                         bank39       00000
__Lbank4                          bank4        00000
__Lbank40                         bank40       00000
__Lbank41                         bank41       00000
__Lbank42                         bank42       00000
__Lbank43                         bank43       00000
__Lbank44                         bank44       00000
__Lbank45                         bank45       00000
__Lbank46                         bank46       00000
__Lbank47                         bank47       00000
__Lbank48                         bank48       00000
__Lbank49                         bank49       00000
__Lbank5                          bank5        00000
__Lbank50                         bank50       00000
__Lbank51                         bank51       00000
__Lbank52                         bank52       00000
__Lbank53                         bank53       00000
__Lbank54                         bank54       00000
__Lbank55                         bank55       00000
__Lbank56                         bank56       00000
__Lbank57                         bank57       00000
__Lbank58                         bank58       00000
__Lbank59                         bank59       00000
__Lbank6                          bank6        00000
__Lbank60                         bank60       00000
__Lbank61                         bank61       00000
__Lbank62                         bank62       00000
__Lbank63                         bank63       00000
__Lbank7                          bank7        00000
__Lbank8                          bank8        00000
__Lbank9                          bank9        00000
__Lbigram                         bigram       00000
__LbssBANK1                       bssBANK1     00000
__LbssBANK2                       bssBANK2     00000
__LbssCOMMON                      bssCOMMON    00000
__Lcinit                          cinit        0006A
__Lclrtext                        clrtext      00000
__Lcode                           code         00000
__Lcommon                         common       00000
__Lconfig                         config       08007
__LcstackBANK0                    cstackBANK0  00000
__LcstackBANK1                    cstackBANK1  00000
__LcstackCOMMON                   cstackCOMMON 00000
__LdataBANK1                      dataBANK1    00000
__LdataBANK2                      dataBANK2    00000
__LdataBANK3                      dataBANK3    00000
__Leeprom_data                    eeprom_data  00000
__Lend_init                       end_init     00068
__Lfunctab                        functab      00000
__LidataBANK1                     idataBANK1   00000
__LidataBANK2                     idataBANK2   00000
__LidataBANK3                     idataBANK3   00000
__Lidloc                          idloc        00000
__Linit                           init         00068
__Linittext                       inittext     00000
__Lintentry                       intentry     00004
__Lmaintext                       maintext     00000
__Lpowerup                        powerup      00000
__Lram                            ram          00000
__Lreset_vec                      reset_vec    00000
__Lsfr0                           sfr0         00000
__Lsfr1                           sfr1         00000
__Lsfr10                          sfr10        00000
__Lsfr11                          sfr11        00000
__Lsfr12                          sfr12        00000
__Lsfr13                          sfr13        00000
__Lsfr14                          sfr14        00000
__Lsfr15                          sfr15        00000
__Lsfr16                          sfr16        00000
__Lsfr17                          sfr17        00000
__Lsfr18                          sfr18        00000
__Lsfr19                          sfr19        00000
__Lsfr2                           sfr2         00000
__Lsfr20                          sfr20        00000
__Lsfr21                          sfr21        00000
__Lsfr22                          sfr22        00000
__Lsfr23                          sfr23        00000
__Lsfr24                          sfr24        00000
__Lsfr25                          sfr25        00000
__Lsfr26                          sfr26        00000
__Lsfr27                          sfr27        00000
__Lsfr28                          sfr28        00000
__Lsfr29                          sfr29        00000
__Lsfr3                           sfr3         00000
__Lsfr30                          sfr30        00000
__Lsfr31                          sfr31        00000
__Lsfr32                          sfr32        00000
__Lsfr33                          sfr33        00000
__Lsfr34                          sfr34        00000
__Lsfr35                          sfr35        00000
__Lsfr36                          sfr36        00000
__Lsfr37                          sfr37        00000
__Lsfr38                          sfr38        00000
__Lsfr39                          sfr39        00000
__Lsfr4                           sfr4         00000
__Lsfr40                          sfr40        00000
__Lsfr41                          sfr41        00000
__Lsfr42                          sfr42        00000
__Lsfr43                          sfr43        00000
__Lsfr44                          sfr44        00000
__Lsfr45                          sfr45        00000
__Lsfr46                          sfr46        00000
__Lsfr47                          sfr47        00000
__Lsfr48                          sfr48        00000
__Lsfr49                          sfr49        00000
__Lsfr5                           sfr5         00000
__Lsfr50                          sfr50        00000
__Lsfr51                          sfr51        00000
__Lsfr52                          sfr52        00000
__Lsfr53                          sfr53        00000
__Lsfr54                          sfr54        00000
__Lsfr55                          sfr55        00000
__Lsfr56                          sfr56        00000
__Lsfr57                          sfr57        00000
__Lsfr58                          sfr58        00000
__Lsfr59                          sfr59        00000
__Lsfr6                           sfr6         00000
__Lsfr60                          sfr60        00000
__Lsfr61                          sfr61        00000
__Lsfr62                          sfr62        00000
__Lsfr63                          sfr63        00000
__Lsfr7                           sfr7         00000
__Lsfr8                           sfr8         00000
__Lsfr9                           sfr9         00000
__Lspace_0                        (abs)        00000
__Lspace_1                        (abs)        00000
__Lspace_2                        (abs)        00000
__Lspace_3                        (abs)        00000
__Lstack                          stack        00000
__Lstrings                        strings      00000
__Lstringtext1                    stringtext1  00000
__Lstringtext10                   stringtext10 00000
__Lstringtext11                   stringtext11 00000
__Lstringtext12                   stringtext12 00000
__Lstringtext13                   stringtext13 00000
__Lstringtext14                   stringtext14 00000
__Lstringtext15                   stringtext15 00000
__Lstringtext16                   stringtext16 00000
__Lstringtext17                   stringtext17 00000
__Lstringtext18                   stringtext18 00000
__Lstringtext19                   stringtext19 00000
__Lstringtext2                    stringtext2  00000
__Lstringtext20                   stringtext20 00000
__Lstringtext21                   stringtext21 00000
__Lstringtext22                   stringtext22 00000
__Lstringtext23                   stringtext23 00000
__Lstringtext24                   stringtext24 00000
__Lstringtext25                   stringtext25 00000
__Lstringtext26                   stringtext26 00000
__Lstringtext27                   stringtext27 00000
__Lstringtext28                   stringtext28 00000
__Lstringtext29                   stringtext29 00000
__Lstringtext3                    stringtext3  00000
__Lstringtext30                   stringtext30 00000
__Lstringtext31                   stringtext31 00000
__Lstringtext32                   stringtext32 00000
__Lstringtext33                   stringtext33 00000
__Lstringtext34                   stringtext34 00000
__Lstringtext35                   stringtext35 00000
__Lstringtext36                   stringtext36 00000
__Lstringtext37                   stringtext37 00000
__Lstringtext38                   stringtext38 00000
__Lstringtext39                   stringtext39 00000
__Lstringtext4                    stringtext4  00000
__Lstringtext40                   stringtext40 00000
__Lstringtext41                   stringtext41 00000
__Lstringtext42                   stringtext42 00000
__Lstringtext43                   stringtext43 00000
__Lstringtext5                    stringtext5  00000
__Lstringtext6                    stringtext6  00000
__Lstringtext7                    stringtext7  00000
__Lstringtext8                    stringtext8  00000
__Lstringtext9                    stringtext9  00000
__Ltext                           text         00000
__S0                              (abs)        0800C
__S1                              (abs)        001D2
__S2                              (abs)        00000
__Umul8_16                        text56       02288
__Umul8_16@multiplicand           cstackBANK0  00020
__Umul8_16@multiplier             cstackBANK0  00028
__Umul8_16@product                cstackBANK0  00024
__Umul8_16@word_mpld              cstackBANK0  00026
___awdiv                          text29       025C3
___awdiv@counter                  cstackBANK0  00025
___awdiv@dividend                 cstackBANK0  00022
___awdiv@divisor                  cstackBANK0  00020
___awdiv@quotient                 cstackBANK0  00027
___awdiv@sign                     cstackBANK0  00026
___awmod                          text28       024EC
___awmod@counter                  cstackBANK0  00025
___awmod@dividend                 cstackBANK0  00022
___awmod@divisor                  cstackBANK0  00020
___awmod@sign                     cstackBANK0  00026
___bmul                           text21       00806
___bmul@multiplicand              cstackBANK0  00020
___bmul@multiplier                cstackBANK0  00023
___bmul@product                   cstackBANK0  00022
___fladd                          text54       00C1B
___fladd@a                        cstackBANK0  00052
___fladd@aexp                     cstackBANK0  0005F
___fladd@b                        cstackBANK0  0004E
___fladd@bexp                     cstackBANK0  00060
___fladd@grs                      cstackBANK0  00061
___fladd@signs                    cstackBANK0  0005E
[...]
		_OLED_write4bits
		_OLED_waitForReady
 This function uses a non-reentrant model


 *************** function _ISR *****************
 Defined at:
		line 48 in file "interrupt.c"
 Parameters:    Size  Location     Type
		None
 Auto vars:     Size  Location     Type
		None
 Return value:  Size  Location     Type
                  1    wreg      void 
 Registers used:
		wreg, fsr0l, fsr0h, fsr1l, fsr1h, status,2, status,0, pclath, cstack
 Tracked objects:
		On entry : 
		On exit  : 
		Unchanged: 
 Data sizes:     COMMON   BANK0   BANK1   BANK2   BANK3   BANK4   BANK5   BANK6   BANK7   BANK8   BANK9  BANK10  BANK11  BANK12  BANK13  BANK14  BANK15  BANK16  BANK17  BANK18  BANK19  BANK20  BANK21  BANK22  BANK23  BANK24  BANK25
      Params:         0       0       0       0       0       0       0       0       0       0       0       0       0       0       0       0       0       0       0       0       0       0       0       0       0       0       0
      Locals:         0       0       0       0       0       0       0       0       0       0       0       0       0       0       0       0       0       0       0       0       0       0       0       0       0       0       0
      Temps:          4       0       0       0       0       0       0       0       0       0       0       0       0       0       0       0       0       0       0       0       0       0       0       0       0       0       0
      Totals:         4       0       0       0       0       0       0       0       0       0       0       0       0       0       0       0       0       0       0       0       0       0       0       0       0       0       0
Total ram usage:        4 bytes
 Hardware stack levels used:    1
 Hardware stack levels required when called:    2
 This function calls:
		_pushButtonISR
		_rotISR
		_uartReceiveISR
 This function is called by:
		Interrupt level 1
 This function uses a non-reentrant model


 *************** function _uartReceiveISR *****************
 Defined at:
		line 37 in file "uart.c"
 Parameters:    Size  Location     Type
		None
 Auto vars:     Size  Location     Type
		None
 Return value:  Size  Location     Type
                  1    wreg      void 
 Registers used:
		wreg, fsr0l, fsr0h, fsr1l, fsr1h, status,2, status,0, pclath, cstack
 Tracked objects:
		On entry : 
		On exit  : 
		Unchanged: 
 Data sizes:     COMMON   BANK0   BANK1   BANK2   BANK3   BANK4   BANK5   BANK6   BANK7   BANK8   BANK9  BANK10  BANK11  BANK12  BANK13  BANK14  BANK15  BANK16  BANK17  BANK18  BANK19  BANK20  BANK21  BANK22  BANK23  BANK24  BANK25
      Params:         0       0       0       0       0       0       0       0       0       0       0       0       0       0       0       0       0       0       0       0       0       0       0       0       0       0       0
      Locals:         0       0       0       0       0       0       0       0       0       0       0       0       0       0       0       0       0       0       0       0       0       0       0       0       0       0       0
      Temps:          1       0       0       0       0       0       0       0       0       0       0       0       0       0       0       0       0       0       0       0       0       0       0       0       0       0       0
      Totals:         1       0       0       0       0       0       0       0       0       0       0       0       0       0       0       0       0       0       0       0       0       0       0       0       0       0       0
Total ram usage:        1 bytes
 Hardware stack levels used:    1
 Hardware stack levels required when called:    1
 This function calls:
		_strncpy
 This function is called by:
		_ISR
 This function uses a non-reentrant model


 *************** function _strncpy *****************
 Defined at:
		line 3 in file "C:\Program Files (x86)\Microchip\xc8\v2.10\pic\sources\c99\common\strncpy.c"
 Parameters:    Size  Location     Type
  d               1    wreg     PTR unsigned char 
		 -> dataPacket(15), 
  s               1    0[COMMON] PTR const unsigned char 
		 -> uartReceiveISR@buffer(20), 
  n               2    1[COMMON] unsigned int 
 Auto vars:     Size  Location     Type
  d               1    4[COMMON] PTR unsigned char 
		 -> dataPacket(15), 
  cp              1    5[COMMON] PTR unsigned char 
		 -> dataPacket(15), 
 Return value:  Size  Location     Type
                  1    wreg      PTR unsigned char 
 Registers used:
		wreg, fsr0l, fsr0h, fsr1l, fsr1h, status,2, status,0
 Tracked objects:
		On entry : 
		On exit  : 
		Unchanged: 
 Data sizes:     COMMON   BANK0   BANK1   BANK2   BANK3   BANK4   BANK5   BANK6   BANK7   BANK8   BANK9  BANK10  BANK11  BANK12  BANK13  BANK14  BANK15  BANK16  BANK17  BANK18  BANK19  BANK20  BANK21  BANK22  BANK23  BANK24  BANK25
      Params:         3       0       0       0       0       0       0       0       0       0       0       0       0       0       0       0       0       0       0       0       0       0       0       0       0       0       0
      Locals:         2       0       0       0       0       0       0       0       0       0       0       0       0       0       0       0       0       0       0       0       0       0       0       0       0       0       0
      Temps:          1       0       0       0       0       0       0       0       0       0       0       0       0       0       0       0       0       0       0       0       0       0       0       0       0       0       0
      Totals:         6       0       0       0       0       0       0       0       0       0       0       0       0       0       0       0       0       0       0       0       0       0       0       0       0       0       0
Total ram usage:        6 bytes
 Hardware stack levels used:    1
 This function calls:
		Nothing
 This function is called by:
		_uartReceiveISR
 This function uses a non-reentrant model


 *************** function _rotISR *****************
 Defined at:
		line 35 in file "inputs.c"
 Parameters:    Size  Location     Type
		None
 Auto vars:     Size  Location     Type
  input           1    7[COMMON] unsigned char 
 Return value:  Size  Location     Type
                  1    wreg      void 
 Registers used:
		wreg, fsr0l, fsr0h, status,2, status,0, pclath
 Tracked objects:
		On entry : 
		On exit  : 
		Unchanged: 
 Data sizes:     COMMON   BANK0   BANK1   BANK2   BANK3   BANK4   BANK5   BANK6   BANK7   BANK8   BANK9  BANK10  BANK11  BANK12  BANK13  BANK14  BANK15  BANK16  BANK17  BANK18  BANK19  BANK20  BANK21  BANK22  BANK23  BANK24  BANK25
      Params:         0       0       0       0       0       0       0       0       0       0       0       0       0       0       0       0       0       0       0       0       0       0       0       0       0       0       0
      Locals:         1       0       0       0       0       0       0       0       0       0       0       0       0       0       0       0       0       0       0       0       0       0       0       0       0       0       0
      Temps:          7       0       0       0       0       0       0       0       0       0       0       0       0       0       0       0       0       0       0       0       0       0       0       0       0       0       0
      Totals:         8       0       0       0       0       0       0       0       0       0       0       0       0       0       0       0       0       0       0       0       0       0       0       0       0       0       0
Total ram usage:        8 bytes
 Hardware stack levels used:    1
 This function calls:
		Nothing
 This function is called by:
		_ISR
 This function uses a non-reentrant model


 *************** function _pushButtonISR *****************
 Defined at:
		line 53 in file "inputs.c"
 Parameters:    Size  Location     Type
		None
 Auto vars:     Size  Location     Type
  time            1    1[COMMON] unsigned char 
 Return value:  Size  Location     Type
                  1    wreg      void 
 Registers used:
		wreg, status,2, status,0, pclath, cstack
 Tracked objects:
		On entry : 
		On exit  : 
		Unchanged: 
 Data sizes:     COMMON   BANK0   BANK1   BANK2   BANK3   BANK4   BANK5   BANK6   BANK7   BANK8   BANK9  BANK10  BANK11  BANK12  BANK13  BANK14  BANK15  BANK16  BANK17  BANK18  BANK19  BANK20  BANK21  BANK22  BANK23  BANK24  BANK25
      Params:         0       0       0       0       0       0       0       0       0       0       0       0       0       0       0       0       0       0       0       0       0       0       0       0       0       0       0
      Locals:         1       0       0       0       0       0       0       0       0       0       0       0       0       0       0       0       0       0       0       0       0       0       0       0       0       0       0
      Temps:          1       0       0       0       0       0       0       0       0       0       0       0       0       0       0       0       0       0       0       0       0       0       0       0       0       0       0
      Totals:         2       0       0       0       0       0       0       0       0       0       0       0       0       0       0       0       0       0       0       0       0       0       0       0       0       0       0
Total ram usage:        2 bytes
 Hardware stack levels used:    1
 Hardware stack levels required when called:    1
 This function calls:
		_get10msTick
		_reset10msTick
 This function is called by:
		_ISR
 This function uses a non-reentrant model


 *************** function _reset10msTick *****************
 Defined at:
		line 41 in file "interrupt.c"
 Parameters:    Size  Location     Type
		None
 Auto vars:     Size  Location     Type
		None
 Return value:  Size  Location     Type
                  1    wreg      void 
 Registers used:
		status,2
 Tracked objects:
		On entry : 
		On exit  : 
		Unchanged: 
 Data sizes:     COMMON   BANK0   BANK1   BANK2   BANK3   BANK4   BANK5   BANK6   BANK7   BANK8   BANK9  BANK10  BANK11  BANK12  BANK13  BANK14  BANK15  BANK16  BANK17  BANK18  BANK19  BANK20  BANK21  BANK22  BANK23  BANK24  BANK25
      Params:         0       0       0       0       0       0       0       0       0       0       0       0       0       0       0       0       0       0       0       0       0       0       0       0       0       0       0
      Locals:         0       0       0       0       0       0       0       0       0       0       0       0       0       0       0       0       0       0       0       0       0       0       0       0       0       0       0
      Temps:          0       0       0       0       0       0       0       0       0       0       0       0       0       0       0       0       0       0       0       0       0       0       0       0       0       0       0
      Totals:         0       0       0       0       0       0       0       0       0       0       0       0       0       0       0       0       0       0       0       0       0       0       0       0       0       0       0
Total ram usage:        0 bytes
 Hardware stack levels used:    1
 This function calls:
		Nothing
 This function is called by:
		_pushButtonISR
 This function uses a non-reentrant model


 *************** function _get10msTick *****************
 Defined at:
		line 33 in file "interrupt.c"
 Parameters:    Size  Location     Type
		None
 Auto vars:     Size  Location     Type
		None
 Return value:  Size  Location     Type
                  1    wreg      unsigned char 
 Registers used:
		wreg
 Tracked objects:
		On entry : 
		On exit  : 
		Unchanged: 
 Data sizes:     COMMON   BANK0   BANK1   BANK2   BANK3   BANK4   BANK5   BANK6   BANK7   BANK8   BANK9  BANK10  BANK11  BANK12  BANK13  BANK14  BANK15  BANK16  BANK17  BANK18  BANK19  BANK20  BANK21  BANK22  BANK23  BANK24  BANK25
      Params:         0       0       0       0       0       0       0       0       0       0       0       0       0       0       0       0       0       0       0       0       0       0       0       0       0       0       0
      Locals:         0       0       0       0       0       0       0       0       0       0       0       0       0       0       0       0       0       0       0       0       0       0       0       0       0       0       0
      Temps:          0       0       0       0       0       0       0       0       0       0       0       0       0       0       0       0       0       0       0       0       0       0       0       0       0       0       0
      Totals:         0       0       0       0       0       0       0       0       0       0       0       0       0       0       0       0       0       0       0       0       0       0       0       0       0       0       0
Total ram usage:        0 bytes
 Hardware stack levels used:    1
 This function calls:
		Nothing
 This function is called by:
		_pushButtonISR
 This function uses a non-reentrant model



MODULE INFORMATION

Module		Function		Class		Link	Load	Size
C:\Program Files (x86)\Microchip\xc8\v2.10\pic\sources\c99\common\fleq.c
		___fleq        		CODE           	257A	0000	74

C:\Program Files (x86)\Microchip\xc8\v2.10\pic\sources\c99\common\fleq.c estimated size: 74

C:\Program Files (x86)\Microchip\xc8\v2.10\pic\sources\c99\common\Umul32.c
		___lmul        		CODE           	2327	0000	49

C:\Program Files (x86)\Microchip\xc8\v2.10\pic\sources\c99\common\Umul32.c estimated size: 49

uart.c
		_uartSendByte  		CODE           	21A8	0000	11
		_uartReset     		CODE           	2185	0000	9
		_uartReceiveISR		CODE           	24A7	0000	70
		_getDataPacket 		CODE           	0800	0000	3
		_uartIsDataReady		CODE           	21C7	0000	12

uart.c estimated size: 105

C:\Program Files (x86)\Microchip\xc8\v2.10\pic\sources\c99\common\xxtofl.c
		___xxtofl      		CODE           	1015	0000	151

C:\Program Files (x86)\Microchip\xc8\v2.10\pic\sources\c99\common\xxtofl.c estimated size: 151

C:\Program Files (x86)\Microchip\xc8\v2.10\pic\sources\c99\common\awdiv.c
		___awdiv       		CODE           	25C3	0000	83

C:\Program Files (x86)\Microchip\xc8\v2.10\pic\sources\c99\common\awdiv.c estimated size: 83

C:\Program Files (x86)\Microchip\xc8\v2.10\pic\sources\c99\common\fltol.c
		___fltol       		CODE           	1980	0000	115

C:\Program Files (x86)\Microchip\xc8\v2.10\pic\sources\c99\common\fltol.c estimated size: 115

C:\Program Files (x86)\Microchip\xc8\v2.10\pic\sources\c99\common\sprcmul.c
		___flmul       		CODE           	0502	0000	557

C:\Program Files (x86)\Microchip\xc8\v2.10\pic\sources\c99\common\sprcmul.c estimated size: 557

C:\Program Files (x86)\Microchip\xc8\v2.10\pic\sources\c99\common\Umul8.c
		___bmul        		CODE           	0806	0000	19

C:\Program Files (x86)\Microchip\xc8\v2.10\pic\sources\c99\common\Umul8.c estimated size: 19

C:\Program Files (x86)\Microchip\xc8\v2.10\pic\sources\c99\common\strncpy.c
		_strncpy       		CODE           	2357	0000	50

C:\Program Files (x86)\Microchip\xc8\v2.10\pic\sources\c99\common\strncpy.c estimated size: 50

C:\Program Files (x86)\Microchip\xc8\v2.10\pic\sources\c99\common\sprcdiv.c
		___fldiv       		CODE           	1374	0000	379

C:\Program Files (x86)\Microchip\xc8\v2.10\pic\sources\c99\common\sprcdiv.c estimated size: 379

menuhelper.c
		_paging        		CODE           	2795	0000	108
		_menu          		CODE           	266B	0000	89
		_getNextState  		CODE           	1C16	0000	150
		_getStateFunc  		CODE           	2463	0000	69
		_menuError     		CODE           	1004	0000	18
		_returnToPage  		CODE           	23BA	0000	51

menuhelper.c estimated size: 485

C:\Program Files (x86)\Microchip\xc8\v2.10\pic\sources\c99\common\flge.c
		___flge        		CODE           	19F2	0000	125

C:\Program Files (x86)\Microchip\xc8\v2.10\pic\sources\c99\common\flge.c estimated size: 125

interrupt.c
		_timeSince     		CODE           	2615	0000	87
		_reset10msTick 		CODE           	217A	0000	4
		_ISR           		CODE           	0004	0000	101
		_timeNow       		CODE           	2200	0000	18
		_get10msTick   		CODE           	2177	0000	4

interrupt.c estimated size: 214

shared
		_transition_table		STRCODE        	28AD	0000	29
		__initialization		CODE           	006A	0000	72
		_nextStateTbl  		STRCODE        	284C	0000	61
		_stateFuncTbl  		STRCODE        	2800	0000	28

shared estimated size: 190

error.c
		_error         		CODE           	07FF	0000	2

error.c estimated size: 2

C:\Program Files (x86)\Microchip\xc8\v2.10\pic\sources\c99\common\sprcadd.c
		___flsub       		CODE           	2269	0000	32
		___fladd       		CODE           	0C1B	0000	483

C:\Program Files (x86)\Microchip\xc8\v2.10\pic\sources\c99\common\sprcadd.c estimated size: 515

menu.c
		_channelSetup  		CODE           	1ED4	0000	301
		_setFudgeFactor		CODE           	1911	0000	112
		_setLensDia    		CODE           	1AF9	0000	140
		_setSkyTemp    		CODE           	1834	0000	111
		_setDPOffset   		CODE           	18A2	0000	112
		_setOutputPower		CODE           	1DB3	0000	290
		_setup         		CODE           	072E	0000	187
		_statusView    		CODE           	08CB	0000	405
		_channelView   		CODE           	0DFD	0000	516

menu.c estimated size: 2174

oled.c
		_OLED_scrollDisplayRight		CODE           	2181	0000	5
		_OLED_loadSpecialChars		CODE           	22A8	0000	40
		_OLED_Off      		CODE           	21B2	0000	11
		_OLED_write    		CODE           	21BC	0000	12
		_OLED_command  		CODE           	219E	0000	11
		_OLED_clearDisplay		CODE           	1000	0000	5
		_OLED_init     		CODE           	1A6E	0000	140
		_OLED_scrollDisplayLeft		CODE           	217D	0000	5
		_OLED_write4bits		CODE           	2424	0000	64
		_OLED_waitForReady		CODE           	224A	0000	32
		_OLED_send     		CODE           	07E8	0000	24
		_OLED_print_xy 		CODE           	2388	0000	51
		_OLED_pulseEnable		CODE           	2195	0000	10
		_OLED_returnHome		CODE           	0802	0000	5

oled.c estimated size: 415

C:\Program Files (x86)\Microchip\xc8\v2.10\pic\sources\c99\common\Umul16.c
		___wmul        		CODE           	2211	0000	29

C:\Program Files (x86)\Microchip\xc8\v2.10\pic\sources\c99\common\Umul16.c estimated size: 29

C:\Program Files (x86)\Microchip\xc8\v2.10\pic\sources\c99\common\Umul8_16.c
		__Umul8_16     		CODE           	2288	0000	33

C:\Program Files (x86)\Microchip\xc8\v2.10\pic\sources\c99\common\Umul8_16.c estimated size: 33

common.c
		_ema           		CODE           	26C3	0000	106
		_ftoa          		CODE           	14EE	0000	391
		_itoa          		CODE           	272C	0000	106

common.c estimated size: 603

C:\Program Files (x86)\Microchip\xc8\v2.10\pic\sources\c99\common\awmod.c
		___awmod       		CODE           	24EC	0000	71

C:\Program Files (x86)\Microchip\xc8\v2.10\pic\sources\c99\common\awmod.c estimated size: 71

main.c
		_initGlobalData		CODE           	1CAB	0000	265
		_adcGetConversion		CODE           	222D	0000	30
		_convertAnalogValues		CODE           	1674	0000	397
		_main          		CODE           	1B84	0000	147
		_calcRequiredPower		CODE           	00B5	0000	1102
		_checkSensor   		CODE           	1208	0000	365
		_getAvgChannelCurrents		CODE           	0A5F	0000	445
		_initialize    		CODE           	2532	0000	73
		_systemCheck   		CODE           	10AB	0000	350
		_setSwitch     		CODE           	22CF	0000	43

main.c estimated size: 3217

inputs.c
		_spinInput     		CODE           	0818	0000	180
		_getRotDir     		CODE           	21D2	0000	12
		_pushButtonISR 		CODE           	22F9	0000	47
		_rotISR        		CODE           	23EC	0000	57
		_getPB         		CODE           	21DD	0000	12

inputs.c estimated size: 308

