Microchip MPLAB XC8 Compiler V2.00 ()

Linker command line:

-W-3 --edf=C:\Program Files (x86)\Microchip\xc8\v2.00\pic\dat\en_msgs.txt \
  -cs -h+dist/default/production\_Dew-Controller.X.production.sym \
  --cmf=dist/default/production\_Dew-Controller.X.production.cmf -z \
  -Q16F15356 -oC:\Users\Ondre\AppData\Local\Temp\s2qs.2 \
  --defsym=__MPLAB_BUILD=1 \
  -Mdist/default/production/_Dew-Controller.X.production.map -E1 -ver=XC8 \
  --acfsm=1493 -ASTACK=0211Ah-027efh -pstack=STACK -ACODE=00h-07FFhx8 \
  -ASTRCODE=00h-03FFFh -ASTRING=00h-0FFhx64 -ACONST=00h-0FFhx64 \
  -AENTRY=00h-0FFhx64 -ACOMMON=070h-07Fh -ABANK0=020h-06Fh \
  -ABANK1=0A0h-0EFh -ABANK2=0120h-016Fh -ABANK3=01A0h-01EFh \
  -ABANK4=0220h-026Fh -ABANK5=02A0h-02EFh -ABANK6=0320h-036Fh \
  -ABANK7=03A0h-03EFh -ABANK8=0420h-046Fh -ABANK9=04A0h-04EFh \
  -ABANK10=0520h-056Fh -ABANK11=05A0h-05EFh -ABANK12=0620h-066Fh \
  -ABANK13=06A0h-06EFh -ABANK14=0720h-076Fh -ABANK15=07A0h-07EFh \
  -ABANK16=0820h-086Fh -ABANK17=08A0h-08EFh -ABANK18=0920h-096Fh \
  -ABANK19=09A0h-09EFh -ABANK20=0A20h-0A6Fh -ABANK21=0AA0h-0AEFh \
  -ABANK22=0B20h-0B6Fh -ABANK23=0BA0h-0BEFh -ABANK24=0C20h-0C6Fh \
  -ABANK25=0CA0h-0CBFh -ABIGRAM=02000h-027EFh \
  -ARAM=020h-06Fh,0A0h-0EFh,0120h-016Fh,01A0h-01EFh,0220h-026Fh,02A0h-02EFh,0320h-036Fh,03A0h-03EFh,0420h-046Fh,04A0h-04EFh,0520h-056Fh,05A0h-05EFh,0620h-066Fh,06A0h-06EFh,0720h-076Fh,07A0h-07EFh,0820h-086Fh,08A0h-08EFh,0920h-096Fh,09A0h-09EFh,0A20h-0A6Fh,0AA0h-0AEFh,0B20h-0B6Fh,0BA0h-0BEFh,0C20h-0C6Fh,0CA0h-0CBFh \
  -AABS1=020h-07Fh,0A0h-0EFh,0120h-016Fh,01A0h-01EFh,0220h-026Fh,02A0h-02EFh,0320h-036Fh,03A0h-03EFh,0420h-046Fh,04A0h-04EFh,0520h-056Fh,05A0h-05EFh,0620h-066Fh,06A0h-06EFh,0720h-076Fh,07A0h-07EFh,0820h-086Fh,08A0h-08EFh,0920h-096Fh,09A0h-09EFh,0A20h-0A6Fh,0AA0h-0AEFh,0B20h-0B6Fh,0BA0h-0BEFh,0C20h-0C6Fh,0CA0h-0CBFh \
  -ASFR0=00h-01Fh -ASFR1=080h-09Fh -ASFR2=0100h-011Fh -ASFR3=0180h-019Fh \
  -ASFR4=0200h-021Fh -ASFR5=0280h-029Fh -ASFR6=0300h-031Fh \
  -ASFR7=0380h-039Fh -ASFR8=0400h-041Fh -ASFR9=0480h-049Fh \
  -ASFR10=0500h-051Fh -ASFR11=0580h-059Fh -ASFR12=0600h-061Fh \
  -ASFR13=0680h-069Fh -ASFR14=0700h-071Fh -ASFR15=0780h-079Fh \
  -ASFR16=0800h-081Fh -ASFR17=0880h-089Fh -ASFR18=0900h-091Fh \
  -ASFR19=0980h-099Fh -ASFR20=0A00h-0A1Fh -ASFR21=0A80h-0A9Fh \
  -ASFR22=0B00h-0B1Fh -ASFR23=0B80h-0B9Fh -ASFR24=0C00h-0C1Fh \
  -ASFR25=0C80h-0C9Fh -ASFR26=0D00h-0D6Fh -ASFR27=0D80h-0DEFh \
  -ASFR28=0E00h-0E6Fh -ASFR29=0E80h-0EEFh -ASFR30=0F00h-0F6Fh \
  -ASFR31=0F80h-0FEFh -ASFR32=01000h-0106Fh -ASFR33=01080h-010EFh \
  -ASFR34=01100h-0116Fh -ASFR35=01180h-011EFh -ASFR36=01200h-0126Fh \
  -ASFR37=01280h-012EFh -ASFR38=01300h-0136Fh -ASFR39=01380h-013EFh \
  -ASFR40=01400h-0146Fh -ASFR41=01480h-014EFh -ASFR42=01500h-0156Fh \
  -ASFR43=01580h-015EFh -ASFR44=01600h-0166Fh -ASFR45=01680h-016EFh \
  -ASFR46=01700h-0176Fh -ASFR47=01780h-017EFh -ASFR48=01800h-0186Fh \
  -ASFR49=01880h-018EFh -ASFR50=01900h-0196Fh -ASFR51=01980h-019EFh \
  -ASFR52=01A00h-01A6Fh -ASFR53=01A80h-01AEFh -ASFR54=01B00h-01B6Fh \
  -ASFR55=01B80h-01BEFh -ASFR56=01C00h-01C6Fh -ASFR57=01C80h-01CEFh \
  -ASFR58=01D00h-01D6Fh -ASFR59=01D80h-01DEFh -ASFR60=01E00h-01E6Fh \
  -ASFR61=01E80h-01EEFh -ASFR62=01F00h-01F6Fh -ASFR63=01F80h-01FEFh \
  -preset_vec=00h,intentry=04h,init,end_init -ppowerup=CODE -pcinit=CODE \
  -pfunctab=ENTRY -ACONFIG=08007h-0800Bh -pconfig=CONFIG -DCONFIG=2 \
  -AIDLOC=08000h-08003h -pidloc=IDLOC -DIDLOC=2 -DCODE=2 -DSTRCODE=2 \
  -DSTRING=2 -DCONST=2 -DENTRY=2 -k \
  C:\Users\Ondre\AppData\Local\Temp\s2qs.o \
  dist/default/production\_Dew-Controller.X.production.o 

Object code version is 3.11

Machine type is 16F15356



                Name                               Link     Load   Length Selector   Space Scale
C:\Users\Ondre\AppData\Local\Temp\s2qs.o
                end_init                             54       54        2        8       0
                reset_vec                             0        0        2        0       0
                config                             8007     8007        5    1000E       0
dist/default/production\_Dew-Controller.X.production.o
                cinit                                56       56       29        8       0
                intentry                              4        4       50        8       0
                text86                             19D9     19D9       22     33B2       0
                text85                             19FB     19FB       23     33F6       0
                text84                             18CA     18CA       10     3194       0
                text83                             27DE     27DE        1     4FBC       0
                text82                             1BFF     1BFF       3D     37FE       0
                text81                             1000     1000        1     1B1C       0
                text80                             18DA     18DA       10     31B4       0
                text79                             1F3D     1F3D       61     3E7A       0
                text78                                2        2        1        0       0
                text77                             18EA     18EA       10     31D4       0
                text76                             1001     1001        3     2002       0
                text75                             18FA     18FA       10     31F4       0
                text74                                3        3        1        6       0
                text73                             1004     1004       10     2008       0
                text72                             1A41     1A41       25     3482       0
                text71                             1820     1820        9     3040       0
                text70                              7FF      7FF        1        8       0
                text69                             1892     1892        E     3124       0
                text68                             27EE     27EE        6     4FDC       0
                text67                             1D02     1D02       4A     3A04       0
                text66                              7FE      7FE        1        8       0
                text65                             18A0     18A0        E     3140       0
                text64                              7EC      7EC       12        8       0
                text63                             18AE     18AE        E     315C       0
                text61                             1AB9     1AB9       2D     3572       0
                text60                             1800     1800        8     2C28       0
                text59                             1C3C     1C3C       3F     3878       0
                text58                             194A     194A       18     3294       0
                text57                             197C     197C       1D     32F8       0
                text56                             187B     187B        B     30F6       0
                text55                             1014     1014       63     2028       0
                text54                             1808     1808        8     3010       0
                text53                             1829     1829        9     3052       0
                text52                             1832     1832        9     3064       0
                text51                             1A8D     1A8D       2C     351A       0
                text50                             1871     1871        A     30E2       0
                text49                             183B     183B        9     3076       0
                text48                             1844     1844        9     3088       0
                text47                             184D     184D        9     309A       0
                text46                             1856     1856        9     30AC       0
                text45                             1D97     1D97       4F     3B2E       0
                text44                             1810     1810        8     3020       0
                text43                             185F     185F        9     30BE       0
                text42                             190A     190A       15     3214       0
                text41                             1868     1868        9     30D0       0
                text40                             1999     1999       1F     3332       0
                text39                             1934     1934       16     3268       0
                text38                              8EB      8EB      238     11D6       0
                text37                             1886     1886        C     310C       0
                text36                             1B1A     1B1A       38     3634       0
                text35                             27DF     27DF        5     4FBE       0
                text34                              800      800        3     1000       0
                text33                             13EE     13EE      109     27DC       0
                text32                             128B     128B       AE     2516       0
                text31                             1339     1339       B5     2672       0
                text30                              D8E      D8E      272     1B1C       0
                text29                             1A66     1A66       27     34CC       0
                text28                              B23      B23      26B     1646       0
                text27                             1164     1164       92     22C8       0
                text26                             1DE6     1DE6       51     3BCC       0
                text25                             1E37     1E37       54     3C6E       0
                text24                             14F7     14F7      11D     29EE       0
                text23                             1C7B     1C7B       43     38F6       0
                text22                             27E4     27E4        5     4FC8       0
                text21                             27E9     27E9        5     4FD2       0
                text20                             1077     1077       6A     20EE       0
                text19                             1EDF     1EDF       5E     3DBE       0
                text18                             1962     1962       1A     32C4       0
                text17                             1CBE     1CBE       44     397C       0
                text16                             1BC3     1BC3       3C     3786       0
                text15                             1A1E     1A1E       23     343C       0
                text14                             191F     191F       15     323E       0
                text13                             1614     1614      1EC     2C28       0
                text12                              4AF      4AF      33D        8       0
                text11                             19B8     19B8       21     3370       0
                text10                             1F9E     1F9E       62     3F3C       0
                text9                              1AE6     1AE6       34     35CC       0
                text8                              1B52     1B52       38     36A4       0
                text7                              1B8A     1B8A       39     3714       0
                text6                               803      803       E8     1006       0
                text5                              1D4C     1D4C       4B     3A98       0
                text4                              18BC     18BC        E     3178       0
                text3                              11F6     11F6       95     23EC       0
                text2                              1E8B     1E8B       54     3D16       0
                text1                              10E1     10E1       83     21C2       0
                maintext                             7F       7F      430        8       0
                cstackBANK0                          20       20       4F       20       1
                cstackCOMMON                         70       70        8       70       1
                cstackBANK1                          A0       A0       4E       A0       1
                cstackBANK2                         120      120       27      120       1
                clrtext                            27F4     27F4        6     4FE8       0
                inittext                           27FA     27FA        6     4FF4       0
                dataBANK3                           1C2      1C2        8      1A0       1
                bssBANK3                            1A0      1A0       18      1A0       1
                bssBANK2                            147      147       1F      120       1
                bssBANK1                             EE       EE        1       A0       1
                bssBANK0                             6F       6F        1       20       1
                bssCOMMON                            78       78        6       70       1
                stringtext19                       216F     216F        6     4000       0
                stringtext18                       2168     2168        7     4000       0
                stringtext17                       2160     2160        8     4000       0
                stringtext16                       2157     2157        9     4000       0
                stringtext15                       214E     214E        9     4000       0
                stringtext14                       2144     2144        A     4000       0
                stringtext13                       212F     212F        B     4000       0
                stringtext12                       2124     2124        B     4000       0
                stringtext11                       2119     2119        B     4000       0
                stringtext10                       210E     210E        B     4000       0
                stringtext9                        2102     2102        C     4000       0
                stringtext8                        20F5     20F5        D     4000       0
                stringtext7                        20B8     20B8       21     4000       0
                stringtext6                        2068     2068       2C     4000       0
                stringtext5                        203B     203B       2D     4000       0
                stringtext4                        2000     2000       3B     4000       0
                nvBANK3                             1B8      1B8        A      1A0       1
                nvBANK2                             166      166        9      120       1
                stringtext3                        2094     2094       24     4000       0
                stringtext2                        213A     213A        A     4000       0
                stringtext1                        20D9     20D9       1C     4000       0
                idataBANK3                         1818     1818        8     3030       0

TOTAL           Name                               Link     Load   Length     Space
        CLASS   STACK          

        CLASS   CODE           
                end_init                             54       54        2         0
                cinit                                56       56       29         0
                intentry                              4        4       50         0
                reset_vec                             0        0        2         0
                text86                             19D9     19D9       22         0
                text85                             19FB     19FB       23         0
                text84                             18CA     18CA       10         0
                text83                             27DE     27DE        1         0
                text82                             1BFF     1BFF       3D         0
                text81                             1000     1000        1         0
                text80                             18DA     18DA       10         0
                text79                             1F3D     1F3D       61         0
                text78                                2        2        1         0
                text77                             18EA     18EA       10         0
                text76                             1001     1001        3         0
                text75                             18FA     18FA       10         0
                text74                                3        3        1         0
                text73                             1004     1004       10         0
                text72                             1A41     1A41       25         0
                text71                             1820     1820        9         0
                text70                              7FF      7FF        1         0
                text69                             1892     1892        E         0
                text68                             27EE     27EE        6         0
                text67                             1D02     1D02       4A         0
                text66                              7FE      7FE        1         0
                text65                             18A0     18A0        E         0
                text64                              7EC      7EC       12         0
                text63                             18AE     18AE        E         0
                text61                             1AB9     1AB9       2D         0
                text60                             1800     1800        8         0
                text59                             1C3C     1C3C       3F         0
                text58                             194A     194A       18         0
                text57                             197C     197C       1D         0
                text56                             187B     187B        B         0
                text55                             1014     1014       63         0
                text54                             1808     1808        8         0
                text53                             1829     1829        9         0
                text52                             1832     1832        9         0
                text51                             1A8D     1A8D       2C         0
                text50                             1871     1871        A         0
                text49                             183B     183B        9         0
                text48                             1844     1844        9         0
                text47                             184D     184D        9         0
                text46                             1856     1856        9         0
                text45                             1D97     1D97       4F         0
                text44                             1810     1810        8         0
                text43                             185F     185F        9         0
                text42                             190A     190A       15         0
                text41                             1868     1868        9         0
                text40                             1999     1999       1F         0
                text39                             1934     1934       16         0
                text38                              8EB      8EB      238         0
                text37                             1886     1886        C         0
                text36                             1B1A     1B1A       38         0
                text35                             27DF     27DF        5         0
                text34                              800      800        3         0
                text33                             13EE     13EE      109         0
                text32                             128B     128B       AE         0
                text31                             1339     1339       B5         0
                text30                              D8E      D8E      272         0
                text29                             1A66     1A66       27         0
                text28                              B23      B23      26B         0
                text27                             1164     1164       92         0
                text26                             1DE6     1DE6       51         0
                text25                             1E37     1E37       54         0
                text24                             14F7     14F7      11D         0
                text23                             1C7B     1C7B       43         0
                text22                             27E4     27E4        5         0
                text21                             27E9     27E9        5         0
                text20                             1077     1077       6A         0
                text19                             1EDF     1EDF       5E         0
                text18                             1962     1962       1A         0
                text17                             1CBE     1CBE       44         0
                text16                             1BC3     1BC3       3C         0
                text15                             1A1E     1A1E       23         0
                text14                             191F     191F       15         0
                text13                             1614     1614      1EC         0
                text12                              4AF      4AF      33D         0
                text11                             19B8     19B8       21         0
                text10                             1F9E     1F9E       62         0
                text9                              1AE6     1AE6       34         0
                text8                              1B52     1B52       38         0
                text7                              1B8A     1B8A       39         0
                text6                               803      803       E8         0
                text5                              1D4C     1D4C       4B         0
                text4                              18BC     18BC        E         0
                text3                              11F6     11F6       95         0
                text2                              1E8B     1E8B       54         0
                text1                              10E1     10E1       83         0
                maintext                             7F       7F      430         0
                clrtext                            27F4     27F4        6         0
                inittext                           27FA     27FA        6         0
                idataBANK3                         1818     1818        8         0

        CLASS   STRCODE        
                stringtext19                       216F     216F        6         0
                stringtext18                       2168     2168        7         0
                stringtext17                       2160     2160        8         0
                stringtext16                       2157     2157        9         0
                stringtext15                       214E     214E        9         0
                stringtext14                       2144     2144        A         0
                stringtext13                       212F     212F        B         0
                stringtext12                       2124     2124        B         0
                stringtext11                       2119     2119        B         0
                stringtext10                       210E     210E        B         0
                stringtext9                        2102     2102        C         0
                stringtext8                        20F5     20F5        D         0
                stringtext7                        20B8     20B8       21         0
                stringtext6                        2068     2068       2C         0
                stringtext5                        203B     203B       2D         0
                stringtext4                        2000     2000       3B         0
                stringtext3                        2094     2094       24         0
                stringtext2                        213A     213A        A         0
                stringtext1                        20D9     20D9       1C         0

        CLASS   STRING         

        CLASS   CONST          

        CLASS   ENTRY          

        CLASS   COMMON         
                cstackCOMMON                         70       70        8         1
                bssCOMMON                            78       78        6         1

        CLASS   BANK0          
                cstackBANK0                          20       20       4F         1
                bssBANK0                             6F       6F        1         1

        CLASS   BANK1          
                cstackBANK1                          A0       A0       4E         1
                bssBANK1                             EE       EE        1         1

        CLASS   BANK2          
                cstackBANK2                         120      120       27         1
                bssBANK2                            147      147       1F         1
                nvBANK2                             166      166        9         1

        CLASS   BANK3          
                dataBANK3                           1C2      1C2        8         1
                bssBANK3                            1A0      1A0       18         1
                nvBANK3                             1B8      1B8        A         1

        CLASS   BANK4          

        CLASS   BANK5          

        CLASS   BANK6          

        CLASS   BANK7          

        CLASS   BANK8          

        CLASS   BANK9          

        CLASS   BANK10         

        CLASS   BANK11         

        CLASS   BANK12         

        CLASS   BANK13         

        CLASS   BANK14         

        CLASS   BANK15         

        CLASS   BANK16         

        CLASS   BANK17         

        CLASS   BANK18         

        CLASS   BANK19         

        CLASS   BANK20         

        CLASS   BANK21         

        CLASS   BANK22         

        CLASS   BANK23         

        CLASS   BANK24         

        CLASS   BANK25         

        CLASS   BIGRAM         

        CLASS   RAM            

        CLASS   ABS1           
                abs_s1                               7E       7E        2         1

        CLASS   SFR0           

        CLASS   SFR1           

        CLASS   SFR2           

        CLASS   SFR3           

        CLASS   SFR4           

        CLASS   SFR5           

        CLASS   SFR6           

        CLASS   SFR7           

        CLASS   SFR8           

        CLASS   SFR9           

        CLASS   SFR10          

        CLASS   SFR11          

        CLASS   SFR12          

        CLASS   SFR13          

        CLASS   SFR14          

        CLASS   SFR15          

        CLASS   SFR16          

        CLASS   SFR17          

        CLASS   SFR18          

        CLASS   SFR19          

        CLASS   SFR20          

        CLASS   SFR21          

        CLASS   SFR22          

        CLASS   SFR23          

        CLASS   SFR24          

        CLASS   SFR25          

        CLASS   SFR26          

        CLASS   SFR27          

        CLASS   SFR28          

        CLASS   SFR29          

        CLASS   SFR30          

        CLASS   SFR31          

        CLASS   SFR32          

        CLASS   SFR33          

        CLASS   SFR34          

        CLASS   SFR35          

        CLASS   SFR36          

        CLASS   SFR37          

        CLASS   SFR38          

        CLASS   SFR39          

        CLASS   SFR40          

        CLASS   SFR41          

        CLASS   SFR42          

        CLASS   SFR43          

        CLASS   SFR44          

        CLASS   SFR45          

        CLASS   SFR46          

        CLASS   SFR47          

        CLASS   SFR48          

        CLASS   SFR49          

        CLASS   SFR50          

        CLASS   SFR51          

        CLASS   SFR52          

        CLASS   SFR53          

        CLASS   SFR54          

        CLASS   SFR55          

        CLASS   SFR56          

        CLASS   SFR57          

        CLASS   SFR58          

        CLASS   SFR59          

        CLASS   SFR60          

        CLASS   SFR61          

        CLASS   SFR62          

        CLASS   SFR63          

        CLASS   CONFIG         
                config                             8007     8007        5         0

        CLASS   IDLOC          

        CLASS   BANK63         

        CLASS   BANK62         

        CLASS   BANK61         

        CLASS   BANK60         

        CLASS   BANK59         

        CLASS   BANK58         

        CLASS   BANK57         

        CLASS   BANK56         

        CLASS   BANK55         

        CLASS   BANK54         

        CLASS   BANK53         

        CLASS   BANK52         

        CLASS   BANK51         

        CLASS   BANK50         

        CLASS   BANK49         

        CLASS   BANK48         

        CLASS   BANK47         

        CLASS   BANK46         

        CLASS   BANK45         

        CLASS   BANK44         

        CLASS   BANK43         

        CLASS   BANK42         

        CLASS   BANK41         

        CLASS   BANK40         

        CLASS   BANK39         

        CLASS   BANK38         

        CLASS   BANK37         

        CLASS   BANK36         

        CLASS   BANK35         

        CLASS   BANK34         

        CLASS   BANK33         

        CLASS   BANK32         

        CLASS   BANK31         

        CLASS   BANK30         

        CLASS   BANK29         

        CLASS   BANK28         

        CLASS   BANK27         

        CLASS   BANK26         

        CLASS   EEDATA         



SEGMENTS        Name                           Load    Length   Top    Selector   Space  Class     Delta

                reset_vec                      000000  000003  000003         0       0  CODE        2
                text74                         000003  000001  000004         6       0  CODE        2
                intentry                       000004  0007FC  000800         8       0  CODE        2
                cstackBANK0                    000020  000050  000070        20       1  BANK0       1
                cstackCOMMON                   000070  00000E  00007E        70       1  COMMON      1
                cstackBANK1                    0000A0  00004F  0000EF        A0       1  BANK1       1
                cstackBANK2                    000120  00004F  00016F       120       1  BANK2       1
                bssBANK3                       0001A0  00002A  0001CA       1A0       1  BANK3       1
                text34                         000800  000003  000803      1000       0  CODE        2
                text6                          000803  0000E8  0008EB      1006       0  CODE        2
                text38                         0008EB  000238  000B23      11D6       0  CODE        2
                text28                         000B23  00026B  000D8E      1646       0  CODE        2
                text30                         000D8E  000273  001001      1B1C       0  CODE        2
                text76                         001001  000003  001004      2002       0  CODE        2
                text73                         001004  000010  001014      2008       0  CODE        2
                text55                         001014  000063  001077      2028       0  CODE        2
                text20                         001077  00006A  0010E1      20EE       0  CODE        2
                text1                          0010E1  000083  001164      21C2       0  CODE        2
                text27                         001164  000092  0011F6      22C8       0  CODE        2
                text3                          0011F6  000095  00128B      23EC       0  CODE        2
                text32                         00128B  0000AE  001339      2516       0  CODE        2
                text31                         001339  0000B5  0013EE      2672       0  CODE        2
                text33                         0013EE  000109  0014F7      27DC       0  CODE        2
                text24                         0014F7  00011D  001614      29EE       0  CODE        2
                text13                         001614  0001F4  001808      2C28       0  CODE        2
                text54                         001808  000008  001810      3010       0  CODE        2
                text44                         001810  000008  001818      3020       0  CODE        2
                idataBANK3                     001818  000008  001820      3030       0  CODE        2
                text71                         001820  000009  001829      3040       0  CODE        2
                text53                         001829  000009  001832      3052       0  CODE        2
                text52                         001832  000009  00183B      3064       0  CODE        2
                text49                         00183B  000009  001844      3076       0  CODE        2
                text48                         001844  000009  00184D      3088       0  CODE        2
                text47                         00184D  000009  001856      309A       0  CODE        2
                text46                         001856  000009  00185F      30AC       0  CODE        2
                text43                         00185F  000009  001868      30BE       0  CODE        2
                text41                         001868  000009  001871      30D0       0  CODE        2
                text50                         001871  00000A  00187B      30E2       0  CODE        2
                text56                         00187B  00000B  001886      30F6       0  CODE        2
                text37                         001886  00000C  001892      310C       0  CODE        2
                text69                         001892  00000E  0018A0      3124       0  CODE        2
                text65                         0018A0  00000E  0018AE      3140       0  CODE        2
                text63                         0018AE  00000E  0018BC      315C       0  CODE        2
                text4                          0018BC  00000E  0018CA      3178       0  CODE        2
                text84                         0018CA  000010  0018DA      3194       0  CODE        2
                text80                         0018DA  000010  0018EA      31B4       0  CODE        2
                text77                         0018EA  000010  0018FA      31D4       0  CODE        2
                text75                         0018FA  000010  00190A      31F4       0  CODE        2
                text42                         00190A  000015  00191F      3214       0  CODE        2
                text14                         00191F  000015  001934      323E       0  CODE        2
                text39                         001934  000016  00194A      3268       0  CODE        2
                text58                         00194A  000018  001962      3294       0  CODE        2
                text18                         001962  00001A  00197C      32C4       0  CODE        2
                text57                         00197C  00001D  001999      32F8       0  CODE        2
                text40                         001999  00001F  0019B8      3332       0  CODE        2
                text11                         0019B8  000021  0019D9      3370       0  CODE        2
                text86                         0019D9  000022  0019FB      33B2       0  CODE        2
                text85                         0019FB  000023  001A1E      33F6       0  CODE        2
                text15                         001A1E  000023  001A41      343C       0  CODE        2
                text72                         001A41  000025  001A66      3482       0  CODE        2
                text29                         001A66  000027  001A8D      34CC       0  CODE        2
                text51                         001A8D  00002C  001AB9      351A       0  CODE        2
                text61                         001AB9  00002D  001AE6      3572       0  CODE        2
                text9                          001AE6  000034  001B1A      35CC       0  CODE        2
                text36                         001B1A  000038  001B52      3634       0  CODE        2
                text8                          001B52  000038  001B8A      36A4       0  CODE        2
                text7                          001B8A  000039  001BC3      3714       0  CODE        2
                text16                         001BC3  00003C  001BFF      3786       0  CODE        2
                text82                         001BFF  00003D  001C3C      37FE       0  CODE        2
                text59                         001C3C  00003F  001C7B      3878       0  CODE        2
                text23                         001C7B  000043  001CBE      38F6       0  CODE        2
                text17                         001CBE  000044  001D02      397C       0  CODE        2
                text67                         001D02  00004A  001D4C      3A04       0  CODE        2
                text5                          001D4C  00004B  001D97      3A98       0  CODE        2
                text45                         001D97  00004F  001DE6      3B2E       0  CODE        2
                text26                         001DE6  000051  001E37      3BCC       0  CODE        2
                text25                         001E37  000054  001E8B      3C6E       0  CODE        2
                text2                          001E8B  000054  001EDF      3D16       0  CODE        2
                text19                         001EDF  00005E  001F3D      3DBE       0  CODE        2
                text79                         001F3D  000061  001F9E      3E7A       0  CODE        2
                text10                         001F9E  000062  002000      3F3C       0  CODE        2
                stringtext4                    002000  000175  002175      4000       0  STRCODE     2
                text83                         0027DE  000001  0027DF      4FBC       0  CODE        2
                text35                         0027DF  000005  0027E4      4FBE       0  CODE        2
                text22                         0027E4  000005  0027E9      4FC8       0  CODE        2
                text21                         0027E9  000005  0027EE      4FD2       0  CODE        2
                text68                         0027EE  000006  0027F4      4FDC       0  CODE        2
                clrtext                        0027F4  000006  0027FA      4FE8       0  CODE        2
                inittext                       0027FA  000006  002800      4FF4       0  CODE        2
                config                         008007  000005  00800C     1000E       0  CONFIG      2


UNUSED ADDRESS RANGES

        Name                Unused          Largest block    Delta
        BANK1            000EF-000EF               1           1
        BANK10           00520-0056F              50           1
        BANK11           005A0-005EF              50           1
        BANK12           00620-0066F              50           1
        BANK13           006A0-006EF              50           1
        BANK14           00720-0076F              50           1
        BANK15           007A0-007EF              50           1
        BANK16           00820-0086F              50           1
        BANK17           008A0-008EF              50           1
        BANK18           00920-0096F              50           1
        BANK19           009A0-009EF              50           1
        BANK2            0016F-0016F               1           1
        BANK20           00A20-00A6F              50           1
        BANK21           00AA0-00AEF              50           1
        BANK22           00B20-00B6F              50           1
        BANK23           00BA0-00BEF              50           1
        BANK24           00C20-00C6F              50           1
        BANK25           00CA0-00CBF              20           1
        BANK3            001CA-001EF              26           1
        BANK4            00220-0026F              50           1
        BANK5            002A0-002EF              50           1
        BANK6            00320-0036F              50           1
        BANK7            003A0-003EF              50           1
        BANK8            00420-0046F              50           1
        BANK9            004A0-004EF              50           1
        BIGRAM           02000-027EF             7F0           1
        CODE             02175-027DD             669           2
                         02800-03FFF             800
        CONST            02175-027DD             100           2
                         02800-03FFF             100
        ENTRY            02175-027DD             100           2
                         02800-03FFF             100
        IDLOC            08000-08003               4           2
        RAM              000EF-000EF               1           1
                         0016F-0016F               1
                         001CA-001EF              26
                         00220-0026F              50
                         002A0-002EF              50
                         00320-0036F              50
                         003A0-003EF              50
                         00420-0046F              50
                         004A0-004EF              50
                         00520-0056F              50
                         005A0-005EF              50
                         00620-0066F              50
                         006A0-006EF              50
                         00720-0076F              50
                         007A0-007EF              50
                         00820-0086F              50
                         008A0-008EF              50
                         00920-0096F              50
                         009A0-009EF              50
                         00A20-00A6F              50
                         00AA0-00AEF              50
                         00B20-00B6F              50
                         00BA0-00BEF              50
                         00C20-00C6F              50
                         00CA0-00CBF              20
        SFR0             00000-0001F              20           1
        SFR1             00080-0009F              20           1
        SFR10            00500-0051F              20           1
        SFR11            00580-0059F              20           1
        SFR12            00600-0061F              20           1
        SFR13            00680-0069F              20           1
        SFR14            00700-0071F              20           1
        SFR15            00780-0079F              20           1
        SFR16            00800-0081F              20           1
        SFR17            00880-0089F              20           1
        SFR18            00900-0091F              20           1
        SFR19            00980-0099F              20           1
        SFR2             00100-0011F              20           1
        SFR20            00A00-00A1F              20           1
        SFR21            00A80-00A9F              20           1
        SFR22            00B00-00B1F              20           1
        SFR23            00B80-00B9F              20           1
        SFR24            00C00-00C1F              20           1
        SFR25            00C80-00C9F              20           1
        SFR26            00D00-00D6F              70           1
        SFR27            00D80-00DEF              70           1
        SFR28            00E00-00E6F              70           1
        SFR29            00E80-00EEF              70           1
        SFR3             00180-0019F              20           1
        SFR30            00F00-00F6F              70           1
        SFR31            00F80-00FEF              70           1
        SFR32            01000-0106F              70           1
        SFR33            01080-010EF              70           1
        SFR34            01100-0116F              70           1
        SFR35            01180-011EF              70           1
        SFR36            01200-0126F              70           1
        SFR37            01280-012EF              70           1
        SFR38            01300-0136F              70           1
        SFR39            01380-013EF              70           1
        SFR4             00200-0021F              20           1
        SFR40            01400-0146F              70           1
        SFR41            01480-014EF              70           1
        SFR42            01500-0156F              70           1
        SFR43            01580-015EF              70           1
        SFR44            01600-0166F              70           1
        SFR45            01680-016EF              70           1
        SFR46            01700-0176F              70           1
        SFR47            01780-017EF              70           1
        SFR48            01800-0186F              70           1
        SFR49            01880-018EF              70           1
        SFR5             00280-0029F              20           1
        SFR50            01900-0196F              70           1
        SFR51            01980-019EF              70           1
        SFR52            01A00-01A6F              70           1
        SFR53            01A80-01AEF              70           1
        SFR54            01B00-01B6F              70           1
        SFR55            01B80-01BEF              70           1
        SFR56            01C00-01C6F              70           1
        SFR57            01C80-01CEF              70           1
        SFR58            01D00-01D6F              70           1
        SFR59            01D80-01DEF              70           1
        SFR6             00300-0031F              20           1
        SFR60            01E00-01E6F              70           1
        SFR61            01E80-01EEF              70           1
        SFR62            01F00-01F6F              70           1
        SFR63            01F80-01FEF              70           1
        SFR7             00380-0039F              20           1
        SFR8             00400-0041F              20           1
        SFR9             00480-0049F              20           1
        STACK            0211A-027EF             6D6           1
        STRCODE          02175-027DD             669           2
                         02800-03FFF            1800
        STRING           02175-027DD             100           2
                         02800-03FFF             100

                                  Symbol Table

?_ADC_GetConversion                            cstackBANK0  00020
?__Umul8_16                                    cstackBANK0  00020
?___awdiv                                      cstackBANK0  00020
?___awmod                                      cstackBANK0  00020
?___fladd                                      cstackBANK1  000B2
?___fldiv                                      cstackBANK0  00067
?___flmul                                      cstackBANK0  00033
?___flneg                                      cstackBANK0  00063
?___fltol                                      cstackBANK0  0004D
?___lldiv                                      cstackBANK0  0002C
?___lmul                                       cstackBANK0  00020
?___lwdiv                                      cstackBANK0  00020
?___lwmod                                      cstackBANK0  00028
?___wmul                                       cstackBANK0  00020
?___xxtofl                                     cstackBANK0  00020
?_eval_poly                                    cstackBANK1  000CA
?_frexp                                        cstackBANK0  0002C
?_get_battery_volt                             cstackBANK0  0003A
?_get_current                                  cstackBANK0  0003A
?_log                                          cstackBANK1  000DC
?_log10                                        cstackBANK1  000E3
?_round                                        cstackBANK1  000CA
?_sprintf                                      cstackBANK0  0002E
?_trunc                                        cstackBANK0  00058
ADC_GetConversion@channel                      cstackBANK0  00023
EUSART1_Read@readValue                         cstackBANK0  00021
EUSART1_SetRxInterruptHandler@interruptHandler cstackBANK0  00020
EUSART1_SetTxInterruptHandler@interruptHandler cstackBANK0  00020
IOCAF4_SetInterruptHandler@InterruptHandler    cstackBANK0  00020
IOCAF5_SetInterruptHandler@InterruptHandler    cstackBANK0  00020
IOCAF7_SetInterruptHandler@InterruptHandler    cstackBANK0  00020
IOCCF2_SetInterruptHandler@InterruptHandler    cstackBANK0  00020
OLED_command@value                             cstackBANK0  00026
OLED_print_xy@F7525                            dataBANK3    001C2
OLED_print_xy@col                              cstackBANK0  0002F
OLED_print_xy@row                              cstackBANK0  00027
OLED_print_xy@row_offsets                      cstackBANK0  0002B
OLED_print_xy@s                                cstackBANK0  00028
OLED_send@mode                                 cstackBANK0  00023
OLED_send@value                                cstackBANK0  00025
OLED_setCursor@F7519                           dataBANK3    001C6
OLED_waitForReady@busy                         cstackBANK0  00020
OLED_write4bits@value                          cstackBANK0  00022
OLED_write@value                               cstackBANK0  00026
TMR0_SetInterruptHandler@InterruptHandler      cstackBANK0  00020
TMR1_SetInterruptHandler@InterruptHandler      cstackBANK0  00020
TMR1_WriteTimer@timerVal                       cstackCOMMON 00070
_ADCON0                                        (abs)        0009D
_ADCON0bits                                    (abs)        0009D
_ADCON1                                        (abs)        0009E
_ADC_GetConversion                             text11       019B8
_ADC_Initialize                                text54       01808
_ADRESH                                        (abs)        0009C
_ADRESL                                        (abs)        0009B
_ANSELA                                        (abs)        01F38
_ANSELB                                        (abs)        01F43
_ANSELC                                        (abs)        01F4E
_BAUD1CON                                      (abs)        0011F
_EUSART1_Initialize                            text51       01A8D
_EUSART1_Read                                  text61       01AB9
_EUSART1_Receive_ISR                           text86       019D9
_EUSART1_RxDefaultInterruptHandler             nvBANK3      001BE
_EUSART1_SetRxInterruptHandler                 text53       01829
_EUSART1_SetTxInterruptHandler                 text52       01832
_EUSART1_Transmit_ISR                          text85       019FB
_EUSART1_TxDefaultInterruptHandler             nvBANK3      001C0
_INTCONbits                                    (abs)        0000B
_INTERRUPT_InterruptManager                    intentry     00004
_IOCAF4_DefaultInterruptHandler                text81       01000
_IOCAF4_ISR                                    text84       018CA
_IOCAF4_InterruptHandler                       nvBANK2      0016C
_IOCAF4_SetInterruptHandler                    text49       0183B
_IOCAF5_DefaultInterruptHandler                text83       027DE
_IOCAF5_ISR                                    text80       018DA
_IOCAF5_InterruptHandler                       nvBANK2      0016A
_IOCAF5_SetInterruptHandler                    text48       01844
_IOCAF7_DefaultInterruptHandler                text78       00002
_IOCAF7_ISR                                    text77       018EA
_IOCAF7_InterruptHandler                       nvBANK2      00168
_IOCAF7_SetInterruptHandler                    text47       0184D
_IOCAFbits                                     (abs)        01F3F
_IOCANbits                                     (abs)        01F3E
_IOCAPbits                                     (abs)        01F3D
_IOCCF2_DefaultInterruptHandler                text74       00003
_IOCCF2_ISR                                    text73       01004
_IOCCF2_InterruptHandler                       nvBANK3      001BC
_IOCCF2_SetInterruptHandler                    text46       01856
_IOCCFbits                                     (abs)        01F55
_IOCCNbits                                     (abs)        01F54
_IOCCPbits                                     (abs)        01F53
_LATA                                          (abs)        00018
_LATAbits                                      (abs)        00018
_LATB                                          (abs)        00019
_LATBbits                                      (abs)        00019
_LATC                                          (abs)        0001A
_LATCbits                                      (abs)        0001A
_ODCONA                                        (abs)        01F3A
_ODCONB                                        (abs)        01F45
_ODCONC                                        (abs)        01F50
_OLED_command                                  text56       0187B
_OLED_init                                     text55       01014
_OLED_print_xy                                 text36       01B1A
_OLED_pulseEnable                              text60       01800
_OLED_returnHome                               text35       027DF
_OLED_scrollDisplayLeft                        text22       027E4
_OLED_scrollDisplayRight                       text21       027E9
_OLED_send                                     text58       0194A
_OLED_waitForReady                             text57       0197C
_OLED_write                                    text37       01886
_OLED_write4bits                               text59       01C3C
_OSCCON1                                       (abs)        0088D
_OSCCON3                                       (abs)        0088F
_OSCEN                                         (abs)        00891
_OSCFRQ                                        (abs)        00893
_OSCILLATOR_Initialize                         text50       01871
_OSCSTAT                                       (abs)        00890
_OSCTUNE                                       (abs)        00892
_PIE0bits                                      (abs)        00716
_PIE3bits                                      (abs)        00719
_PIE4bits                                      (abs)        0071A
_PIN_MANAGER_IOC                               text72       01A41
_PIN_MANAGER_Initialize                        text45       01D97
_PIR0bits                                      (abs)        0070C
_PIR3bits                                      (abs)        0070F
_PIR4bits                                      (abs)        00710
_PMD0                                          (abs)        00796
_PMD1                                          (abs)        00797
_PMD2                                          (abs)        00798
_PMD3                                          (abs)        00799
_PMD4                                          (abs)        0079A
_PMD5                                          (abs)        0079B
_PMD_Initialize                                text44       01810
_PORTAbits                                     (abs)        0000C
_PORTCbits                                     (abs)        0000E
_RC1REG                                        (abs)        00119
_RC1STA                                        (abs)        0011D
_RC1STAbits                                    (abs)        0011D
_RC6PPS                                        (abs)        01F26
_RX1DTPPSbits                                  (abs)        01ECB
_SP1BRGH                                       (abs)        0011C
_SP1BRGL                                       (abs)        0011B
_SYSTEM_Initialize                             text39       01934
_T0CON0                                        (abs)        0059E
_T0CON0bits                                    (abs)        0059E
_T0CON1                                        (abs)        0059F
_T1CLK                                         (abs)        00211
_T1CON                                         (abs)        0020E
_T1CONbits                                     (abs)        0020E
_T1GATE                                        (abs)        00210
_T1GCON                                        (abs)        0020F
_T1GCONbits                                    (abs)        0020F
_TMR0H                                         (abs)        0059D
_TMR0L                                         (abs)        0059C
_TMR0_CallBack                                 text69       01892
_TMR0_DefaultInterruptHandler                  text70       007FF
_TMR0_ISR                                      text68       027EE
_TMR0_Initialize                               text42       0190A
_TMR0_InterruptHandler                         nvBANK3      001BA
_TMR0_SetInterruptHandler                      text43       0185F
_TMR1H                                         (abs)        0020D
_TMR1L                                         (abs)        0020C
_TMR1_CallBack                                 text65       018A0
_TMR1_DefaultInterruptHandler                  text66       007FE
_TMR1_ISR                                      text63       018AE
_TMR1_Initialize                               text40       01999
_TMR1_InterruptHandler                         nvBANK3      001B8
_TMR1_SetInterruptHandler                      text41       01868
_TMR1_StartTimer                               text34       00800
_TMR1_StopTimer                                text76       01001
_TMR1_WriteTimer                               text64       007EC
_TRISA                                         (abs)        00012
_TRISB                                         (abs)        00013
_TRISC                                         (abs)        00014
_TRISCbits                                     (abs)        00014
_TX1REG                                        (abs)        0011A
_TX1STA                                        (abs)        0011E
_TX1STAbits                                    (abs)        0011E
_WPUA                                          (abs)        01F39
_WPUB                                          (abs)        01F44
_WPUC                                          (abs)        01F4F
_WPUE                                          (abs)        01F65
__CFG_BBEN$OFF                                 (abs)        00000
__CFG_BBSIZE$BB512                             (abs)        00000
__CFG_BOREN$ON                                 (abs)        00000
__CFG_BORV$LO                                  (abs)        00000
__CFG_CLKOUTEN$OFF                             (abs)        00000
__CFG_CP$OFF                                   (abs)        00000
__CFG_CSWEN$ON                                 (abs)        00000
__CFG_FCMEN$ON                                 (abs)        00000
__CFG_FEXTOSC$OFF                              (abs)        00000
__CFG_LPBOREN$OFF                              (abs)        00000
__CFG_LVP$ON                                   (abs)        00000
__CFG_MCLRE$ON                                 (abs)        00000
__CFG_PPS1WAY$ON                               (abs)        00000
__CFG_PWRTE$OFF                                (abs)        00000
__CFG_RSTOSC$HFINT1                            (abs)        00000
__CFG_SAFEN$OFF                                (abs)        00000
__CFG_STVREN$ON                                (abs)        00000
__CFG_WDTCCS$SC                                (abs)        00000
__CFG_WDTCPS$WDTCPS_31                         (abs)        00000
__CFG_WDTCWS$WDTCWS_7                          (abs)        00000
__CFG_WDTE$OFF                                 (abs)        00000
__CFG_WRTAPP$OFF                               (abs)        00000
__CFG_WRTB$OFF                                 (abs)        00000
__CFG_WRTC$OFF                                 (abs)        00000
__CFG_WRTSAF$OFF                               (abs)        00000
__CFG_ZCD$OFF                                  (abs)        00000
__Habs1                                        abs1         00000
__Hbank0                                       bank0        00000
__Hbank1                                       bank1        00000
__Hbank10                                      bank10       00000
__Hbank11                                      bank11       00000
__Hbank12                                      bank12       00000
__Hbank13                                      bank13       00000
__Hbank14                                      bank14       00000
__Hbank15                                      bank15       00000
__Hbank16                                      bank16       00000
__Hbank17                                      bank17       00000
__Hbank18                                      bank18       00000
__Hbank19                                      bank19       00000
__Hbank2                                       bank2        00000
__Hbank20                                      bank20       00000
__Hbank21                                      bank21       00000
__Hbank22                                      bank22       00000
__Hbank23                                      bank23       00000
__Hbank24                                      bank24       00000
__Hbank25                                      bank25       00000
__Hbank26                                      bank26       00000
__Hbank27                                      bank27       00000
__Hbank28                                      bank28       00000
__Hbank29                                      bank29       00000
__Hbank3                                       bank3        00000
__Hbank30                                      bank30       00000
__Hbank31                                      bank31       00000
__Hbank32                                      bank32       00000
__Hbank33                                      bank33       00000
__Hbank34                                      bank34       00000
__Hbank35                                      bank35       00000
__Hbank36                                      bank36       00000
__Hbank37                                      bank37       00000
__Hbank38                                      bank38       00000
__Hbank39                                      bank39       00000
__Hbank4                                       bank4        00000
__Hbank40                                      bank40       00000
__Hbank41                                      bank41       00000
__Hbank42                                      bank42       00000
__Hbank43                                      bank43       00000
__Hbank44                                      bank44       00000
__Hbank45                                      bank45       00000
__Hbank46                                      bank46       00000
__Hbank47                                      bank47       00000
__Hbank48                                      bank48       00000
__Hbank49                                      bank49       00000
__Hbank5                                       bank5        00000
__Hbank50                                      bank50       00000
__Hbank51                                      bank51       00000
__Hbank52                                      bank52       00000
__Hbank53                                      bank53       00000
__Hbank54                                      bank54       00000
__Hbank55                                      bank55       00000
__Hbank56                                      bank56       00000
__Hbank57                                      bank57       00000
__Hbank58                                      bank58       00000
__Hbank59                                      bank59       00000
__Hbank6                                       bank6        00000
__Hbank60                                      bank60       00000
__Hbank61                                      bank61       00000
__Hbank62                                      bank62       00000
__Hbank63                                      bank63       00000
__Hbank7                                       bank7        00000
__Hbank8                                       bank8        00000
__Hbank9                                       bank9        00000
__Hbigram                                      bigram       00000
__HbssBANK0                                    bssBANK0     00000
__HbssBANK1                                    bssBANK1     00000
__HbssBANK2                                    bssBANK2     00000
__HbssBANK3                                    bssBANK3     00000
__HbssCOMMON                                   bssCOMMON    00000
__Hcinit                                       cinit        0007F
__Hclrtext                                     clrtext      00000
__Hcode                                        code         00000
__Hcommon                                      common       00000
__Hconfig                                      config       0800C
__HcstackBANK0                                 cstackBANK0  00000
__HcstackBANK1                                 cstackBANK1  00000
__HcstackBANK2                                 cstackBANK2  00000
__HcstackCOMMON                                cstackCOMMON 00000
__HdataBANK3                                   dataBANK3    00000
__Heeprom_data                                 eeprom_data  00000
__Hend_init                                    end_init     00056
__Hfunctab                                     functab      00000
__HidataBANK3                                  idataBANK3   00000
__Hidloc                                       idloc        00000
__Hinit                                        init         00054
__Hinittext                                    inittext     00000
__Hintentry                                    intentry     00054
__Hmaintext                                    maintext     00000
__HnvBANK2                                     nvBANK2      00000
__HnvBANK3                                     nvBANK3      00000
__Hpowerup                                     powerup      00000
__Hram                                         ram          00000
__Hreset_vec                                   reset_vec    00002
__Hsfr0                                        sfr0         00000
__Hsfr1                                        sfr1         00000
__Hsfr10                                       sfr10        00000
__Hsfr11                                       sfr11        00000
__Hsfr12                                       sfr12        00000
__Hsfr13                                       sfr13        00000
__Hsfr14                                       sfr14        00000
__Hsfr15                                       sfr15        00000
__Hsfr16                                       sfr16        00000
__Hsfr17                                       sfr17        00000
__Hsfr18                                       sfr18        00000
__Hsfr19                                       sfr19        00000
__Hsfr2                                        sfr2         00000
__Hsfr20                                       sfr20        00000
__Hsfr21                                       sfr21        00000
__Hsfr22                                       sfr22        00000
__Hsfr23                                       sfr23        00000
__Hsfr24                                       sfr24        00000
__Hsfr25                                       sfr25        00000
__Hsfr26                                       sfr26        00000
__Hsfr27                                       sfr27        00000
__Hsfr28                                       sfr28        00000
__Hsfr29                                       sfr29        00000
__Hsfr3                                        sfr3         00000
__Hsfr30                                       sfr30        00000
__Hsfr31                                       sfr31        00000
__Hsfr32                                       sfr32        00000
__Hsfr33                                       sfr33        00000
__Hsfr34                                       sfr34        00000
__Hsfr35                                       sfr35        00000
__Hsfr36                                       sfr36        00000
__Hsfr37                                       sfr37        00000
__Hsfr38                                       sfr38        00000
__Hsfr39                                       sfr39        00000
__Hsfr4                                        sfr4         00000
__Hsfr40                                       sfr40        00000
__Hsfr41                                       sfr41        00000
__Hsfr42                                       sfr42        00000
__Hsfr43                                       sfr43        00000
__Hsfr44                                       sfr44        00000
__Hsfr45                                       sfr45        00000
__Hsfr46                                       sfr46        00000
__Hsfr47                                       sfr47        00000
__Hsfr48                                       sfr48        00000
__Hsfr49                                       sfr49        00000
__Hsfr5                                        sfr5         00000
__Hsfr50                                       sfr50        00000
__Hsfr51                                       sfr51        00000
__Hsfr52                                       sfr52        00000
__Hsfr53                                       sfr53        00000
__Hsfr54                                       sfr54        00000
__Hsfr55                                       sfr55        00000
__Hsfr56                                       sfr56        00000
__Hsfr57                                       sfr57        00000
__Hsfr58                                       sfr58        00000
__Hsfr59                                       sfr59        00000
__Hsfr6                                        sfr6         00000
__Hsfr60                                       sfr60        00000
__Hsfr61                                       sfr61        00000
__Hsfr62                                       sfr62        00000
__Hsfr63                                       sfr63        00000
__Hsfr7                                        sfr7         00000
__Hsfr8                                        sfr8         00000
__Hsfr9                                        sfr9         00000
__Hspace_0                                     (abs)        0800C
__Hspace_1                                     (abs)        001CA
__Hspace_2                                     (abs)        00000
__Hspace_3                                     (abs)        00000
__Hstack                                       stack        00000
__Hstrings                                     strings      00000
__Hstringtext1                                 stringtext1  00000
__Hstringtext10                                stringtext10 00000
__Hstringtext11                                stringtext11 00000
__Hstringtext12                                stringtext12 00000
__Hstringtext13                                stringtext13 00000
__Hstringtext14                                stringtext14 00000
__Hstringtext15                                stringtext15 00000
__Hstringtext16                                stringtext16 00000
__Hstringtext17                                stringtext17 00000
__Hstringtext18                                stringtext18 00000
__Hstringtext19                                stringtext19 00000
__Hstringtext2                                 stringtext2  00000
__Hstringtext20                                stringtext20 00000
__Hstringtext3                                 stringtext3  00000
__Hstringtext4                                 stringtext4  00000
__Hstringtext5                                 stringtext5  00000
__Hstringtext6                                 stringtext6  00000
__Hstringtext7                                 stringtext7  00000
__Hstringtext8                                 stringtext8  00000
__Hstringtext9                                 stringtext9  00000
__Htext                                        text         00000
__Labs1                                        abs1         00000
__Lbank0                                       bank0        00000
__Lbank1                                       bank1        00000
__Lbank10                                      bank10       00000
__Lbank11                                      bank11       00000
__Lbank12                                      bank12       00000
__Lbank13                                      bank13       00000
__Lbank14                                      bank14       00000
__Lbank15                                      bank15       00000
__Lbank16                                      bank16       00000
__Lbank17                                      bank17       00000
__Lbank18                                      bank18       00000
__Lbank19                                      bank19       00000
__Lbank2                                       bank2        00000
__Lbank20                                      bank20       00000
__Lbank21                                      bank21       00000
__Lbank22                                      bank22       00000
__Lbank23                                      bank23       00000
__Lbank24                                      bank24       00000
__Lbank25                                      bank25       00000
__Lbank26                                      bank26       00000
__Lbank27                                      bank27       00000
__Lbank28                                      bank28       00000
__Lbank29                                      bank29       00000
__Lbank3                                       bank3        00000
__Lbank30                                      bank30       00000
__Lbank31                                      bank31       00000
__Lbank32                                      bank32       00000
__Lbank33                                      bank33       00000
__Lbank34                                      bank34       00000
__Lbank35                                      bank35       00000
__Lbank36                                      bank36       00000
__Lbank37                                      bank37       00000
__Lbank38                                      bank38       00000
__Lbank39                                      bank39       00000
__Lbank4                                       bank4        00000
__Lbank40                                      bank40       00000
__Lbank41                                      bank41       00000
__Lbank42                                      bank42       00000
__Lbank43                                      bank43       00000
__Lbank44                                      bank44       00000
__Lbank45                                      bank45       00000
__Lbank46                                      bank46       00000
__Lbank47                                      bank47       00000
__Lbank48                                      bank48       00000
__Lbank49                                      bank49       00000
__Lbank5                                       bank5        00000
__Lbank50                                      bank50       00000
__Lbank51                                      bank51       00000
__Lbank52                                      bank52       00000
__Lbank53                                      bank53       00000
__Lbank54                                      bank54       00000
__Lbank55                                      bank55       00000
__Lbank56                                      bank56       00000
__Lbank57                                      bank57       00000
__Lbank58                                      bank58       00000
__Lbank59                                      bank59       00000
__Lbank6                                       bank6        00000
__Lbank60                                      bank60       00000
__Lbank61                                      bank61       00000
__Lbank62                                      bank62       00000
__Lbank63                                      bank63       00000
__Lbank7                                       bank7        00000
__Lbank8                                       bank8        00000
__Lbank9                                       bank9        00000
__Lbigram                                      bigram       00000
__LbssBANK0                                    bssBANK0     00000
__LbssBANK1                                    bssBANK1     00000
__LbssBANK2                                    bssBANK2     00000
__LbssBANK3                                    bssBANK3     00000
__LbssCOMMON                                   bssCOMMON    00000
__Lcinit                                       cinit        00056
[...]
      Locals:         0       0       0       0       0       0       0       0       0       0       0       0       0       0       0       0       0       0       0       0       0       0       0       0       0       0       0
      Temps:          0       0       0       0       0       0       0       0       0       0       0       0       0       0       0       0       0       0       0       0       0       0       0       0       0       0       0
      Totals:         0       0       0       0       0       0       0       0       0       0       0       0       0       0       0       0       0       0       0       0       0       0       0       0       0       0       0
Total ram usage:        0 bytes
 Hardware stack levels used:    1
 This function calls:
		Nothing
 This function is called by:
		_PIN_MANAGER_Initialize
		_IOCAF4_ISR
 This function uses a non-reentrant model


 *************** function _rot *****************
 Defined at:
		line 101 in file "main.c"
 Parameters:    Size  Location     Type
		None
 Auto vars:     Size  Location     Type
  input           1    7[COMMON] unsigned char 
 Return value:  Size  Location     Type
                  1    wreg      void 
 Registers used:
		wreg, fsr0l, fsr0h, status,2, status,0, pclath
 Tracked objects:
		On entry : 
		On exit  : 
		Unchanged: 
 Data sizes:     COMMON   BANK0   BANK1   BANK2   BANK3   BANK4   BANK5   BANK6   BANK7   BANK8   BANK9  BANK10  BANK11  BANK12  BANK13  BANK14  BANK15  BANK16  BANK17  BANK18  BANK19  BANK20  BANK21  BANK22  BANK23  BANK24  BANK25
      Params:         0       0       0       0       0       0       0       0       0       0       0       0       0       0       0       0       0       0       0       0       0       0       0       0       0       0       0
      Locals:         1       0       0       0       0       0       0       0       0       0       0       0       0       0       0       0       0       0       0       0       0       0       0       0       0       0       0
      Temps:          7       0       0       0       0       0       0       0       0       0       0       0       0       0       0       0       0       0       0       0       0       0       0       0       0       0       0
      Totals:         8       0       0       0       0       0       0       0       0       0       0       0       0       0       0       0       0       0       0       0       0       0       0       0       0       0       0
Total ram usage:        8 bytes
 Hardware stack levels used:    1
 This function calls:
		Nothing
 This function is called by:
		_main
		_IOCAF4_ISR
		_IOCAF5_ISR
 This function uses a non-reentrant model


 *************** function _IOCAF5_DefaultInterruptHandler *****************
 Defined at:
		line 224 in file "mcc_generated_files/pin_manager.c"
 Parameters:    Size  Location     Type
		None
 Auto vars:     Size  Location     Type
		None
 Return value:  Size  Location     Type
                  1    wreg      void 
 Registers used:
		None
 Tracked objects:
		On entry : 
		On exit  : 
		Unchanged: 
 Data sizes:     COMMON   BANK0   BANK1   BANK2   BANK3   BANK4   BANK5   BANK6   BANK7   BANK8   BANK9  BANK10  BANK11  BANK12  BANK13  BANK14  BANK15  BANK16  BANK17  BANK18  BANK19  BANK20  BANK21  BANK22  BANK23  BANK24  BANK25
      Params:         0       0       0       0       0       0       0       0       0       0       0       0       0       0       0       0       0       0       0       0       0       0       0       0       0       0       0
      Locals:         0       0       0       0       0       0       0       0       0       0       0       0       0       0       0       0       0       0       0       0       0       0       0       0       0       0       0
      Temps:          0       0       0       0       0       0       0       0       0       0       0       0       0       0       0       0       0       0       0       0       0       0       0       0       0       0       0
      Totals:         0       0       0       0       0       0       0       0       0       0       0       0       0       0       0       0       0       0       0       0       0       0       0       0       0       0       0
Total ram usage:        0 bytes
 Hardware stack levels used:    1
 This function calls:
		Nothing
 This function is called by:
		_PIN_MANAGER_Initialize
		_IOCAF5_ISR
 This function uses a non-reentrant model


 *************** function _IOCAF4_ISR *****************
 Defined at:
		line 172 in file "mcc_generated_files/pin_manager.c"
 Parameters:    Size  Location     Type
		None
 Auto vars:     Size  Location     Type
		None
 Return value:  Size  Location     Type
                  1    wreg      void 
 Registers used:
		wreg, fsr0l, fsr0h, status,2, status,0, pclath, cstack
 Tracked objects:
		On entry : 
		On exit  : 
		Unchanged: 
 Data sizes:     COMMON   BANK0   BANK1   BANK2   BANK3   BANK4   BANK5   BANK6   BANK7   BANK8   BANK9  BANK10  BANK11  BANK12  BANK13  BANK14  BANK15  BANK16  BANK17  BANK18  BANK19  BANK20  BANK21  BANK22  BANK23  BANK24  BANK25
      Params:         0       0       0       0       0       0       0       0       0       0       0       0       0       0       0       0       0       0       0       0       0       0       0       0       0       0       0
      Locals:         0       0       0       0       0       0       0       0       0       0       0       0       0       0       0       0       0       0       0       0       0       0       0       0       0       0       0
      Temps:          0       0       0       0       0       0       0       0       0       0       0       0       0       0       0       0       0       0       0       0       0       0       0       0       0       0       0
      Totals:         0       0       0       0       0       0       0       0       0       0       0       0       0       0       0       0       0       0       0       0       0       0       0       0       0       0       0
Total ram usage:        0 bytes
 Hardware stack levels used:    1
 Hardware stack levels required when called:    1
 This function calls:
		Absolute function
		_IOCAF4_DefaultInterruptHandler
		_rot
 This function is called by:
		_PIN_MANAGER_IOC
 This function uses a non-reentrant model


 *************** function _EUSART1_Transmit_ISR *****************
 Defined at:
		line 172 in file "mcc_generated_files/eusart1.c"
 Parameters:    Size  Location     Type
		None
 Auto vars:     Size  Location     Type
		None
 Return value:  Size  Location     Type
                  1    wreg      void 
 Registers used:
		wreg, fsr1l, fsr1h, status,2, status,0
 Tracked objects:
		On entry : 
		On exit  : 
		Unchanged: 
 Data sizes:     COMMON   BANK0   BANK1   BANK2   BANK3   BANK4   BANK5   BANK6   BANK7   BANK8   BANK9  BANK10  BANK11  BANK12  BANK13  BANK14  BANK15  BANK16  BANK17  BANK18  BANK19  BANK20  BANK21  BANK22  BANK23  BANK24  BANK25
      Params:         0       0       0       0       0       0       0       0       0       0       0       0       0       0       0       0       0       0       0       0       0       0       0       0       0       0       0
      Locals:         0       0       0       0       0       0       0       0       0       0       0       0       0       0       0       0       0       0       0       0       0       0       0       0       0       0       0
      Temps:          1       0       0       0       0       0       0       0       0       0       0       0       0       0       0       0       0       0       0       0       0       0       0       0       0       0       0
      Totals:         1       0       0       0       0       0       0       0       0       0       0       0       0       0       0       0       0       0       0       0       0       0       0       0       0       0       0
Total ram usage:        1 bytes
 Hardware stack levels used:    1
 This function calls:
		Nothing
 This function is called by:
		_EUSART1_Initialize
		_INTERRUPT_InterruptManager
 This function uses a non-reentrant model


 *************** function _EUSART1_Receive_ISR *****************
 Defined at:
		line 191 in file "mcc_generated_files/eusart1.c"
 Parameters:    Size  Location     Type
		None
 Auto vars:     Size  Location     Type
		None
 Return value:  Size  Location     Type
                  1    wreg      void 
 Registers used:
		wreg, fsr1l, fsr1h, status,2, status,0
 Tracked objects:
		On entry : 
		On exit  : 
		Unchanged: 
 Data sizes:     COMMON   BANK0   BANK1   BANK2   BANK3   BANK4   BANK5   BANK6   BANK7   BANK8   BANK9  BANK10  BANK11  BANK12  BANK13  BANK14  BANK15  BANK16  BANK17  BANK18  BANK19  BANK20  BANK21  BANK22  BANK23  BANK24  BANK25
      Params:         0       0       0       0       0       0       0       0       0       0       0       0       0       0       0       0       0       0       0       0       0       0       0       0       0       0       0
      Locals:         0       0       0       0       0       0       0       0       0       0       0       0       0       0       0       0       0       0       0       0       0       0       0       0       0       0       0
      Temps:          1       0       0       0       0       0       0       0       0       0       0       0       0       0       0       0       0       0       0       0       0       0       0       0       0       0       0
      Totals:         1       0       0       0       0       0       0       0       0       0       0       0       0       0       0       0       0       0       0       0       0       0       0       0       0       0       0
Total ram usage:        1 bytes
 Hardware stack levels used:    1
 This function calls:
		Nothing
 This function is called by:
		_EUSART1_Initialize
		_INTERRUPT_InterruptManager
 This function uses a non-reentrant model



MODULE INFORMATION

Module		Function		Class		Link	Load	Size
C:\Program Files (x86)\Microchip\xc8\v2.00\pic\sources\c90\common\fleq.c
		___fleq        		CODE           	1DE6	0000	82

C:\Program Files (x86)\Microchip\xc8\v2.00\pic\sources\c90\common\fleq.c estimated size: 82

C:\Program Files (x86)\Microchip\xc8\v2.00\pic\sources\c90\common\lwmod.c
		___lwmod       		CODE           	1BC3	0000	61

C:\Program Files (x86)\Microchip\xc8\v2.00\pic\sources\c90\common\lwmod.c estimated size: 61

C:\Program Files (x86)\Microchip\xc8\v2.00\pic\sources\c90\common\awmod.c
		___awmod       		CODE           	1EDF	0000	95

C:\Program Files (x86)\Microchip\xc8\v2.00\pic\sources\c90\common\awmod.c estimated size: 95

C:\Program Files (x86)\Microchip\xc8\v2.00\pic\sources\c90\common\doprnt.c
		_sprintf       		CODE           	1614	0000	493

C:\Program Files (x86)\Microchip\xc8\v2.00\pic\sources\c90\common\doprnt.c estimated size: 493

C:\Program Files (x86)\Microchip\xc8\v2.00\pic\sources\c90\common\sprcmul.c
		___flmul       		CODE           	0B23	0000	620

C:\Program Files (x86)\Microchip\xc8\v2.00\pic\sources\c90\common\sprcmul.c estimated size: 620

mcc_generated_files/interrupt_manager.c
		_INTERRUPT_InterruptManager		CODE           	0004	0000	81

mcc_generated_files/interrupt_manager.c estimated size: 81

C:\Program Files (x86)\Microchip\xc8\v2.00\pic\sources\c90\common\sprcdiv.c
		___fldiv       		CODE           	08EB	0000	569

C:\Program Files (x86)\Microchip\xc8\v2.00\pic\sources\c90\common\sprcdiv.c estimated size: 569

mcc_generated_files/tmr0.c
		_TMR0_SetInterruptHandler		CODE           	185F	0000	10
		_TMR0_DefaultInterruptHandler		CODE           	07FF	0000	2
		_TMR0_CallBack 		CODE           	1892	0000	15
		_TMR0_ISR      		CODE           	27EE	0000	7
		_TMR0_Initialize		CODE           	190A	0000	22

mcc_generated_files/tmr0.c estimated size: 56

C:\Program Files (x86)\Microchip\xc8\v2.00\pic\sources\c90\common\frexp.c
		_frexp         		CODE           	1E37	0000	85

C:\Program Files (x86)\Microchip\xc8\v2.00\pic\sources\c90\common\frexp.c estimated size: 85

C:\Program Files (x86)\Microchip\xc8\v2.00\pic\sources\c90\common\Umul16.c
		___wmul        		CODE           	1A1E	0000	36

C:\Program Files (x86)\Microchip\xc8\v2.00\pic\sources\c90\common\Umul16.c estimated size: 36

mcc_generated_files/pin_manager.c
		_IOCAF5_SetInterruptHandler		CODE           	1844	0000	10
		_PIN_MANAGER_Initialize		CODE           	1D97	0000	80
		_IOCCF2_SetInterruptHandler		CODE           	1856	0000	10
		_IOCAF4_DefaultInterruptHandler		CODE           	1000	0000	2
		_IOCAF7_DefaultInterruptHandler		CODE           	0002	0000	2
		_IOCAF4_ISR    		CODE           	18CA	0000	17
		_IOCAF7_ISR    		CODE           	18EA	0000	17
		_IOCAF5_DefaultInterruptHandler		CODE           	27DE	0000	2
		_IOCAF5_ISR    		CODE           	18DA	0000	17
		_PIN_MANAGER_IOC		CODE           	1A41	0000	38
		_IOCAF4_SetInterruptHandler		CODE           	183B	0000	10
		_IOCAF7_SetInterruptHandler		CODE           	184D	0000	10
		_IOCCF2_DefaultInterruptHandler		CODE           	0003	0000	2
		_IOCCF2_ISR    		CODE           	1004	0000	17

mcc_generated_files/pin_manager.c estimated size: 234

mcc_generated_files/adc.c
		_ADC_Initialize		CODE           	1808	0000	9
		_ADC_GetConversion		CODE           	19B8	0000	34

mcc_generated_files/adc.c estimated size: 43

C:\Program Files (x86)\Microchip\xc8\v2.00\pic\sources\c90\common\__lldiv.c
		___lldiv       		CODE           	1F9E	0000	99

C:\Program Files (x86)\Microchip\xc8\v2.00\pic\sources\c90\common\__lldiv.c estimated size: 99

C:\Program Files (x86)\Microchip\xc8\v2.00\pic\sources\c90\common\lwdiv.c
		___lwdiv       		CODE           	1CBE	0000	69

C:\Program Files (x86)\Microchip\xc8\v2.00\pic\sources\c90\common\lwdiv.c estimated size: 69

C:\Program Files (x86)\Microchip\xc8\v2.00\pic\sources\c90\common\awdiv.c
		___awdiv       		CODE           	1077	0000	107

C:\Program Files (x86)\Microchip\xc8\v2.00\pic\sources\c90\common\awdiv.c estimated size: 107

C:\Program Files (x86)\Microchip\xc8\v2.00\pic\sources\c90\common\fltol.c
		___fltol       		CODE           	11F6	0000	150

C:\Program Files (x86)\Microchip\xc8\v2.00\pic\sources\c90\common\fltol.c estimated size: 150

C:\Program Files (x86)\Microchip\xc8\v2.00\pic\sources\c90\common\flge.c
		___flge        		CODE           	128B	0000	175

C:\Program Files (x86)\Microchip\xc8\v2.00\pic\sources\c90\common\flge.c estimated size: 175

C:\Program Files (x86)\Microchip\xc8\v2.00\pic\sources\c90\common\evalpoly.c
		_eval_poly     		CODE           	1164	0000	147

C:\Program Files (x86)\Microchip\xc8\v2.00\pic\sources\c90\common\evalpoly.c estimated size: 147

C:\Program Files (x86)\Microchip\xc8\v2.00\pic\sources\c90\common\Umul32.c
		___lmul        		CODE           	1B52	0000	57

C:\Program Files (x86)\Microchip\xc8\v2.00\pic\sources\c90\common\Umul32.c estimated size: 57

C:\Program Files (x86)\Microchip\xc8\v2.00\pic\sources\c90\common\isdigit.c
		_isdigit       		CODE           	191F	0000	22

C:\Program Files (x86)\Microchip\xc8\v2.00\pic\sources\c90\common\isdigit.c estimated size: 22

C:\Program Files (x86)\Microchip\xc8\v2.00\pic\sources\c90\common\sprcadd.c
		___fladd       		CODE           	0D8E	0000	627

C:\Program Files (x86)\Microchip\xc8\v2.00\pic\sources\c90\common\sprcadd.c estimated size: 627

C:\Program Files (x86)\Microchip\xc8\v2.00\pic\sources\c90\common\Umul8.c
		___bmul        		CODE           	1962	0000	27

C:\Program Files (x86)\Microchip\xc8\v2.00\pic\sources\c90\common\Umul8.c estimated size: 27

shared
		_transition_table		STRCODE        	20D9	0000	29
		_dpowers       		STRCODE        	213A	0000	11
		__initialization		CODE           	0056	0000	38
		log@coeff      		STRCODE        	2094	0000	37

shared estimated size: 115

mcc_generated_files/eusart1.c
		_EUSART1_SetRxInterruptHandler		CODE           	1829	0000	10
		_EUSART1_SetTxInterruptHandler		CODE           	1832	0000	10
		_EUSART1_Initialize		CODE           	1A8D	0000	45
		_EUSART1_Read  		CODE           	1AB9	0000	46
		_EUSART1_Receive_ISR		CODE           	19D9	0000	35
		_EUSART1_Transmit_ISR		CODE           	19FB	0000	36

mcc_generated_files/eusart1.c estimated size: 182

C:\Program Files (x86)\Microchip\xc8\v2.00\pic\sources\c90\common\xxtofl.c
		___xxtofl      		CODE           	1339	0000	182

C:\Program Files (x86)\Microchip\xc8\v2.00\pic\sources\c90\common\xxtofl.c estimated size: 182

mcc_generated_files/mcc.c
		_PMD_Initialize		CODE           	1810	0000	9
		_OSCILLATOR_Initialize		CODE           	1871	0000	11
		_SYSTEM_Initialize		CODE           	1934	0000	23

mcc_generated_files/mcc.c estimated size: 43

C:\Program Files (x86)\Microchip\xc8\v2.00\pic\sources\c90\common\log.c
		_log           		CODE           	14F7	0000	286
		_log10         		CODE           	1C7B	0000	68

C:\Program Files (x86)\Microchip\xc8\v2.00\pic\sources\c90\common\log.c estimated size: 354

mcc_generated_files/tmr1.c
		_TMR1_Initialize		CODE           	1999	0000	32
		_TMR1_SetInterruptHandler		CODE           	1868	0000	10
		_TMR1_StopTimer		CODE           	1001	0000	4
		_TMR1_DefaultInterruptHandler		CODE           	07FE	0000	2
		_TMR1_CallBack 		CODE           	18A0	0000	15
		_TMR1_WriteTimer		CODE           	07EC	0000	19
		_TMR1_StartTimer		CODE           	0800	0000	4
		_TMR1_ISR      		CODE           	18AE	0000	15

mcc_generated_files/tmr1.c estimated size: 101

oled.c
		_OLED_scrollDisplayRight		CODE           	27E9	0000	6
		_OLED_write    		CODE           	1886	0000	13
		_OLED_command  		CODE           	187B	0000	12
		_OLED_init     		CODE           	1014	0000	100
		_OLED_scrollDisplayLeft		CODE           	27E4	0000	6
		_OLED_write4bits		CODE           	1C3C	0000	64
		_OLED_waitForReady		CODE           	197C	0000	30
		_OLED_send     		CODE           	194A	0000	25
		_OLED_print_xy 		CODE           	1B1A	0000	57
		_OLED_pulseEnable		CODE           	1800	0000	9
		_OLED_returnHome		CODE           	27DF	0000	6

oled.c estimated size: 328

C:\Program Files (x86)\Microchip\xc8\v2.00\pic\sources\c90\common\trunc.c
		_trunc         		CODE           	1E8B	0000	85

C:\Program Files (x86)\Microchip\xc8\v2.00\pic\sources\c90\common\trunc.c estimated size: 85

C:\Program Files (x86)\Microchip\xc8\v2.00\pic\sources\c90\common\Umul8_16.c
		__Umul8_16     		CODE           	1A66	0000	40

C:\Program Files (x86)\Microchip\xc8\v2.00\pic\sources\c90\common\Umul8_16.c estimated size: 40

C:\Program Files (x86)\Microchip\xc8\v2.00\pic\sources\c90\common\flneg.c
		___flneg       		CODE           	18BC	0000	15

C:\Program Files (x86)\Microchip\xc8\v2.00\pic\sources\c90\common\flneg.c estimated size: 15

C:\Program Files (x86)\Microchip\xc8\v2.00\pic\sources\c90\common\round.c
		_round         		CODE           	10E1	0000	132

C:\Program Files (x86)\Microchip\xc8\v2.00\pic\sources\c90\common\round.c estimated size: 132

main.c
		_timer0        		CODE           	1820	0000	10
		_get_current   		CODE           	1B8A	0000	58
		_read_cur_volt 		CODE           	0803	0000	233
		_main          		CODE           	007F	0000	1073
		_read_ntc_temp 		CODE           	1D4C	0000	76
		_timer1        		CODE           	1D02	0000	75
		_check_status  		CODE           	13EE	0000	266
		_pushbutton    		CODE           	1F3D	0000	98
		_main_menu     		CODE           	04AF	0000	830
		_rot           		CODE           	1BFF	0000	62
		_overcurrent   		CODE           	18FA	0000	17
		_get_battery_volt		CODE           	1AE6	0000	53

main.c estimated size: 2851

